Component: ARM Compiler 5.06 update 6 (build 750) Tool: armlink [4d35ed]

==============================================================================

Section Cross References

    startup_stm32f103xb.o(RESET) refers to startup_stm32f103xb.o(STACK) for __initial_sp
    startup_stm32f103xb.o(RESET) refers to startup_stm32f103xb.o(.text) for Reset_Handler
    startup_stm32f103xb.o(RESET) refers to stm32f1xx_it.o(i.NMI_Handler) for NMI_Handler
    startup_stm32f103xb.o(RESET) refers to stm32f1xx_it.o(i.HardFault_Handler) for HardFault_Handler
    startup_stm32f103xb.o(RESET) refers to stm32f1xx_it.o(i.MemManage_Handler) for MemManage_Handler
    startup_stm32f103xb.o(RESET) refers to stm32f1xx_it.o(i.BusFault_Handler) for BusFault_Handler
    startup_stm32f103xb.o(RESET) refers to stm32f1xx_it.o(i.UsageFault_Handler) for UsageFault_Handler
    startup_stm32f103xb.o(RESET) refers to stm32f1xx_it.o(i.SVC_Handler) for SVC_Handler
    startup_stm32f103xb.o(RESET) refers to stm32f1xx_it.o(i.DebugMon_Handler) for DebugMon_Handler
    startup_stm32f103xb.o(RESET) refers to stm32f1xx_it.o(i.PendSV_Handler) for PendSV_Handler
    startup_stm32f103xb.o(RESET) refers to stm32f1xx_it.o(i.SysTick_Handler) for SysTick_Handler
    startup_stm32f103xb.o(RESET) refers to stm32f1xx_it.o(i.DMA1_Channel3_IRQHandler) for DMA1_Channel3_IRQHandler
    startup_stm32f103xb.o(RESET) refers to stm32f1xx_it.o(i.USB_LP_CAN1_RX0_IRQHandler) for USB_LP_CAN1_RX0_IRQHandler
    startup_stm32f103xb.o(RESET) refers to stm32f1xx_it.o(i.SPI1_IRQHandler) for SPI1_IRQHandler
    startup_stm32f103xb.o(.text) refers to system_stm32f1xx.o(i.SystemInit) for SystemInit
    startup_stm32f103xb.o(.text) refers to entry.o(.ARM.Collect$$$$00000000) for __main
    main.o(i.HAL_SPI_TxCpltCallback) refers to stm32f1xx_hal_gpio.o(i.HAL_GPIO_WritePin) for HAL_GPIO_WritePin
    main.o(i.SystemClock_Config) refers to memseta.o(.text) for __aeabi_memclr4
    main.o(i.SystemClock_Config) refers to stm32f1xx_hal_rcc.o(i.HAL_RCC_OscConfig) for HAL_RCC_OscConfig
    main.o(i.SystemClock_Config) refers to main.o(i.Error_Handler) for Error_Handler
    main.o(i.SystemClock_Config) refers to stm32f1xx_hal_rcc.o(i.HAL_RCC_ClockConfig) for HAL_RCC_ClockConfig
    main.o(i.SystemClock_Config) refers to stm32f1xx_hal_rcc_ex.o(i.HAL_RCCEx_PeriphCLKConfig) for HAL_RCCEx_PeriphCLKConfig
    main.o(i.main) refers to stm32f1xx_hal.o(i.HAL_Init) for HAL_Init
    main.o(i.main) refers to main.o(i.SystemClock_Config) for SystemClock_Config
    main.o(i.main) refers to gpio.o(i.MX_GPIO_Init) for MX_GPIO_Init
    main.o(i.main) refers to dma.o(i.MX_DMA_Init) for MX_DMA_Init
    main.o(i.main) refers to i2c.o(i.MX_I2C1_Init) for MX_I2C1_Init
    main.o(i.main) refers to spi.o(i.MX_SPI1_Init) for MX_SPI1_Init
    main.o(i.main) refers to rtc.o(i.MX_RTC_Init) for MX_RTC_Init
    main.o(i.main) refers to usart.o(i.MX_USART2_UART_Init) for MX_USART2_UART_Init
    main.o(i.main) refers to usb_device.o(i.MX_USB_DEVICE_Init) for MX_USB_DEVICE_Init
    main.o(i.main) refers to ssd1306.o(i.ssd1306_Init) for ssd1306_Init
    main.o(i.main) refers to ssd1306.o(i.ssd1306_Fill) for ssd1306_Fill
    main.o(i.main) refers to printf1.o(i.__0snprintf$1) for __2snprintf
    main.o(i.main) refers to ssd1306.o(i.ssd1306_SetCursor) for ssd1306_SetCursor
    main.o(i.main) refers to ssd1306.o(i.ssd1306_WriteString) for ssd1306_WriteString
    main.o(i.main) refers to ssd1306.o(i.ssd1306_DrawRectangle) for ssd1306_DrawRectangle
    main.o(i.main) refers to ssd1306.o(i.ssd1306_UpdateScreen) for ssd1306_UpdateScreen
    main.o(i.main) refers to main.o(.data) for loopcount
    main.o(i.main) refers to ssd1306_fonts.o(.data) for Font_16x26
    gpio.o(i.MX_GPIO_Init) refers to stm32f1xx_hal_gpio.o(i.HAL_GPIO_WritePin) for HAL_GPIO_WritePin
    gpio.o(i.MX_GPIO_Init) refers to stm32f1xx_hal_gpio.o(i.HAL_GPIO_Init) for HAL_GPIO_Init
    dma.o(i.MX_DMA_Init) refers to stm32f1xx_hal_cortex.o(i.HAL_NVIC_SetPriority) for HAL_NVIC_SetPriority
    dma.o(i.MX_DMA_Init) refers to stm32f1xx_hal_cortex.o(i.HAL_NVIC_EnableIRQ) for HAL_NVIC_EnableIRQ
    i2c.o(i.HAL_I2C_MspDeInit) refers to stm32f1xx_hal_gpio.o(i.HAL_GPIO_DeInit) for HAL_GPIO_DeInit
    i2c.o(i.HAL_I2C_MspInit) refers to stm32f1xx_hal_gpio.o(i.HAL_GPIO_Init) for HAL_GPIO_Init
    i2c.o(i.MX_I2C1_Init) refers to stm32f1xx_hal_i2c.o(i.HAL_I2C_Init) for HAL_I2C_Init
    i2c.o(i.MX_I2C1_Init) refers to main.o(i.Error_Handler) for Error_Handler
    i2c.o(i.MX_I2C1_Init) refers to i2c.o(.bss) for hi2c1
    rtc.o(i.HAL_RTC_MspInit) refers to stm32f1xx_hal_pwr.o(i.HAL_PWR_EnableBkUpAccess) for HAL_PWR_EnableBkUpAccess
    rtc.o(i.MX_RTC_Init) refers to stm32f1xx_hal_rtc.o(i.HAL_RTC_Init) for HAL_RTC_Init
    rtc.o(i.MX_RTC_Init) refers to main.o(i.Error_Handler) for Error_Handler
    rtc.o(i.MX_RTC_Init) refers to stm32f1xx_hal_rtc.o(i.HAL_RTC_SetTime) for HAL_RTC_SetTime
    rtc.o(i.MX_RTC_Init) refers to stm32f1xx_hal_rtc.o(i.HAL_RTC_SetDate) for HAL_RTC_SetDate
[...]
    i.HAL_PCD_IRQHandler                     0x08001506   Section        0  stm32f1xx_hal_pcd.o(i.HAL_PCD_IRQHandler)
    i.HAL_PCD_Init                           0x080016e8   Section        0  stm32f1xx_hal_pcd.o(i.HAL_PCD_Init)
    i.HAL_PCD_MspInit                        0x08001840   Section        0  usbd_conf.o(i.HAL_PCD_MspInit)
    i.HAL_PCD_ResetCallback                  0x08001884   Section        0  usbd_conf.o(i.HAL_PCD_ResetCallback)
    i.HAL_PCD_ResumeCallback                 0x080018a8   Section        0  usbd_conf.o(i.HAL_PCD_ResumeCallback)
    i.HAL_PCD_SOFCallback                    0x080018b6   Section        0  usbd_conf.o(i.HAL_PCD_SOFCallback)
    i.HAL_PCD_SetAddress                     0x080018c4   Section        0  stm32f1xx_hal_pcd.o(i.HAL_PCD_SetAddress)
    i.HAL_PCD_SetupStageCallback             0x080018fa   Section        0  usbd_conf.o(i.HAL_PCD_SetupStageCallback)
    i.HAL_PCD_Start                          0x0800190c   Section        0  stm32f1xx_hal_pcd.o(i.HAL_PCD_Start)
    i.HAL_PCD_SuspendCallback                0x08001948   Section        0  usbd_conf.o(i.HAL_PCD_SuspendCallback)
    i.HAL_PWR_EnableBkUpAccess               0x0800196c   Section        0  stm32f1xx_hal_pwr.o(i.HAL_PWR_EnableBkUpAccess)
    i.HAL_RCCEx_GetPeriphCLKFreq             0x08001978   Section        0  stm32f1xx_hal_rcc_ex.o(i.HAL_RCCEx_GetPeriphCLKFreq)
    i.HAL_RCCEx_PeriphCLKConfig              0x08001a90   Section        0  stm32f1xx_hal_rcc_ex.o(i.HAL_RCCEx_PeriphCLKConfig)
    i.HAL_RCC_ClockConfig                    0x08001bc0   Section        0  stm32f1xx_hal_rcc.o(i.HAL_RCC_ClockConfig)
    i.HAL_RCC_GetHCLKFreq                    0x08001d4c   Section        0  stm32f1xx_hal_rcc.o(i.HAL_RCC_GetHCLKFreq)
    i.HAL_RCC_GetPCLK1Freq                   0x08001d58   Section        0  stm32f1xx_hal_rcc.o(i.HAL_RCC_GetPCLK1Freq)
    i.HAL_RCC_GetPCLK2Freq                   0x08001d78   Section        0  stm32f1xx_hal_rcc.o(i.HAL_RCC_GetPCLK2Freq)
    i.HAL_RCC_GetSysClockFreq                0x08001d98   Section        0  stm32f1xx_hal_rcc.o(i.HAL_RCC_GetSysClockFreq)
    i.HAL_RCC_OscConfig                      0x08001e2c   Section        0  stm32f1xx_hal_rcc.o(i.HAL_RCC_OscConfig)
    i.HAL_RTC_Init                           0x08002290   Section        0  stm32f1xx_hal_rtc.o(i.HAL_RTC_Init)
    i.HAL_RTC_MspInit                        0x08002360   Section        0  rtc.o(i.HAL_RTC_MspInit)
    i.HAL_RTC_SetDate                        0x080023a0   Section        0  stm32f1xx_hal_rtc.o(i.HAL_RTC_SetDate)
    i.HAL_RTC_SetTime                        0x08002498   Section        0  stm32f1xx_hal_rtc.o(i.HAL_RTC_SetTime)
    i.HAL_RTC_WaitForSynchro                 0x08002574   Section        0  stm32f1xx_hal_rtc.o(i.HAL_RTC_WaitForSynchro)
    i.HAL_SPI_ErrorCallback                  0x080025b4   Section        0  stm32f1xx_hal_spi.o(i.HAL_SPI_ErrorCallback)
    i.HAL_SPI_IRQHandler                     0x080025b8   Section        0  stm32f1xx_hal_spi.o(i.HAL_SPI_IRQHandler)
    i.HAL_SPI_Init                           0x080026ec   Section        0  stm32f1xx_hal_spi.o(i.HAL_SPI_Init)
    i.HAL_SPI_MspInit                        0x080027ac   Section        0  spi.o(i.HAL_SPI_MspInit)
    i.HAL_SPI_Transmit                       0x08002880   Section        0  stm32f1xx_hal_spi.o(i.HAL_SPI_Transmit)
    i.HAL_SYSTICK_Config                     0x08002a2e   Section        0  stm32f1xx_hal_cortex.o(i.HAL_SYSTICK_Config)
    i.HAL_UART_Init                          0x08002a62   Section        0  stm32f1xx_hal_uart.o(i.HAL_UART_Init)
    i.HAL_UART_MspInit                       0x08002ad4   Section        0  usart.o(i.HAL_UART_MspInit)
    i.HardFault_Handler                      0x08002b58   Section        0  stm32f1xx_it.o(i.HardFault_Handler)
    i.IntToUnicode                           0x08002b5c   Section        0  usbd_desc.o(i.IntToUnicode)
    IntToUnicode                             0x08002b5d   Thumb Code    62  usbd_desc.o(i.IntToUnicode)
    i.MX_DMA_Init                            0x08002b9c   Section        0  dma.o(i.MX_DMA_Init)
    i.MX_GPIO_Init                           0x08002bd0   Section        0  gpio.o(i.MX_GPIO_Init)
    i.MX_I2C1_Init                           0x08002cbc   Section        0  i2c.o(i.MX_I2C1_Init)
    i.MX_RTC_Init                            0x08002cf8   Section        0  rtc.o(i.MX_RTC_Init)
    i.MX_SPI1_Init                           0x08002d6c   Section        0  spi.o(i.MX_SPI1_Init)
    i.MX_USART2_UART_Init                    0x08002db0   Section        0  usart.o(i.MX_USART2_UART_Init)
    i.MX_USB_DEVICE_Init                     0x08002de8   Section        0  usb_device.o(i.MX_USB_DEVICE_Init)
    i.MemManage_Handler                      0x08002e34   Section        0  stm32f1xx_it.o(i.MemManage_Handler)
    i.NMI_Handler                            0x08002e38   Section        0  stm32f1xx_it.o(i.NMI_Handler)
    i.PCD_EP_ISR_Handler                     0x08002e3a   Section        0  stm32f1xx_hal_pcd.o(i.PCD_EP_ISR_Handler)
    PCD_EP_ISR_Handler                       0x08002e3b   Thumb Code   994  stm32f1xx_hal_pcd.o(i.PCD_EP_ISR_Handler)
    i.PendSV_Handler                         0x0800321c   Section        0  stm32f1xx_it.o(i.PendSV_Handler)
    i.RCC_Delay                              0x08003220   Section        0  stm32f1xx_hal_rcc.o(i.RCC_Delay)
    RCC_Delay                                0x08003221   Thumb Code    36  stm32f1xx_hal_rcc.o(i.RCC_Delay)
    i.RTC_Bcd2ToByte                         0x08003248   Section        0  stm32f1xx_hal_rtc.o(i.RTC_Bcd2ToByte)
    RTC_Bcd2ToByte                           0x08003249   Thumb Code    22  stm32f1xx_hal_rtc.o(i.RTC_Bcd2ToByte)
    i.RTC_EnterInitMode                      0x0800325e   Section        0  stm32f1xx_hal_rtc.o(i.RTC_EnterInitMode)
    RTC_EnterInitMode                        0x0800325f   Thumb Code    58  stm32f1xx_hal_rtc.o(i.RTC_EnterInitMode)
    i.RTC_ExitInitMode                       0x08003298   Section        0  stm32f1xx_hal_rtc.o(i.RTC_ExitInitMode)
    RTC_ExitInitMode                         0x08003299   Thumb Code    58  stm32f1xx_hal_rtc.o(i.RTC_ExitInitMode)
    i.RTC_ReadAlarmCounter                   0x080032d2   Section        0  stm32f1xx_hal_rtc.o(i.RTC_ReadAlarmCounter)
    RTC_ReadAlarmCounter                     0x080032d3   Thumb Code    24  stm32f1xx_hal_rtc.o(i.RTC_ReadAlarmCounter)
    i.RTC_ReadTimeCounter                    0x080032ea   Section        0  stm32f1xx_hal_rtc.o(i.RTC_ReadTimeCounter)
    RTC_ReadTimeCounter                      0x080032eb   Thumb Code    52  stm32f1xx_hal_rtc.o(i.RTC_ReadTimeCounter)
    i.RTC_WeekDayNum                         0x0800331e   Section        0  stm32f1xx_hal_rtc.o(i.RTC_WeekDayNum)
    RTC_WeekDayNum                           0x0800331f   Thumb Code   132  stm32f1xx_hal_rtc.o(i.RTC_WeekDayNum)
    i.RTC_WriteAlarmCounter                  0x080033a2   Section        0  stm32f1xx_hal_rtc.o(i.RTC_WriteAlarmCounter)
    RTC_WriteAlarmCounter                    0x080033a3   Thumb Code    46  stm32f1xx_hal_rtc.o(i.RTC_WriteAlarmCounter)
    i.RTC_WriteTimeCounter                   0x080033d0   Section        0  stm32f1xx_hal_rtc.o(i.RTC_WriteTimeCounter)
    RTC_WriteTimeCounter                     0x080033d1   Thumb Code    46  stm32f1xx_hal_rtc.o(i.RTC_WriteTimeCounter)
    i.SPI1_IRQHandler                        0x08003400   Section        0  stm32f1xx_it.o(i.SPI1_IRQHandler)
    i.SPI_DMAAbortOnError                    0x08003410   Section        0  stm32f1xx_hal_spi.o(i.SPI_DMAAbortOnError)
    SPI_DMAAbortOnError                      0x08003411   Thumb Code    20  stm32f1xx_hal_spi.o(i.SPI_DMAAbortOnError)
    i.SPI_EndRxTxTransaction                 0x08003424   Section        0  stm32f1xx_hal_spi.o(i.SPI_EndRxTxTransaction)
    SPI_EndRxTxTransaction                   0x08003425   Thumb Code    40  stm32f1xx_hal_spi.o(i.SPI_EndRxTxTransaction)
    i.SPI_WaitFlagStateUntilTimeout          0x0800344c   Section        0  stm32f1xx_hal_spi.o(i.SPI_WaitFlagStateUntilTimeout)
    SPI_WaitFlagStateUntilTimeout            0x0800344d   Thumb Code   210  stm32f1xx_hal_spi.o(i.SPI_WaitFlagStateUntilTimeout)
    i.SVC_Handler                            0x08003524   Section        0  stm32f1xx_it.o(i.SVC_Handler)
    i.SysTick_Handler                        0x08003526   Section        0  stm32f1xx_it.o(i.SysTick_Handler)
    i.SystemClock_Config                     0x0800352e   Section        0  main.o(i.SystemClock_Config)
    i.SystemInit                             0x080035ba   Section        0  system_stm32f1xx.o(i.SystemInit)
    i.UART_SetConfig                         0x080035bc   Section        0  stm32f1xx_hal_uart.o(i.UART_SetConfig)
    UART_SetConfig                           0x080035bd   Thumb Code   248  stm32f1xx_hal_uart.o(i.UART_SetConfig)
    i.USBD_CDC_DataIn                        0x080036b8   Section        0  usbd_cdc.o(i.USBD_CDC_DataIn)
    USBD_CDC_DataIn                          0x080036b9   Thumb Code   124  usbd_cdc.o(i.USBD_CDC_DataIn)
    i.USBD_CDC_DataOut                       0x08003734   Section        0  usbd_cdc.o(i.USBD_CDC_DataOut)
    USBD_CDC_DataOut                         0x08003735   Thumb Code    52  usbd_cdc.o(i.USBD_CDC_DataOut)
    i.USBD_CDC_DeInit                        0x08003768   Section        0  usbd_cdc.o(i.USBD_CDC_DeInit)
    USBD_CDC_DeInit                          0x08003769   Thumb Code    78  usbd_cdc.o(i.USBD_CDC_DeInit)
    i.USBD_CDC_EP0_RxReady                   0x080037b6   Section        0  usbd_cdc.o(i.USBD_CDC_EP0_RxReady)
    USBD_CDC_EP0_RxReady                     0x080037b7   Thumb Code    50  usbd_cdc.o(i.USBD_CDC_EP0_RxReady)
    i.USBD_CDC_GetDeviceQualifierDescriptor  0x080037e8   Section        0  usbd_cdc.o(i.USBD_CDC_GetDeviceQualifierDescriptor)
    i.USBD_CDC_GetFSCfgDesc                  0x080037f8   Section        0  usbd_cdc.o(i.USBD_CDC_GetFSCfgDesc)
    USBD_CDC_GetFSCfgDesc                    0x080037f9   Thumb Code    10  usbd_cdc.o(i.USBD_CDC_GetFSCfgDesc)
    i.USBD_CDC_GetHSCfgDesc                  0x08003808   Section        0  usbd_cdc.o(i.USBD_CDC_GetHSCfgDesc)
    USBD_CDC_GetHSCfgDesc                    0x08003809   Thumb Code    10  usbd_cdc.o(i.USBD_CDC_GetHSCfgDesc)
    i.USBD_CDC_GetOtherSpeedCfgDesc          0x08003818   Section        0  usbd_cdc.o(i.USBD_CDC_GetOtherSpeedCfgDesc)
    USBD_CDC_GetOtherSpeedCfgDesc            0x08003819   Thumb Code    10  usbd_cdc.o(i.USBD_CDC_GetOtherSpeedCfgDesc)
    i.USBD_CDC_Init                          0x08003828   Section        0  usbd_cdc.o(i.USBD_CDC_Init)
    USBD_CDC_Init                            0x08003829   Thumb Code   184  usbd_cdc.o(i.USBD_CDC_Init)
    i.USBD_CDC_ReceivePacket                 0x080038e0   Section        0  usbd_cdc.o(i.USBD_CDC_ReceivePacket)
    i.USBD_CDC_RegisterInterface             0x0800391a   Section        0  usbd_cdc.o(i.USBD_CDC_RegisterInterface)
    i.USBD_CDC_SetRxBuffer                   0x08003928   Section        0  usbd_cdc.o(i.USBD_CDC_SetRxBuffer)
    i.USBD_CDC_SetTxBuffer                   0x08003936   Section        0  usbd_cdc.o(i.USBD_CDC_SetTxBuffer)
    i.USBD_CDC_Setup                         0x0800394a   Section        0  usbd_cdc.o(i.USBD_CDC_Setup)
    USBD_CDC_Setup                           0x0800394b   Thumb Code   244  usbd_cdc.o(i.USBD_CDC_Setup)
    i.USBD_ClrClassConfig                    0x08003a3e   Section        0  usbd_core.o(i.USBD_ClrClassConfig)
    i.USBD_ClrFeature                        0x08003a54   Section        0  usbd_ctlreq.o(i.USBD_ClrFeature)
    USBD_ClrFeature                          0x08003a55   Thumb Code    62  usbd_ctlreq.o(i.USBD_ClrFeature)
    i.USBD_CtlContinueRx                     0x08003a92   Section        0  usbd_ioreq.o(i.USBD_CtlContinueRx)
    i.USBD_CtlContinueSendData               0x08003aaa   Section        0  usbd_ioreq.o(i.USBD_CtlContinueSendData)
    i.USBD_CtlError                          0x08003ac2   Section        0  usbd_ctlreq.o(i.USBD_CtlError)
    i.USBD_CtlPrepareRx                      0x08003ada   Section        0  usbd_ioreq.o(i.USBD_CtlPrepareRx)
    i.USBD_CtlReceiveStatus                  0x08003b02   Section        0  usbd_ioreq.o(i.USBD_CtlReceiveStatus)
    i.USBD_CtlSendData                       0x08003b1c   Section        0  usbd_ioreq.o(i.USBD_CtlSendData)
    i.USBD_CtlSendStatus                     0x08003b3e   Section        0  usbd_ioreq.o(i.USBD_CtlSendStatus)
    i.USBD_FS_ConfigStrDescriptor            0x08003b58   Section        0  usbd_desc.o(i.USBD_FS_ConfigStrDescriptor)
    i.USBD_FS_DeviceDescriptor               0x08003b8c   Section        0  usbd_desc.o(i.USBD_FS_DeviceDescriptor)
    i.USBD_FS_InterfaceStrDescriptor         0x08003b9c   Section        0  usbd_desc.o(i.USBD_FS_InterfaceStrDescriptor)
    i.USBD_FS_LangIDStrDescriptor            0x08003bd4   Section        0  usbd_desc.o(i.USBD_FS_LangIDStrDescriptor)
    i.USBD_FS_ManufacturerStrDescriptor      0x08003be4   Section        0  usbd_desc.o(i.USBD_FS_ManufacturerStrDescriptor)
    i.USBD_FS_ProductStrDescriptor           0x08003c10   Section        0  usbd_desc.o(i.USBD_FS_ProductStrDescriptor)
    i.USBD_FS_SerialStrDescriptor            0x08003c50   Section        0  usbd_desc.o(i.USBD_FS_SerialStrDescriptor)
    i.USBD_GetConfig                         0x08003c68   Section        0  usbd_ctlreq.o(i.USBD_GetConfig)
    USBD_GetConfig                           0x08003c69   Thumb Code    86  usbd_ctlreq.o(i.USBD_GetConfig)
    i.USBD_GetDescriptor                     0x08003cbe   Section        0  usbd_ctlreq.o(i.USBD_GetDescriptor)
    USBD_GetDescriptor                       0x08003cbf   Thumb Code   500  usbd_ctlreq.o(i.USBD_GetDescriptor)
    i.USBD_GetLen                            0x08003eb2   Section        0  usbd_ctlreq.o(i.USBD_GetLen)
    USBD_GetLen                              0x08003eb3   Thumb Code    20  usbd_ctlreq.o(i.USBD_GetLen)
    i.USBD_GetStatus                         0x08003ec6   Section        0  usbd_ctlreq.o(i.USBD_GetStatus)
    USBD_GetStatus                           0x08003ec7   Thumb Code    90  usbd_ctlreq.o(i.USBD_GetStatus)
    i.USBD_GetString                         0x08003f20   Section        0  usbd_ctlreq.o(i.USBD_GetString)
    i.USBD_Get_USB_Status                    0x08003f72   Section        0  usbd_conf.o(i.USBD_Get_USB_Status)
    USBD_Get_USB_Status                      0x08003f73   Thumb Code    44  usbd_conf.o(i.USBD_Get_USB_Status)
    i.USBD_Init                              0x08003f9e   Section        0  usbd_core.o(i.USBD_Init)
    i.USBD_LL_ClearStallEP                   0x08003fd0   Section        0  usbd_conf.o(i.USBD_LL_ClearStallEP)
    i.USBD_LL_CloseEP                        0x08003ff6   Section        0  usbd_conf.o(i.USBD_LL_CloseEP)
    i.USBD_LL_DataInStage                    0x0800401c   Section        0  usbd_core.o(i.USBD_LL_DataInStage)
    i.USBD_LL_DataOutStage                   0x0800411c   Section        0  usbd_core.o(i.USBD_LL_DataOutStage)
    i.USBD_LL_GetRxDataSize                  0x080041c2   Section        0  usbd_conf.o(i.USBD_LL_GetRxDataSize)
    i.USBD_LL_Init                           0x080041d4   Section        0  usbd_conf.o(i.USBD_LL_Init)
    i.USBD_LL_IsStallEP                      0x08004258   Section        0  usbd_conf.o(i.USBD_LL_IsStallEP)
    i.USBD_LL_OpenEP                         0x08004290   Section        0  usbd_conf.o(i.USBD_LL_OpenEP)
    i.USBD_LL_PrepareReceive                 0x080042c0   Section        0  usbd_conf.o(i.USBD_LL_PrepareReceive)
    i.USBD_LL_Reset                          0x080042f0   Section        0  usbd_core.o(i.USBD_LL_Reset)
    i.USBD_LL_Resume                         0x0800434c   Section        0  usbd_core.o(i.USBD_LL_Resume)
    i.USBD_LL_SOF                            0x08004362   Section        0  usbd_core.o(i.USBD_LL_SOF)
    i.USBD_LL_SetSpeed                       0x08004384   Section        0  usbd_core.o(i.USBD_LL_SetSpeed)
    i.USBD_LL_SetUSBAddress                  0x0800438c   Section        0  usbd_conf.o(i.USBD_LL_SetUSBAddress)
    i.USBD_LL_SetupStage                     0x080043b2   Section        0  usbd_core.o(i.USBD_LL_SetupStage)
    i.USBD_LL_StallEP                        0x08004420   Section        0  usbd_conf.o(i.USBD_LL_StallEP)
    i.USBD_LL_Start                          0x08004446   Section        0  usbd_conf.o(i.USBD_LL_Start)
    i.USBD_LL_Suspend                        0x08004464   Section        0  usbd_core.o(i.USBD_LL_Suspend)
    i.USBD_LL_Transmit                       0x08004478   Section        0  usbd_conf.o(i.USBD_LL_Transmit)
    i.USBD_ParseSetupRequest                 0x080044a8   Section        0  usbd_ctlreq.o(i.USBD_ParseSetupRequest)
    i.USBD_RegisterClass                     0x080044d0   Section        0  usbd_core.o(i.USBD_RegisterClass)
    i.USBD_RunTestMode                       0x080044e0   Section        0  usbd_core.o(i.USBD_RunTestMode)
    i.USBD_SetAddress                        0x080044e6   Section        0  usbd_ctlreq.o(i.USBD_SetAddress)
    USBD_SetAddress                          0x080044e7   Thumb Code    90  usbd_ctlreq.o(i.USBD_SetAddress)
    i.USBD_SetClassConfig                    0x08004540   Section        0  usbd_core.o(i.USBD_SetClassConfig)
    i.USBD_SetConfig                         0x08004564   Section        0  usbd_ctlreq.o(i.USBD_SetConfig)
    USBD_SetConfig                           0x08004565   Thumb Code   228  usbd_ctlreq.o(i.USBD_SetConfig)
    i.USBD_SetFeature                        0x0800464c   Section        0  usbd_ctlreq.o(i.USBD_SetFeature)
    USBD_SetFeature                          0x0800464d   Thumb Code    24  usbd_ctlreq.o(i.USBD_SetFeature)
    i.USBD_Start                             0x08004664   Section        0  usbd_core.o(i.USBD_Start)
    i.USBD_StdDevReq                         0x08004672   Section        0  usbd_ctlreq.o(i.USBD_StdDevReq)
    i.USBD_StdEPReq                          0x08004714   Section        0  usbd_ctlreq.o(i.USBD_StdEPReq)
    i.USBD_StdItfReq                         0x0800494c   Section        0  usbd_ctlreq.o(i.USBD_StdItfReq)
    i.USBD_static_free                       0x080049ca   Section        0  usbd_conf.o(i.USBD_static_free)
    i.USBD_static_malloc                     0x080049cc   Section        0  usbd_conf.o(i.USBD_static_malloc)
    i.USB_ActivateEndpoint                   0x080049d8   Section        0  stm32f1xx_ll_usb.o(i.USB_ActivateEndpoint)
    i.USB_CoreInit                           0x08004e24   Section        0  stm32f1xx_ll_usb.o(i.USB_CoreInit)
    i.USB_DeactivateEndpoint                 0x08004e2c   Section        0  stm32f1xx_ll_usb.o(i.USB_DeactivateEndpoint)
    i.USB_DevConnect                         0x080050a8   Section        0  stm32f1xx_ll_usb.o(i.USB_DevConnect)
    i.USB_DevDisconnect                      0x080050ae   Section        0  stm32f1xx_ll_usb.o(i.USB_DevDisconnect)
    i.USB_DevInit                            0x080050b4   Section        0  stm32f1xx_ll_usb.o(i.USB_DevInit)
    i.USB_DisableGlobalInt                   0x080050ca   Section        0  stm32f1xx_ll_usb.o(i.USB_DisableGlobalInt)
    i.USB_EP0_OutStart                       0x080050de   Section        0  stm32f1xx_ll_usb.o(i.USB_EP0_OutStart)
    i.USB_EPClearStall                       0x080050e4   Section        0  stm32f1xx_ll_usb.o(i.USB_EPClearStall)
    i.USB_EPSetStall                         0x080051be   Section        0  stm32f1xx_ll_usb.o(i.USB_EPSetStall)
    i.USB_EPStartXfer                        0x0800521a   Section        0  stm32f1xx_ll_usb.o(i.USB_EPStartXfer)
    i.USB_EnableGlobalInt                    0x08005c18   Section        0  stm32f1xx_ll_usb.o(i.USB_EnableGlobalInt)
    i.USB_LP_CAN1_RX0_IRQHandler             0x08005c2c   Section        0  stm32f1xx_it.o(i.USB_LP_CAN1_RX0_IRQHandler)
    i.USB_ReadInterrupts                     0x08005c3c   Section        0  stm32f1xx_ll_usb.o(i.USB_ReadInterrupts)
    i.USB_ReadPMA                            0x08005c44   Section        0  stm32f1xx_ll_usb.o(i.USB_ReadPMA)
    i.USB_SetCurrentMode                     0x08005c8e   Section        0  stm32f1xx_ll_usb.o(i.USB_SetCurrentMode)
    i.USB_SetDevAddress                      0x08005c94   Section        0  stm32f1xx_ll_usb.o(i.USB_SetDevAddress)
    i.USB_WritePMA                           0x08005ca2   Section        0  stm32f1xx_ll_usb.o(i.USB_WritePMA)
    i.UsageFault_Handler                     0x08005ce4   Section        0  stm32f1xx_it.o(i.UsageFault_Handler)
    i.__0snprintf$1                          0x08005ce8   Section        0  printf1.o(i.__0snprintf$1)
    i.__NVIC_GetPriorityGrouping             0x08005d18   Section        0  stm32f1xx_hal_cortex.o(i.__NVIC_GetPriorityGrouping)
    __NVIC_GetPriorityGrouping               0x08005d19   Thumb Code    10  stm32f1xx_hal_cortex.o(i.__NVIC_GetPriorityGrouping)
    i.__NVIC_SetPriority                     0x08005d28   Section        0  stm32f1xx_hal_cortex.o(i.__NVIC_SetPriority)
    __NVIC_SetPriority                       0x08005d29   Thumb Code    32  stm32f1xx_hal_cortex.o(i.__NVIC_SetPriority)
    i.__scatterload_copy                     0x08005d50   Section       14  handlers.o(i.__scatterload_copy)
    i.__scatterload_null                     0x08005d5e   Section        2  handlers.o(i.__scatterload_null)
    i.__scatterload_zeroinit                 0x08005d60   Section       14  handlers.o(i.__scatterload_zeroinit)
    i._printf_core                           0x08005d70   Section        0  printf1.o(i._printf_core)
    _printf_core                             0x08005d71   Thumb Code   336  printf1.o(i._printf_core)
    i._snputc                                0x08005ec4   Section        0  printf1.o(i._snputc)
    _snputc                                  0x08005ec5   Thumb Code    22  printf1.o(i._snputc)
    i.main                                   0x08005edc   Section        0  main.o(i.main)
    i.ssd1306_DrawPixel                      0x08005fe0   Section        0  ssd1306.o(i.ssd1306_DrawPixel)
    i.ssd1306_DrawRectangle                  0x08006080   Section        0  ssd1306.o(i.ssd1306_DrawRectangle)
    i.ssd1306_Fill                           0x080060cc   Section        0  ssd1306.o(i.ssd1306_Fill)
    i.ssd1306_Init                           0x080060ec   Section        0  ssd1306.o(i.ssd1306_Init)
    i.ssd1306_Line                           0x080061b8   Section        0  ssd1306.o(i.ssd1306_Line)
    i.ssd1306_Reset                          0x08006244   Section        0  ssd1306.o(i.ssd1306_Reset)
    i.ssd1306_SetContrast                    0x08006278   Section        0  ssd1306.o(i.ssd1306_SetContrast)
    i.ssd1306_SetCursor                      0x0800628c   Section        0  ssd1306.o(i.ssd1306_SetCursor)
    i.ssd1306_SetDisplayOn                   0x08006298   Section        0  ssd1306.o(i.ssd1306_SetDisplayOn)
    i.ssd1306_UpdateScreen                   0x080062bc   Section        0  ssd1306.o(i.ssd1306_UpdateScreen)
    i.ssd1306_WriteChar                      0x080062f4   Section        0  ssd1306.o(i.ssd1306_WriteChar)
    i.ssd1306_WriteCommand                   0x080063b0   Section        0  ssd1306.o(i.ssd1306_WriteCommand)
    i.ssd1306_WriteData                      0x080063ec   Section        0  ssd1306.o(i.ssd1306_WriteData)
    i.ssd1306_WriteString                    0x0800642c   Section        0  ssd1306.o(i.ssd1306_WriteString)
    .constdata                               0x08006458   Section       24  system_stm32f1xx.o(.constdata)
    .constdata                               0x08006470   Section    11780  ssd1306_fonts.o(.constdata)
    Font7x10                                 0x08006470   Data        1900  ssd1306_fonts.o(.constdata)
    Font11x18                                0x08006bdc   Data        3420  ssd1306_fonts.o(.constdata)
    Font16x26                                0x08007938   Data        4940  ssd1306_fonts.o(.constdata)
    Font6x8                                  0x08008c84   Data        1520  ssd1306_fonts.o(.constdata)
    .data                                    0x20000000   Section        4  main.o(.data)
    .data                                    0x20000004   Section        9  stm32f1xx_hal.o(.data)
    .data                                    0x20000010   Section        4  system_stm32f1xx.o(.data)
    .data                                    0x20000014   Section        8  ssd1306.o(.data)
    SSD1306                                  0x20000014   Data           8  ssd1306.o(.data)
    .data                                    0x2000001c   Section       32  ssd1306_fonts.o(.data)
    .data                                    0x2000003c   Section       78  usbd_desc.o(.data)
    .data                                    0x2000008c   Section       16  usbd_cdc_if.o(.data)
    .data                                    0x2000009c   Section        1  usbd_ctlreq.o(.data)
    cfgidx                                   0x2000009c   Data           1  usbd_ctlreq.o(.data)
    .data                                    0x200000a0   Section      271  usbd_cdc.o(.data)
    USBD_CDC_DeviceQualifierDesc             0x200000a0   Data          10  usbd_cdc.o(.data)
    .bss                                     0x200001b0   Section       84  i2c.o(.bss)
    .bss                                     0x20000204   Section       20  rtc.o(.bss)
    .bss                                     0x20000218   Section      156  spi.o(.bss)
    .bss                                     0x200002b4   Section       64  usart.o(.bss)
    .bss                                     0x200002f4   Section     1024  ssd1306.o(.bss)
    SSD1306_Buffer                           0x200002f4   Data        1024  ssd1306.o(.bss)
    .bss                                     0x200006f4   Section      708  usb_device.o(.bss)
    .bss                                     0x200009b8   Section      512  usbd_desc.o(.bss)
    .bss                                     0x20000bb8   Section     2000  usbd_cdc_if.o(.bss)
    .bss                                     0x20001388   Section     1292  usbd_conf.o(.bss)
    mem                                      0x20001674   Data         544  usbd_conf.o(.bss)
    STACK                                    0x20001898   Section     4096  startup_stm32f103xb.o(STACK)

    Global Symbols

    Symbol Name                              Value     Ov Type        Size  Object(Section)

    BuildAttributes$$THM_ISAv4$P$D$K$B$S$PE$A:L22UL41UL21$X:L11$S22US41US21$IEEE1$IW$USESV6$~STKCKD$USESV7$~SHL$OTIME$ROPI$IEEEX$EBA8$MICROLIB$REQ8$PRES8$EABIv2 0x00000000   Number         0  anon$$obj.o ABSOLUTE
    __ARM_use_no_argv                        0x00000000   Number         0  main.o ABSOLUTE
    _printf_a                                0x00000000   Number         0  stubs.o ABSOLUTE
    _printf_c                                0x00000000   Number         0  stubs.o ABSOLUTE
    _printf_charcount                        0x00000000   Number         0  stubs.o ABSOLUTE
    _printf_d                                0x00000000   Number         0  stubs.o ABSOLUTE
    _printf_e                                0x00000000   Number         0  stubs.o ABSOLUTE
    _printf_f                                0x00000000   Number         0  stubs.o ABSOLUTE
    _printf_flags                            0x00000000   Number         0  stubs.o ABSOLUTE
    _printf_fp_dec                           0x00000000   Number         0  stubs.o ABSOLUTE
    _printf_fp_hex                           0x00000000   Number         0  stubs.o ABSOLUTE
    _printf_g                                0x00000000   Number         0  stubs.o ABSOLUTE
    _printf_i                                0x00000000   Number         0  stubs.o ABSOLUTE
    _printf_int_dec                          0x00000000   Number         0  stubs.o ABSOLUTE
    _printf_l                                0x00000000   Number         0  stubs.o ABSOLUTE
    _printf_lc                               0x00000000   Number         0  stubs.o ABSOLUTE
    _printf_ll                               0x00000000   Number         0  stubs.o ABSOLUTE
    _printf_lld                              0x00000000   Number         0  stubs.o ABSOLUTE
    _printf_lli                              0x00000000   Number         0  stubs.o ABSOLUTE
    _printf_llo                              0x00000000   Number         0  stubs.o ABSOLUTE
    _printf_llu                              0x00000000   Number         0  stubs.o ABSOLUTE
    _printf_llx                              0x00000000   Number         0  stubs.o ABSOLUTE
    _printf_longlong_dec                     0x00000000   Number         0  stubs.o ABSOLUTE
    _printf_longlong_hex                     0x00000000   Number         0  stubs.o ABSOLUTE
    _printf_longlong_oct                     0x00000000   Number         0  stubs.o ABSOLUTE
    _printf_ls                               0x00000000   Number         0  stubs.o ABSOLUTE
    _printf_mbtowc                           0x00000000   Number         0  stubs.o ABSOLUTE
    _printf_n                                0x00000000   Number         0  stubs.o ABSOLUTE
    _printf_o                                0x00000000   Number         0  stubs.o ABSOLUTE
    _printf_p                                0x00000000   Number         0  stubs.o ABSOLUTE
    _printf_percent                          0x00000000   Number         0  stubs.o ABSOLUTE
    _printf_pre_padding                      0x00000000   Number         0  stubs.o ABSOLUTE
    _printf_return_value                     0x00000000   Number         0  stubs.o ABSOLUTE
    _printf_s                                0x00000000   Number         0  stubs.o ABSOLUTE
    _printf_sizespec                         0x00000000   Number         0  stubs.o ABSOLUTE
    _printf_str                              0x00000000   Number         0  stubs.o ABSOLUTE
    _printf_truncate_signed                  0x00000000   Number         0  stubs.o ABSOLUTE
    _printf_truncate_unsigned                0x00000000   Number         0  stubs.o ABSOLUTE
    _printf_u                                0x00000000   Number         0  stubs.o ABSOLUTE
    _printf_wc                               0x00000000   Number         0  stubs.o ABSOLUTE
    _printf_wctomb                           0x00000000   Number         0  stubs.o ABSOLUTE
    _printf_widthprec                        0x00000000   Number         0  stubs.o ABSOLUTE
    _printf_x                                0x00000000   Number         0  stubs.o ABSOLUTE
    __cpp_initialize__aeabi_                  - Undefined Weak Reference
    __cxa_finalize                            - Undefined Weak Reference
    _clock_init                               - Undefined Weak Reference
    _microlib_exit                            - Undefined Weak Reference
    __Vectors_Size                           0x000000ec   Number         0  startup_stm32f103xb.o ABSOLUTE
    __Vectors                                0x08000000   Data           4  startup_stm32f103xb.o(RESET)
    __Vectors_End                            0x080000ec   Data           0  startup_stm32f103xb.o(RESET)
    __main                                   0x080000ed   Thumb Code     0  entry.o(.ARM.Collect$$$$00000000)
    _main_stk                                0x080000ed   Thumb Code     0  entry2.o(.ARM.Collect$$$$00000001)
    _main_scatterload                        0x080000f1   Thumb Code     0  entry5.o(.ARM.Collect$$$$00000004)
    __main_after_scatterload                 0x080000f5   Thumb Code     0  entry5.o(.ARM.Collect$$$$00000004)
    _main_clock                              0x080000f5   Thumb Code     0  entry7b.o(.ARM.Collect$$$$00000008)
    _main_cpp_init                           0x080000f5   Thumb Code     0  entry8b.o(.ARM.Collect$$$$0000000A)
    _main_init                               0x080000f5   Thumb Code     0  entry9a.o(.ARM.Collect$$$$0000000B)
    __rt_final_cpp                           0x080000fd   Thumb Code     0  entry10a.o(.ARM.Collect$$$$0000000D)
    __rt_final_exit                          0x080000fd   Thumb Code     0  entry11a.o(.ARM.Collect$$$$0000000F)
    Reset_Handler                            0x08000101   Thumb Code     8  startup_stm32f103xb.o(.text)
    ADC1_2_IRQHandler                        0x0800011b   Thumb Code     0  startup_stm32f103xb.o(.text)
    CAN1_RX1_IRQHandler                      0x0800011b   Thumb Code     0  startup_stm32f103xb.o(.text)
    CAN1_SCE_IRQHandler                      0x0800011b   Thumb Code     0  startup_stm32f103xb.o(.text)
    DMA1_Channel1_IRQHandler                 0x0800011b   Thumb Code     0  startup_stm32f103xb.o(.text)
    DMA1_Channel2_IRQHandler                 0x0800011b   Thumb Code     0  startup_stm32f103xb.o(.text)
    DMA1_Channel4_IRQHandler                 0x0800011b   Thumb Code     0  startup_stm32f103xb.o(.text)
    DMA1_Channel5_IRQHandler                 0x0800011b   Thumb Code     0  startup_stm32f103xb.o(.text)
    DMA1_Channel6_IRQHandler                 0x0800011b   Thumb Code     0  startup_stm32f103xb.o(.text)
    DMA1_Channel7_IRQHandler                 0x0800011b   Thumb Code     0  startup_stm32f103xb.o(.text)
    EXTI0_IRQHandler                         0x0800011b   Thumb Code     0  startup_stm32f103xb.o(.text)
    EXTI15_10_IRQHandler                     0x0800011b   Thumb Code     0  startup_stm32f103xb.o(.text)
    EXTI1_IRQHandler                         0x0800011b   Thumb Code     0  startup_stm32f103xb.o(.text)
    EXTI2_IRQHandler                         0x0800011b   Thumb Code     0  startup_stm32f103xb.o(.text)
    EXTI3_IRQHandler                         0x0800011b   Thumb Code     0  startup_stm32f103xb.o(.text)
    EXTI4_IRQHandler                         0x0800011b   Thumb Code     0  startup_stm32f103xb.o(.text)
    EXTI9_5_IRQHandler                       0x0800011b   Thumb Code     0  startup_stm32f103xb.o(.text)
    FLASH_IRQHandler                         0x0800011b   Thumb Code     0  startup_stm32f103xb.o(.text)
    I2C1_ER_IRQHandler                       0x0800011b   Thumb Code     0  startup_stm32f103xb.o(.text)
    I2C1_EV_IRQHandler                       0x0800011b   Thumb Code     0  startup_stm32f103xb.o(.text)
    I2C2_ER_IRQHandler                       0x0800011b   Thumb Code     0  startup_stm32f103xb.o(.text)
    I2C2_EV_IRQHandler                       0x0800011b   Thumb Code     0  startup_stm32f103xb.o(.text)
    PVD_IRQHandler                           0x0800011b   Thumb Code     0  startup_stm32f103xb.o(.text)
    RCC_IRQHandler                           0x0800011b   Thumb Code     0  startup_stm32f103xb.o(.text)
    RTC_Alarm_IRQHandler                     0x0800011b   Thumb Code     0  startup_stm32f103xb.o(.text)
    RTC_IRQHandler                           0x0800011b   Thumb Code     0  startup_stm32f103xb.o(.text)
    SPI2_IRQHandler                          0x0800011b   Thumb Code     0  startup_stm32f103xb.o(.text)
    TAMPER_IRQHandler                        0x0800011b   Thumb Code     0  startup_stm32f103xb.o(.text)
    TIM1_BRK_IRQHandler                      0x0800011b   Thumb Code     0  startup_stm32f103xb.o(.text)
    TIM1_CC_IRQHandler                       0x0800011b   Thumb Code     0  startup_stm32f103xb.o(.text)
    TIM1_TRG_COM_IRQHandler                  0x0800011b   Thumb Code     0  startup_stm32f103xb.o(.text)
    TIM1_UP_IRQHandler                       0x0800011b   Thumb Code     0  startup_stm32f103xb.o(.text)
    TIM2_IRQHandler                          0x0800011b   Thumb Code     0  startup_stm32f103xb.o(.text)
    TIM3_IRQHandler                          0x0800011b   Thumb Code     0  startup_stm32f103xb.o(.text)
    TIM4_IRQHandler                          0x0800011b   Thumb Code     0  startup_stm32f103xb.o(.text)
    USART1_IRQHandler                        0x0800011b   Thumb Code     0  startup_stm32f103xb.o(.text)
    USART2_IRQHandler                        0x0800011b   Thumb Code     0  startup_stm32f103xb.o(.text)
    USART3_IRQHandler                        0x0800011b   Thumb Code     0  startup_stm32f103xb.o(.text)
    USBWakeUp_IRQHandler                     0x0800011b   Thumb Code     0  startup_stm32f103xb.o(.text)
    USB_HP_CAN1_TX_IRQHandler                0x0800011b   Thumb Code     0  startup_stm32f103xb.o(.text)
    WWDG_IRQHandler                          0x0800011b   Thumb Code     0  startup_stm32f103xb.o(.text)
    ___aeabi_memcpy8$move                    0x08000125   Thumb Code     0  memmovea.o(.text)
    __aeabi_memcpy                           0x08000125   Thumb Code    64  memmovea.o(.text)
    __aeabi_memcpy4                          0x08000125   Thumb Code     0  memmovea.o(.text)
    __aeabi_memmove                          0x08000125   Thumb Code     0  memmovea.o(.text)
    __aeabi_memmove4                         0x08000125   Thumb Code     0  memmovea.o(.text)
    __aeabi_memmove8                         0x08000125   Thumb Code     0  memmovea.o(.text)
    __aeabi_memset                           0x08000165   Thumb Code    14  memseta.o(.text)
    __aeabi_memset4                          0x08000165   Thumb Code     0  memseta.o(.text)
    __aeabi_memset8                          0x08000165   Thumb Code     0  memseta.o(.text)
    __aeabi_memclr                           0x08000173   Thumb Code     4  memseta.o(.text)
    __aeabi_memclr4                          0x08000173   Thumb Code     0  memseta.o(.text)
    __aeabi_memclr8                          0x08000173   Thumb Code     0  memseta.o(.text)
    _memset$wrapper                          0x08000177   Thumb Code    18  memseta.o(.text)
    __aeabi_uidiv                            0x08000189   Thumb Code     0  uidiv.o(.text)
    __aeabi_uidivmod                         0x08000189   Thumb Code    44  uidiv.o(.text)
    __scatterload                            0x080001b5   Thumb Code    28  init.o(.text)
    __scatterload_rt2                        0x080001b5   Thumb Code     0  init.o(.text)
    __decompress                             0x080001d9   Thumb Code     0  __dczerorl2.o(.text)
    __decompress1                            0x080001d9   Thumb Code    86  __dczerorl2.o(.text)
    BusFault_Handler                         0x0800022f   Thumb Code     4  stm32f1xx_it.o(i.BusFault_Handler)
    DMA1_Channel3_IRQHandler                 0x080002bd   Thumb Code    10  stm32f1xx_it.o(i.DMA1_Channel3_IRQHandler)
    DebugMon_Handler                         0x080002cd   Thumb Code     2  stm32f1xx_it.o(i.DebugMon_Handler)
    Error_Handler                            0x080002cf   Thumb Code     2  main.o(i.Error_Handler)
    HAL_DMA_Abort_IT                         0x08000305   Thumb Code   172  stm32f1xx_hal_dma.o(i.HAL_DMA_Abort_IT)
    HAL_DMA_IRQHandler                       0x080003b5   Thumb Code   408  stm32f1xx_hal_dma.o(i.HAL_DMA_IRQHandler)
    HAL_DMA_Init                             0x08000551   Thumb Code   100  stm32f1xx_hal_dma.o(i.HAL_DMA_Init)
    HAL_Delay                                0x080005b9   Thumb Code    36  stm32f1xx_hal.o(i.HAL_Delay)
    HAL_GPIO_Init                            0x080005e1   Thumb Code   766  stm32f1xx_hal_gpio.o(i.HAL_GPIO_Init)
    HAL_GPIO_WritePin                        0x08000901   Thumb Code    12  stm32f1xx_hal_gpio.o(i.HAL_GPIO_WritePin)
    HAL_GetTick                              0x0800090d   Thumb Code     6  stm32f1xx_hal.o(i.HAL_GetTick)
    HAL_I2C_Init                             0x08000919   Thumb Code   446  stm32f1xx_hal_i2c.o(i.HAL_I2C_Init)
    HAL_I2C_MspInit                          0x08000ae9   Thumb Code   104  i2c.o(i.HAL_I2C_MspInit)
    HAL_IncTick                              0x08000b5d   Thumb Code    16  stm32f1xx_hal.o(i.HAL_IncTick)
    HAL_Init                                 0x08000b75   Thumb Code    34  stm32f1xx_hal.o(i.HAL_Init)
    HAL_InitTick                             0x08000b9d   Thumb Code    64  stm32f1xx_hal.o(i.HAL_InitTick)
    HAL_MspInit                              0x08000be9   Thumb Code    76  stm32f1xx_hal_msp.o(i.HAL_MspInit)
    HAL_NVIC_EnableIRQ                       0x08000c3d   Thumb Code    32  stm32f1xx_hal_cortex.o(i.HAL_NVIC_EnableIRQ)
    HAL_NVIC_SetPriority                     0x08000c5d   Thumb Code   124  stm32f1xx_hal_cortex.o(i.HAL_NVIC_SetPriority)
    HAL_NVIC_SetPriorityGrouping             0x08000cd9   Thumb Code    32  stm32f1xx_hal_cortex.o(i.HAL_NVIC_SetPriorityGrouping)
    HAL_PCDEx_PMAConfig                      0x08000d01   Thumb Code    68  stm32f1xx_hal_pcd_ex.o(i.HAL_PCDEx_PMAConfig)
    HAL_PCDEx_SetConnectionState             0x08000d45   Thumb Code     2  usbd_conf.o(i.HAL_PCDEx_SetConnectionState)
    HAL_PCD_DataInStageCallback              0x08000d47   Thumb Code    32  usbd_conf.o(i.HAL_PCD_DataInStageCallback)
    HAL_PCD_DataOutStageCallback             0x08000d67   Thumb Code    32  usbd_conf.o(i.HAL_PCD_DataOutStageCallback)
    HAL_PCD_EP_Close                         0x08000d87   Thumb Code   106  stm32f1xx_hal_pcd.o(i.HAL_PCD_EP_Close)
    HAL_PCD_EP_ClrStall                      0x08000df1   Thumb Code   124  stm32f1xx_hal_pcd.o(i.HAL_PCD_EP_ClrStall)
    HAL_PCD_EP_GetRxCount                    0x0800133b   Thumb Code    22  stm32f1xx_hal_pcd.o(i.HAL_PCD_EP_GetRxCount)
    HAL_PCD_EP_Open                          0x08001351   Thumb Code   140  stm32f1xx_hal_pcd.o(i.HAL_PCD_EP_Open)
    HAL_PCD_EP_Receive                       0x080013dd   Thumb Code    76  stm32f1xx_hal_pcd.o(i.HAL_PCD_EP_Receive)
    HAL_PCD_EP_SetStall                      0x08001429   Thumb Code   136  stm32f1xx_hal_pcd.o(i.HAL_PCD_EP_SetStall)
    HAL_PCD_EP_Transmit                      0x080014b1   Thumb Code    86  stm32f1xx_hal_pcd.o(i.HAL_PCD_EP_Transmit)
    HAL_PCD_IRQHandler                       0x08001507   Thumb Code   482  stm32f1xx_hal_pcd.o(i.HAL_PCD_IRQHandler)
    HAL_PCD_Init                             0x080016e9   Thumb Code   344  stm32f1xx_hal_pcd.o(i.HAL_PCD_Init)
    HAL_PCD_MspInit                          0x08001841   Thumb Code    58  usbd_conf.o(i.HAL_PCD_MspInit)
    HAL_PCD_ResetCallback                    0x08001885   Thumb Code    36  usbd_conf.o(i.HAL_PCD_ResetCallback)
    HAL_PCD_ResumeCallback                   0x080018a9   Thumb Code    14  usbd_conf.o(i.HAL_PCD_ResumeCallback)
    HAL_PCD_SOFCallback                      0x080018b7   Thumb Code    14  usbd_conf.o(i.HAL_PCD_SOFCallback)
    HAL_PCD_SetAddress                       0x080018c5   Thumb Code    54  stm32f1xx_hal_pcd.o(i.HAL_PCD_SetAddress)
    HAL_PCD_SetupStageCallback               0x080018fb   Thumb Code    18  usbd_conf.o(i.HAL_PCD_SetupStageCallback)
    HAL_PCD_Start                            0x0800190d   Thumb Code    60  stm32f1xx_hal_pcd.o(i.HAL_PCD_Start)
    HAL_PCD_SuspendCallback                  0x08001949   Thumb Code    30  usbd_conf.o(i.HAL_PCD_SuspendCallback)
    HAL_PWR_EnableBkUpAccess                 0x0800196d   Thumb Code     8  stm32f1xx_hal_pwr.o(i.HAL_PWR_EnableBkUpAccess)
    HAL_RCCEx_GetPeriphCLKFreq               0x08001979   Thumb Code   248  stm32f1xx_hal_rcc_ex.o(i.HAL_RCCEx_GetPeriphCLKFreq)
    HAL_RCCEx_PeriphCLKConfig                0x08001a91   Thumb Code   290  stm32f1xx_hal_rcc_ex.o(i.HAL_RCCEx_PeriphCLKConfig)
    HAL_RCC_ClockConfig                      0x08001bc1   Thumb Code   376  stm32f1xx_hal_rcc.o(i.HAL_RCC_ClockConfig)
    HAL_RCC_GetHCLKFreq                      0x08001d4d   Thumb Code     6  stm32f1xx_hal_rcc.o(i.HAL_RCC_GetHCLKFreq)
    HAL_RCC_GetPCLK1Freq                     0x08001d59   Thumb Code    22  stm32f1xx_hal_rcc.o(i.HAL_RCC_GetPCLK1Freq)
    HAL_RCC_GetPCLK2Freq                     0x08001d79   Thumb Code    22  stm32f1xx_hal_rcc.o(i.HAL_RCC_GetPCLK2Freq)
    HAL_RCC_GetSysClockFreq                  0x08001d99   Thumb Code   116  stm32f1xx_hal_rcc.o(i.HAL_RCC_GetSysClockFreq)
    HAL_RCC_OscConfig                        0x08001e2d   Thumb Code  1114  stm32f1xx_hal_rcc.o(i.HAL_RCC_OscConfig)
    HAL_RTC_Init                             0x08002291   Thumb Code   202  stm32f1xx_hal_rtc.o(i.HAL_RTC_Init)
    HAL_RTC_MspInit                          0x08002361   Thumb Code    52  rtc.o(i.HAL_RTC_MspInit)
    HAL_RTC_SetDate                          0x080023a1   Thumb Code   242  stm32f1xx_hal_rtc.o(i.HAL_RTC_SetDate)
    HAL_RTC_SetTime                          0x08002499   Thumb Code   214  stm32f1xx_hal_rtc.o(i.HAL_RTC_SetTime)
    HAL_RTC_WaitForSynchro                   0x08002575   Thumb Code    64  stm32f1xx_hal_rtc.o(i.HAL_RTC_WaitForSynchro)
    HAL_SPI_ErrorCallback                    0x080025b5   Thumb Code     2  stm32f1xx_hal_spi.o(i.HAL_SPI_ErrorCallback)
    HAL_SPI_IRQHandler                       0x080025b9   Thumb Code   304  stm32f1xx_hal_spi.o(i.HAL_SPI_IRQHandler)
    HAL_SPI_Init                             0x080026ed   Thumb Code   190  stm32f1xx_hal_spi.o(i.HAL_SPI_Init)
    HAL_SPI_MspInit                          0x080027ad   Thumb Code   190  spi.o(i.HAL_SPI_MspInit)
    HAL_SPI_Transmit                         0x08002881   Thumb Code   430  stm32f1xx_hal_spi.o(i.HAL_SPI_Transmit)
    HAL_SYSTICK_Config                       0x08002a2f   Thumb Code    52  stm32f1xx_hal_cortex.o(i.HAL_SYSTICK_Config)
    HAL_UART_Init                            0x08002a63   Thumb Code   114  stm32f1xx_hal_uart.o(i.HAL_UART_Init)
    HAL_UART_MspInit                         0x08002ad5   Thumb Code   120  usart.o(i.HAL_UART_MspInit)
    HardFault_Handler                        0x08002b59   Thumb Code     4  stm32f1xx_it.o(i.HardFault_Handler)
    MX_DMA_Init                              0x08002b9d   Thumb Code    48  dma.o(i.MX_DMA_Init)
    MX_GPIO_Init                             0x08002bd1   Thumb Code   224  gpio.o(i.MX_GPIO_Init)
    MX_I2C1_Init                             0x08002cbd   Thumb Code    48  i2c.o(i.MX_I2C1_Init)
    MX_RTC_Init                              0x08002cf9   Thumb Code   106  rtc.o(i.MX_RTC_Init)
    MX_SPI1_Init                             0x08002d6d   Thumb Code    60  spi.o(i.MX_SPI1_Init)
    MX_USART2_UART_Init                      0x08002db1   Thumb Code    46  usart.o(i.MX_USART2_UART_Init)
    MX_USB_DEVICE_Init                       0x08002de9   Thumb Code    60  usb_device.o(i.MX_USB_DEVICE_Init)
    MemManage_Handler                        0x08002e35   Thumb Code     4  stm32f1xx_it.o(i.MemManage_Handler)
    NMI_Handler                              0x08002e39   Thumb Code     2  stm32f1xx_it.o(i.NMI_Handler)
    PendSV_Handler                           0x0800321d   Thumb Code     2  stm32f1xx_it.o(i.PendSV_Handler)
    SPI1_IRQHandler                          0x08003401   Thumb Code    10  stm32f1xx_it.o(i.SPI1_IRQHandler)
    SVC_Handler                              0x08003525   Thumb Code     2  stm32f1xx_it.o(i.SVC_Handler)
    SysTick_Handler                          0x08003527   Thumb Code     8  stm32f1xx_it.o(i.SysTick_Handler)
    SystemClock_Config                       0x0800352f   Thumb Code   140  main.o(i.SystemClock_Config)
    SystemInit                               0x080035bb   Thumb Code     2  system_stm32f1xx.o(i.SystemInit)
    USBD_CDC_GetDeviceQualifierDescriptor    0x080037e9   Thumb Code    10  usbd_cdc.o(i.USBD_CDC_GetDeviceQualifierDescriptor)
    USBD_CDC_ReceivePacket                   0x080038e1   Thumb Code    58  usbd_cdc.o(i.USBD_CDC_ReceivePacket)
    USBD_CDC_RegisterInterface               0x0800391b   Thumb Code    14  usbd_cdc.o(i.USBD_CDC_RegisterInterface)
    USBD_CDC_SetRxBuffer                     0x08003929   Thumb Code    14  usbd_cdc.o(i.USBD_CDC_SetRxBuffer)
    USBD_CDC_SetTxBuffer                     0x08003937   Thumb Code    20  usbd_cdc.o(i.USBD_CDC_SetTxBuffer)
    USBD_ClrClassConfig                      0x08003a3f   Thumb Code    22  usbd_core.o(i.USBD_ClrClassConfig)
    USBD_CtlContinueRx                       0x08003a93   Thumb Code    24  usbd_ioreq.o(i.USBD_CtlContinueRx)
    USBD_CtlContinueSendData                 0x08003aab   Thumb Code    24  usbd_ioreq.o(i.USBD_CtlContinueSendData)
    USBD_CtlError                            0x08003ac3   Thumb Code    24  usbd_ctlreq.o(i.USBD_CtlError)
    USBD_CtlPrepareRx                        0x08003adb   Thumb Code    40  usbd_ioreq.o(i.USBD_CtlPrepareRx)
    USBD_CtlReceiveStatus                    0x08003b03   Thumb Code    26  usbd_ioreq.o(i.USBD_CtlReceiveStatus)
    USBD_CtlSendData                         0x08003b1d   Thumb Code    34  usbd_ioreq.o(i.USBD_CtlSendData)
    USBD_CtlSendStatus                       0x08003b3f   Thumb Code    26  usbd_ioreq.o(i.USBD_CtlSendStatus)
    USBD_FS_ConfigStrDescriptor              0x08003b59   Thumb Code    34  usbd_desc.o(i.USBD_FS_ConfigStrDescriptor)
    USBD_FS_DeviceDescriptor                 0x08003b8d   Thumb Code    10  usbd_desc.o(i.USBD_FS_DeviceDescriptor)
    USBD_FS_InterfaceStrDescriptor           0x08003b9d   Thumb Code    34  usbd_desc.o(i.USBD_FS_InterfaceStrDescriptor)
    USBD_FS_LangIDStrDescriptor              0x08003bd5   Thumb Code    10  usbd_desc.o(i.USBD_FS_LangIDStrDescriptor)
    USBD_FS_ManufacturerStrDescriptor        0x08003be5   Thumb Code    20  usbd_desc.o(i.USBD_FS_ManufacturerStrDescriptor)
    USBD_FS_ProductStrDescriptor             0x08003c11   Thumb Code    34  usbd_desc.o(i.USBD_FS_ProductStrDescriptor)
    USBD_FS_SerialStrDescriptor              0x08003c51   Thumb Code    18  usbd_desc.o(i.USBD_FS_SerialStrDescriptor)
    USBD_GetString                           0x08003f21   Thumb Code    82  usbd_ctlreq.o(i.USBD_GetString)
    USBD_Init                                0x08003f9f   Thumb Code    50  usbd_core.o(i.USBD_Init)
    USBD_LL_ClearStallEP                     0x08003fd1   Thumb Code    38  usbd_conf.o(i.USBD_LL_ClearStallEP)
    USBD_LL_CloseEP                          0x08003ff7   Thumb Code    38  usbd_conf.o(i.USBD_LL_CloseEP)
    USBD_LL_DataInStage                      0x0800401d   Thumb Code   256  usbd_core.o(i.USBD_LL_DataInStage)
    USBD_LL_DataOutStage                     0x0800411d   Thumb Code   166  usbd_core.o(i.USBD_LL_DataOutStage)
    USBD_LL_GetRxDataSize                    0x080041c3   Thumb Code    18  usbd_conf.o(i.USBD_LL_GetRxDataSize)
    USBD_LL_Init                             0x080041d5   Thumb Code   124  usbd_conf.o(i.USBD_LL_Init)
    USBD_LL_IsStallEP                        0x08004259   Thumb Code    56  usbd_conf.o(i.USBD_LL_IsStallEP)
    USBD_LL_OpenEP                           0x08004291   Thumb Code    48  usbd_conf.o(i.USBD_LL_OpenEP)
    USBD_LL_PrepareReceive                   0x080042c1   Thumb Code    48  usbd_conf.o(i.USBD_LL_PrepareReceive)
    USBD_LL_Reset                            0x080042f1   Thumb Code    92  usbd_core.o(i.USBD_LL_Reset)
    USBD_LL_Resume                           0x0800434d   Thumb Code    22  usbd_core.o(i.USBD_LL_Resume)
    USBD_LL_SOF                              0x08004363   Thumb Code    34  usbd_core.o(i.USBD_LL_SOF)
    USBD_LL_SetSpeed                         0x08004385   Thumb Code     8  usbd_core.o(i.USBD_LL_SetSpeed)
    USBD_LL_SetUSBAddress                    0x0800438d   Thumb Code    38  usbd_conf.o(i.USBD_LL_SetUSBAddress)
    USBD_LL_SetupStage                       0x080043b3   Thumb Code   110  usbd_core.o(i.USBD_LL_SetupStage)
    USBD_LL_StallEP                          0x08004421   Thumb Code    38  usbd_conf.o(i.USBD_LL_StallEP)
    USBD_LL_Start                            0x08004447   Thumb Code    30  usbd_conf.o(i.USBD_LL_Start)
    USBD_LL_Suspend                          0x08004465   Thumb Code    20  usbd_core.o(i.USBD_LL_Suspend)
    USBD_LL_Transmit                         0x08004479   Thumb Code    48  usbd_conf.o(i.USBD_LL_Transmit)
    USBD_ParseSetupRequest                   0x080044a9   Thumb Code    40  usbd_ctlreq.o(i.USBD_ParseSetupRequest)
    USBD_RegisterClass                       0x080044d1   Thumb Code    16  usbd_core.o(i.USBD_RegisterClass)
    USBD_RunTestMode                         0x080044e1   Thumb Code     6  usbd_core.o(i.USBD_RunTestMode)
    USBD_SetClassConfig                      0x08004541   Thumb Code    34  usbd_core.o(i.USBD_SetClassConfig)
    USBD_Start                               0x08004665   Thumb Code    14  usbd_core.o(i.USBD_Start)
    USBD_StdDevReq                           0x08004673   Thumb Code   162  usbd_ctlreq.o(i.USBD_StdDevReq)
    USBD_StdEPReq                            0x08004715   Thumb Code   568  usbd_ctlreq.o(i.USBD_StdEPReq)
    USBD_StdItfReq                           0x0800494d   Thumb Code   126  usbd_ctlreq.o(i.USBD_StdItfReq)
    USBD_static_free                         0x080049cb   Thumb Code     2  usbd_conf.o(i.USBD_static_free)
    USBD_static_malloc                       0x080049cd   Thumb Code     6  usbd_conf.o(i.USBD_static_malloc)
    USB_ActivateEndpoint                     0x080049d9   Thumb Code  1100  stm32f1xx_ll_usb.o(i.USB_ActivateEndpoint)
    USB_CoreInit                             0x08004e25   Thumb Code     8  stm32f1xx_ll_usb.o(i.USB_CoreInit)
    USB_DeactivateEndpoint                   0x08004e2d   Thumb Code   636  stm32f1xx_ll_usb.o(i.USB_DeactivateEndpoint)
    USB_DevConnect                           0x080050a9   Thumb Code     6  stm32f1xx_ll_usb.o(i.USB_DevConnect)
    USB_DevDisconnect                        0x080050af   Thumb Code     6  stm32f1xx_ll_usb.o(i.USB_DevDisconnect)
    USB_DevInit                              0x080050b5   Thumb Code    22  stm32f1xx_ll_usb.o(i.USB_DevInit)
    USB_DisableGlobalInt                     0x080050cb   Thumb Code    20  stm32f1xx_ll_usb.o(i.USB_DisableGlobalInt)
    USB_EP0_OutStart                         0x080050df   Thumb Code     6  stm32f1xx_ll_usb.o(i.USB_EP0_OutStart)
    USB_EPClearStall                         0x080050e5   Thumb Code   218  stm32f1xx_ll_usb.o(i.USB_EPClearStall)
    USB_EPSetStall                           0x080051bf   Thumb Code    92  stm32f1xx_ll_usb.o(i.USB_EPSetStall)
    USB_EPStartXfer                          0x0800521b   Thumb Code  2558  stm32f1xx_ll_usb.o(i.USB_EPStartXfer)
    USB_EnableGlobalInt                      0x08005c19   Thumb Code    18  stm32f1xx_ll_usb.o(i.USB_EnableGlobalInt)
    USB_LP_CAN1_RX0_IRQHandler               0x08005c2d   Thumb Code    10  stm32f1xx_it.o(i.USB_LP_CAN1_RX0_IRQHandler)
    USB_ReadInterrupts                       0x08005c3d   Thumb Code     8  stm32f1xx_ll_usb.o(i.USB_ReadInterrupts)
    USB_ReadPMA                              0x08005c45   Thumb Code    74  stm32f1xx_ll_usb.o(i.USB_ReadPMA)
    USB_SetCurrentMode                       0x08005c8f   Thumb Code     6  stm32f1xx_ll_usb.o(i.USB_SetCurrentMode)
    USB_SetDevAddress                        0x08005c95   Thumb Code    14  stm32f1xx_ll_usb.o(i.USB_SetDevAddress)
    USB_WritePMA                             0x08005ca3   Thumb Code    66  stm32f1xx_ll_usb.o(i.USB_WritePMA)
    UsageFault_Handler                       0x08005ce5   Thumb Code     4  stm32f1xx_it.o(i.UsageFault_Handler)
    __0snprintf$1                            0x08005ce9   Thumb Code    44  printf1.o(i.__0snprintf$1)
    __1snprintf$1                            0x08005ce9   Thumb Code     0  printf1.o(i.__0snprintf$1)
    __2snprintf                              0x08005ce9   Thumb Code     0  printf1.o(i.__0snprintf$1)
    __scatterload_copy                       0x08005d51   Thumb Code    14  handlers.o(i.__scatterload_copy)
    __scatterload_null                       0x08005d5f   Thumb Code     2  handlers.o(i.__scatterload_null)
    __scatterload_zeroinit                   0x08005d61   Thumb Code    14  handlers.o(i.__scatterload_zeroinit)
    main                                     0x08005edd   Thumb Code   216  main.o(i.main)
    ssd1306_DrawPixel                        0x08005fe1   Thumb Code   152  ssd1306.o(i.ssd1306_DrawPixel)
    ssd1306_DrawRectangle                    0x08006081   Thumb Code    74  ssd1306.o(i.ssd1306_DrawRectangle)
    ssd1306_Fill                             0x080060cd   Thumb Code    28  ssd1306.o(i.ssd1306_Fill)
    ssd1306_Init                             0x080060ed   Thumb Code   198  ssd1306.o(i.ssd1306_Init)
    ssd1306_Line                             0x080061b9   Thumb Code   140  ssd1306.o(i.ssd1306_Line)
    ssd1306_Reset                            0x08006245   Thumb Code    48  ssd1306.o(i.ssd1306_Reset)
    ssd1306_SetContrast                      0x08006279   Thumb Code    20  ssd1306.o(i.ssd1306_SetContrast)
    ssd1306_SetCursor                        0x0800628d   Thumb Code     8  ssd1306.o(i.ssd1306_SetCursor)
    ssd1306_SetDisplayOn                     0x08006299   Thumb Code    32  ssd1306.o(i.ssd1306_SetDisplayOn)
    ssd1306_UpdateScreen                     0x080062bd   Thumb Code    52  ssd1306.o(i.ssd1306_UpdateScreen)
    ssd1306_WriteChar                        0x080062f5   Thumb Code   184  ssd1306.o(i.ssd1306_WriteChar)
    ssd1306_WriteCommand                     0x080063b1   Thumb Code    52  ssd1306.o(i.ssd1306_WriteCommand)
    ssd1306_WriteData                        0x080063ed   Thumb Code    54  ssd1306.o(i.ssd1306_WriteData)
    ssd1306_WriteString                      0x0800642d   Thumb Code    44  ssd1306.o(i.ssd1306_WriteString)
    AHBPrescTable                            0x08006458   Data          16  system_stm32f1xx.o(.constdata)
    APBPrescTable                            0x08006468   Data           8  system_stm32f1xx.o(.constdata)
    Region$$Table$$Base                      0x08009274   Number         0  anon$$obj.o(Region$$Table)
    Region$$Table$$Limit                     0x08009294   Number         0  anon$$obj.o(Region$$Table)
    loopcount                                0x20000000   Data           4  main.o(.data)
    uwTick                                   0x20000004   Data           4  stm32f1xx_hal.o(.data)
    uwTickPrio                               0x20000008   Data           4  stm32f1xx_hal.o(.data)
    uwTickFreq                               0x2000000c   Data           1  stm32f1xx_hal.o(.data)
    SystemCoreClock                          0x20000010   Data           4  system_stm32f1xx.o(.data)
    Font_6x8                                 0x2000001c   Data           8  ssd1306_fonts.o(.data)
    Font_7x10                                0x20000024   Data           8  ssd1306_fonts.o(.data)
    Font_11x18                               0x2000002c   Data           8  ssd1306_fonts.o(.data)
    Font_16x26                               0x20000034   Data           8  ssd1306_fonts.o(.data)
    FS_Desc                                  0x2000003c   Data          28  usbd_desc.o(.data)
    USBD_FS_DeviceDesc                       0x20000058   Data          18  usbd_desc.o(.data)
    USBD_LangIDDesc                          0x2000006c   Data           4  usbd_desc.o(.data)
    USBD_StringSerial                        0x20000070   Data          26  usbd_desc.o(.data)
    USBD_Interface_fops_FS                   0x2000008c   Data          16  usbd_cdc_if.o(.data)
    USBD_CDC                                 0x200000ac   Data          56  usbd_cdc.o(.data)
    USBD_CDC_CfgHSDesc                       0x200000e4   Data          67  usbd_cdc.o(.data)
    USBD_CDC_CfgFSDesc                       0x20000128   Data          67  usbd_cdc.o(.data)
    USBD_CDC_OtherSpeedCfgDesc               0x2000016c   Data          67  usbd_cdc.o(.data)
    hi2c1                                    0x200001b0   Data          84  i2c.o(.bss)
    hrtc                                     0x20000204   Data          20  rtc.o(.bss)
    hspi1                                    0x20000218   Data          88  spi.o(.bss)
    hdma_spi1_tx                             0x20000270   Data          68  spi.o(.bss)
    huart2                                   0x200002b4   Data          64  usart.o(.bss)
    hUsbDeviceFS                             0x200006f4   Data         708  usb_device.o(.bss)
    USBD_StrDesc                             0x200009b8   Data         512  usbd_desc.o(.bss)
    UserRxBufferFS                           0x20000bb8   Data        1000  usbd_cdc_if.o(.bss)
    UserTxBufferFS                           0x20000fa0   Data        1000  usbd_cdc_if.o(.bss)
    hpcd_USB_FS                              0x20001388   Data         748  usbd_conf.o(.bss)
    __initial_sp                             0x20002898   Data           0  startup_stm32f103xb.o(STACK)



==============================================================================

Memory Map of the image

  Image Entry point : 0x080000ed

  Load Region LR_IROM1 (Base: 0x08000000, Size: 0x00009444, Max: 0x00010000, ABSOLUTE, COMPRESSED[0x00009374])

    Execution Region ER_IROM1 (Exec base: 0x08000000, Load base: 0x08000000, Size: 0x00009294, Max: 0x00010000, ABSOLUTE)

    Exec Addr    Load Addr    Size         Type   Attr      Idx    E Section Name        Object

    0x08000000   0x08000000   0x000000ec   Data   RO            3    RESET               startup_stm32f103xb.o
    0x080000ec   0x080000ec   0x00000000   Code   RO         4606  * .ARM.Collect$$$$00000000  mc_w.l(entry.o)
    0x080000ec   0x080000ec   0x00000004   Code   RO         4930    .ARM.Collect$$$$00000001  mc_w.l(entry2.o)
    0x080000f0   0x080000f0   0x00000004   Code   RO         4933    .ARM.Collect$$$$00000004  mc_w.l(entry5.o)
    0x080000f4   0x080000f4   0x00000000   Code   RO         4935    .ARM.Collect$$$$00000008  mc_w.l(entry7b.o)
    0x080000f4   0x080000f4   0x00000000   Code   RO         4937    .ARM.Collect$$$$0000000A  mc_w.l(entry8b.o)
    0x080000f4   0x080000f4   0x00000008   Code   RO         4938    .ARM.Collect$$$$0000000B  mc_w.l(entry9a.o)
    0x080000fc   0x080000fc   0x00000000   Code   RO         4940    .ARM.Collect$$$$0000000D  mc_w.l(entry10a.o)
    0x080000fc   0x080000fc   0x00000000   Code   RO         4942    .ARM.Collect$$$$0000000F  mc_w.l(entry11a.o)
    0x080000fc   0x080000fc   0x00000004   Code   RO         4931    .ARM.Collect$$$$00002712  mc_w.l(entry2.o)
    0x08000100   0x08000100   0x00000024   Code   RO            4    .text               startup_stm32f103xb.o
    0x08000124   0x08000124   0x00000040   Code   RO         4613    .text               mc_w.l(memmovea.o)
    0x08000164   0x08000164   0x00000024   Code   RO         4615    .text               mc_w.l(memseta.o)
    0x08000188   0x08000188   0x0000002c   Code   RO         4947    .text               mc_w.l(uidiv.o)
    0x080001b4   0x080001b4   0x00000024   Code   RO         4973    .text               mc_w.l(init.o)
    0x080001d8   0x080001d8   0x00000056   Code   RO         4993    .text               mc_w.l(__dczerorl2.o)
    0x0800022e   0x0800022e   0x00000004   Code   RO          448    i.BusFault_Handler  stm32f1xx_it.o
    0x08000232   0x08000232   0x00000044   Code   RO         3931    i.CDC_Control_FS    usbd_cdc_if.o
    0x08000276   0x08000276   0x00000004   Code   RO         3932    i.CDC_DeInit_FS     usbd_cdc_if.o
    0x0800027a   0x0800027a   0x00000002   PAD
    0x0800027c   0x0800027c   0x00000024   Code   RO         3933    i.CDC_Init_FS       usbd_cdc_if.o
    0x080002a0   0x080002a0   0x0000001c   Code   RO         3934    i.CDC_Receive_FS    usbd_cdc_if.o
    0x080002bc   0x080002bc   0x00000010   Code   RO          449    i.DMA1_Channel3_IRQHandler  stm32f1xx_it.o
    0x080002cc   0x080002cc   0x00000002   Code   RO          450    i.DebugMon_Handler  stm32f1xx_it.o
    0x080002ce   0x080002ce   0x00000002   Code   RO           13    i.Error_Handler     main.o
    0x080002d0   0x080002d0   0x00000034   Code   RO         3841    i.Get_SerialNum     usbd_desc.o
    0x08000304   0x08000304   0x000000b0   Code   RO         1440    i.HAL_DMA_Abort_IT  stm32f1xx_hal_dma.o
    0x080003b4   0x080003b4   0x0000019c   Code   RO         1444    i.HAL_DMA_IRQHandler  stm32f1xx_hal_dma.o
    0x08000550   0x08000550   0x00000068   Code   RO         1445    i.HAL_DMA_Init      stm32f1xx_hal_dma.o
    0x080005b8   0x080005b8   0x00000028   Code   RO         1062    i.HAL_Delay         stm32f1xx_hal.o
    0x080005e0   0x080005e0   0x00000320   Code   RO         1375    i.HAL_GPIO_Init     stm32f1xx_hal_gpio.o
    0x08000900   0x08000900   0x0000000c   Code   RO         1379    i.HAL_GPIO_WritePin  stm32f1xx_hal_gpio.o
    0x0800090c   0x0800090c   0x0000000c   Code   RO         1066    i.HAL_GetTick       stm32f1xx_hal.o
    0x08000918   0x08000918   0x000001d0   Code   RO         2072    i.HAL_I2C_Init      stm32f1xx_hal_i2c.o
    0x08000ae8   0x08000ae8   0x00000074   Code   RO          281    i.HAL_I2C_MspInit   i2c.o
    0x08000b5c   0x08000b5c   0x00000018   Code   RO         1072    i.HAL_IncTick       stm32f1xx_hal.o
    0x08000b74   0x08000b74   0x00000028   Code   RO         1073    i.HAL_Init          stm32f1xx_hal.o
    0x08000b9c   0x08000b9c   0x0000004c   Code   RO         1074    i.HAL_InitTick      stm32f1xx_hal.o
    0x08000be8   0x08000be8   0x00000054   Code   RO          542    i.HAL_MspInit       stm32f1xx_hal_msp.o
    0x08000c3c   0x08000c3c   0x00000020   Code   RO         1535    i.HAL_NVIC_EnableIRQ  stm32f1xx_hal_cortex.o
    0x08000c5c   0x08000c5c   0x0000007c   Code   RO         1541    i.HAL_NVIC_SetPriority  stm32f1xx_hal_cortex.o
    0x08000cd8   0x08000cd8   0x00000028   Code   RO         1542    i.HAL_NVIC_SetPriorityGrouping  stm32f1xx_hal_cortex.o
    0x08000d00   0x08000d00   0x00000044   Code   RO          835    i.HAL_PCDEx_PMAConfig  stm32f1xx_hal_pcd_ex.o
    0x08000d44   0x08000d44   0x00000002   Code   RO         3983    i.HAL_PCDEx_SetConnectionState  usbd_conf.o
    0x08000d46   0x08000d46   0x00000020   Code   RO         3985    i.HAL_PCD_DataInStageCallback  usbd_conf.o
    0x08000d66   0x08000d66   0x00000020   Code   RO         3986    i.HAL_PCD_DataOutStageCallback  usbd_conf.o
    0x08000d86   0x08000d86   0x0000006a   Code   RO          611    i.HAL_PCD_EP_Close  stm32f1xx_hal_pcd.o
    0x08000df0   0x08000df0   0x0000007c   Code   RO          612    i.HAL_PCD_EP_ClrStall  stm32f1xx_hal_pcd.o
    0x08000e6c   0x08000e6c   0x00000158   Code   RO          613    i.HAL_PCD_EP_DB_Receive  stm32f1xx_hal_pcd.o
    0x08000fc4   0x08000fc4   0x00000376   Code   RO          614    i.HAL_PCD_EP_DB_Transmit  stm32f1xx_hal_pcd.o
    0x0800133a   0x0800133a   0x00000016   Code   RO          616    i.HAL_PCD_EP_GetRxCount  stm32f1xx_hal_pcd.o
    0x08001350   0x08001350   0x0000008c   Code   RO          617    i.HAL_PCD_EP_Open   stm32f1xx_hal_pcd.o
    0x080013dc   0x080013dc   0x0000004c   Code   RO          618    i.HAL_PCD_EP_Receive  stm32f1xx_hal_pcd.o
    0x08001428   0x08001428   0x00000088   Code   RO          619    i.HAL_PCD_EP_SetStall  stm32f1xx_hal_pcd.o
    0x080014b0   0x080014b0   0x00000056   Code   RO          620    i.HAL_PCD_EP_Transmit  stm32f1xx_hal_pcd.o
    0x08001506   0x08001506   0x000001e2   Code   RO          622    i.HAL_PCD_IRQHandler  stm32f1xx_hal_pcd.o
    0x080016e8   0x080016e8   0x00000158   Code   RO          625    i.HAL_PCD_Init      stm32f1xx_hal_pcd.o
    0x08001840   0x08001840   0x00000044   Code   RO         3991    i.HAL_PCD_MspInit   usbd_conf.o
    0x08001884   0x08001884   0x00000024   Code   RO         3992    i.HAL_PCD_ResetCallback  usbd_conf.o
    0x080018a8   0x080018a8   0x0000000e   Code   RO         3993    i.HAL_PCD_ResumeCallback  usbd_conf.o
    0x080018b6   0x080018b6   0x0000000e   Code   RO         3994    i.HAL_PCD_SOFCallback  usbd_conf.o
    0x080018c4   0x080018c4   0x00000036   Code   RO          631    i.HAL_PCD_SetAddress  stm32f1xx_hal_pcd.o
    0x080018fa   0x080018fa   0x00000012   Code   RO         3995    i.HAL_PCD_SetupStageCallback  usbd_conf.o
    0x0800190c   0x0800190c   0x0000003c   Code   RO          633    i.HAL_PCD_Start     stm32f1xx_hal_pcd.o
    0x08001948   0x08001948   0x00000024   Code   RO         3996    i.HAL_PCD_SuspendCallback  usbd_conf.o
    0x0800196c   0x0800196c   0x0000000c   Code   RO         1662    i.HAL_PWR_EnableBkUpAccess  stm32f1xx_hal_pwr.o
    0x08001978   0x08001978   0x00000118   Code   RO         1337    i.HAL_RCCEx_GetPeriphCLKFreq  stm32f1xx_hal_rcc_ex.o
    0x08001a90   0x08001a90   0x00000130   Code   RO         1338    i.HAL_RCCEx_PeriphCLKConfig  stm32f1xx_hal_rcc_ex.o
    0x08001bc0   0x08001bc0   0x0000018c   Code   RO         1230    i.HAL_RCC_ClockConfig  stm32f1xx_hal_rcc.o
    0x08001d4c   0x08001d4c   0x0000000c   Code   RO         1235    i.HAL_RCC_GetHCLKFreq  stm32f1xx_hal_rcc.o
    0x08001d58   0x08001d58   0x00000020   Code   RO         1237    i.HAL_RCC_GetPCLK1Freq  stm32f1xx_hal_rcc.o
    0x08001d78   0x08001d78   0x00000020   Code   RO         1238    i.HAL_RCC_GetPCLK2Freq  stm32f1xx_hal_rcc.o
    0x08001d98   0x08001d98   0x00000094   Code   RO         1239    i.HAL_RCC_GetSysClockFreq  stm32f1xx_hal_rcc.o
    0x08001e2c   0x08001e2c   0x00000464   Code   RO         1242    i.HAL_RCC_OscConfig  stm32f1xx_hal_rcc.o
    0x08002290   0x08002290   0x000000d0   Code   RO         2541    i.HAL_RTC_Init      stm32f1xx_hal_rtc.o
    0x08002360   0x08002360   0x00000040   Code   RO          323    i.HAL_RTC_MspInit   rtc.o
    0x080023a0   0x080023a0   0x000000f8   Code   RO         2547    i.HAL_RTC_SetDate   stm32f1xx_hal_rtc.o
    0x08002498   0x08002498   0x000000dc   Code   RO         2548    i.HAL_RTC_SetTime   stm32f1xx_hal_rtc.o
    0x08002574   0x08002574   0x00000040   Code   RO         2549    i.HAL_RTC_WaitForSynchro  stm32f1xx_hal_rtc.o
    0x080025b4   0x080025b4   0x00000002   Code   RO         2817    i.HAL_SPI_ErrorCallback  stm32f1xx_hal_spi.o
    0x080025b6   0x080025b6   0x00000002   PAD
    0x080025b8   0x080025b8   0x00000134   Code   RO         2820    i.HAL_SPI_IRQHandler  stm32f1xx_hal_spi.o
    0x080026ec   0x080026ec   0x000000be   Code   RO         2821    i.HAL_SPI_Init      stm32f1xx_hal_spi.o
    0x080027aa   0x080027aa   0x00000002   PAD
    0x080027ac   0x080027ac   0x000000d4   Code   RO          365    i.HAL_SPI_MspInit   spi.o
    0x08002880   0x08002880   0x000001ae   Code   RO         2829    i.HAL_SPI_Transmit  stm32f1xx_hal_spi.o
    0x08002a2e   0x08002a2e   0x00000034   Code   RO         1546    i.HAL_SYSTICK_Config  stm32f1xx_hal_cortex.o
    0x08002a62   0x08002a62   0x00000072   Code   RO         3193    i.HAL_UART_Init     stm32f1xx_hal_uart.o
    0x08002ad4   0x08002ad4   0x00000084   Code   RO          407    i.HAL_UART_MspInit  usart.o
    0x08002b58   0x08002b58   0x00000004   Code   RO          451    i.HardFault_Handler  stm32f1xx_it.o
    0x08002b5c   0x08002b5c   0x0000003e   Code   RO         3842    i.IntToUnicode      usbd_desc.o
    0x08002b9a   0x08002b9a   0x00000002   PAD
    0x08002b9c   0x08002b9c   0x00000034   Code   RO          256    i.MX_DMA_Init       dma.o
    0x08002bd0   0x08002bd0   0x000000ec   Code   RO          232    i.MX_GPIO_Init      gpio.o
    0x08002cbc   0x08002cbc   0x0000003c   Code   RO          282    i.MX_I2C1_Init      i2c.o
    0x08002cf8   0x08002cf8   0x00000074   Code   RO          324    i.MX_RTC_Init       rtc.o
    0x08002d6c   0x08002d6c   0x00000044   Code   RO          366    i.MX_SPI1_Init      spi.o
    0x08002db0   0x08002db0   0x00000038   Code   RO          408    i.MX_USART2_UART_Init  usart.o
    0x08002de8   0x08002de8   0x0000004c   Code   RO         3810    i.MX_USB_DEVICE_Init  usb_device.o
    0x08002e34   0x08002e34   0x00000004   Code   RO          452    i.MemManage_Handler  stm32f1xx_it.o
    0x08002e38   0x08002e38   0x00000002   Code   RO          453    i.NMI_Handler       stm32f1xx_it.o
    0x08002e3a   0x08002e3a   0x000003e2   Code   RO          637    i.PCD_EP_ISR_Handler  stm32f1xx_hal_pcd.o
    0x0800321c   0x0800321c   0x00000002   Code   RO          454    i.PendSV_Handler    stm32f1xx_it.o
    0x0800321e   0x0800321e   0x00000002   PAD
    0x08003220   0x08003220   0x00000028   Code   RO         1243    i.RCC_Delay         stm32f1xx_hal_rcc.o
    0x08003248   0x08003248   0x00000016   Code   RO         2550    i.RTC_Bcd2ToByte    stm32f1xx_hal_rtc.o
    0x0800325e   0x0800325e   0x0000003a   Code   RO         2553    i.RTC_EnterInitMode  stm32f1xx_hal_rtc.o
    0x08003298   0x08003298   0x0000003a   Code   RO         2554    i.RTC_ExitInitMode  stm32f1xx_hal_rtc.o
    0x080032d2   0x080032d2   0x00000018   Code   RO         2556    i.RTC_ReadAlarmCounter  stm32f1xx_hal_rtc.o
    0x080032ea   0x080032ea   0x00000034   Code   RO         2557    i.RTC_ReadTimeCounter  stm32f1xx_hal_rtc.o
    0x0800331e   0x0800331e   0x00000084   Code   RO         2558    i.RTC_WeekDayNum    stm32f1xx_hal_rtc.o
    0x080033a2   0x080033a2   0x0000002e   Code   RO         2559    i.RTC_WriteAlarmCounter  stm32f1xx_hal_rtc.o
    0x080033d0   0x080033d0   0x0000002e   Code   RO         2560    i.RTC_WriteTimeCounter  stm32f1xx_hal_rtc.o
    0x080033fe   0x080033fe   0x00000002   PAD
    0x08003400   0x08003400   0x00000010   Code   RO          455    i.SPI1_IRQHandler   stm32f1xx_it.o
    0x08003410   0x08003410   0x00000014   Code   RO         2848    i.SPI_DMAAbortOnError  stm32f1xx_hal_spi.o
    0x08003424   0x08003424   0x00000028   Code   RO         2859    i.SPI_EndRxTxTransaction  stm32f1xx_hal_spi.o
    0x0800344c   0x0800344c   0x000000d8   Code   RO         2864    i.SPI_WaitFlagStateUntilTimeout  stm32f1xx_hal_spi.o
    0x08003524   0x08003524   0x00000002   Code   RO          456    i.SVC_Handler       stm32f1xx_it.o
    0x08003526   0x08003526   0x00000008   Code   RO          457    i.SysTick_Handler   stm32f1xx_it.o
    0x0800352e   0x0800352e   0x0000008c   Code   RO           15    i.SystemClock_Config  main.o
    0x080035ba   0x080035ba   0x00000002   Code   RO         3500    i.SystemInit        system_stm32f1xx.o
    0x080035bc   0x080035bc   0x000000fc   Code   RO         3220    i.UART_SetConfig    stm32f1xx_hal_uart.o
    0x080036b8   0x080036b8   0x0000007c   Code   RO         4488    i.USBD_CDC_DataIn   usbd_cdc.o
    0x08003734   0x08003734   0x00000034   Code   RO         4489    i.USBD_CDC_DataOut  usbd_cdc.o
    0x08003768   0x08003768   0x0000004e   Code   RO         4490    i.USBD_CDC_DeInit   usbd_cdc.o
    0x080037b6   0x080037b6   0x00000032   Code   RO         4491    i.USBD_CDC_EP0_RxReady  usbd_cdc.o
    0x080037e8   0x080037e8   0x00000010   Code   RO         4492    i.USBD_CDC_GetDeviceQualifierDescriptor  usbd_cdc.o
    0x080037f8   0x080037f8   0x00000010   Code   RO         4493    i.USBD_CDC_GetFSCfgDesc  usbd_cdc.o
    0x08003808   0x08003808   0x00000010   Code   RO         4494    i.USBD_CDC_GetHSCfgDesc  usbd_cdc.o
    0x08003818   0x08003818   0x00000010   Code   RO         4495    i.USBD_CDC_GetOtherSpeedCfgDesc  usbd_cdc.o
    0x08003828   0x08003828   0x000000b8   Code   RO         4496    i.USBD_CDC_Init     usbd_cdc.o
    0x080038e0   0x080038e0   0x0000003a   Code   RO         4497    i.USBD_CDC_ReceivePacket  usbd_cdc.o
    0x0800391a   0x0800391a   0x0000000e   Code   RO         4498    i.USBD_CDC_RegisterInterface  usbd_cdc.o
    0x08003928   0x08003928   0x0000000e   Code   RO         4499    i.USBD_CDC_SetRxBuffer  usbd_cdc.o
    0x08003936   0x08003936   0x00000014   Code   RO         4500    i.USBD_CDC_SetTxBuffer  usbd_cdc.o
    0x0800394a   0x0800394a   0x000000f4   Code   RO         4501    i.USBD_CDC_Setup    usbd_cdc.o
    0x08003a3e   0x08003a3e   0x00000016   Code   RO         4195    i.USBD_ClrClassConfig  usbd_core.o
    0x08003a54   0x08003a54   0x0000003e   Code   RO         4333    i.USBD_ClrFeature   usbd_ctlreq.o
    0x08003a92   0x08003a92   0x00000018   Code   RO         4428    i.USBD_CtlContinueRx  usbd_ioreq.o
    0x08003aaa   0x08003aaa   0x00000018   Code   RO         4429    i.USBD_CtlContinueSendData  usbd_ioreq.o
    0x08003ac2   0x08003ac2   0x00000018   Code   RO         4334    i.USBD_CtlError     usbd_ctlreq.o
    0x08003ada   0x08003ada   0x00000028   Code   RO         4430    i.USBD_CtlPrepareRx  usbd_ioreq.o
    0x08003b02   0x08003b02   0x0000001a   Code   RO         4431    i.USBD_CtlReceiveStatus  usbd_ioreq.o
    0x08003b1c   0x08003b1c   0x00000022   Code   RO         4432    i.USBD_CtlSendData  usbd_ioreq.o
    0x08003b3e   0x08003b3e   0x0000001a   Code   RO         4433    i.USBD_CtlSendStatus  usbd_ioreq.o
    0x08003b58   0x08003b58   0x00000034   Code   RO         3843    i.USBD_FS_ConfigStrDescriptor  usbd_desc.o
    0x08003b8c   0x08003b8c   0x00000010   Code   RO         3844    i.USBD_FS_DeviceDescriptor  usbd_desc.o
    0x08003b9c   0x08003b9c   0x00000038   Code   RO         3845    i.USBD_FS_InterfaceStrDescriptor  usbd_desc.o
    0x08003bd4   0x08003bd4   0x00000010   Code   RO         3846    i.USBD_FS_LangIDStrDescriptor  usbd_desc.o
    0x08003be4   0x08003be4   0x0000002c   Code   RO         3847    i.USBD_FS_ManufacturerStrDescriptor  usbd_desc.o
    0x08003c10   0x08003c10   0x00000040   Code   RO         3848    i.USBD_FS_ProductStrDescriptor  usbd_desc.o
    0x08003c50   0x08003c50   0x00000018   Code   RO         3849    i.USBD_FS_SerialStrDescriptor  usbd_desc.o
    0x08003c68   0x08003c68   0x00000056   Code   RO         4335    i.USBD_GetConfig    usbd_ctlreq.o
    0x08003cbe   0x08003cbe   0x000001f4   Code   RO         4336    i.USBD_GetDescriptor  usbd_ctlreq.o
    0x08003eb2   0x08003eb2   0x00000014   Code   RO         4337    i.USBD_GetLen       usbd_ctlreq.o
    0x08003ec6   0x08003ec6   0x0000005a   Code   RO         4338    i.USBD_GetStatus    usbd_ctlreq.o
    0x08003f20   0x08003f20   0x00000052   Code   RO         4339    i.USBD_GetString    usbd_ctlreq.o
    0x08003f72   0x08003f72   0x0000002c   Code   RO         3997    i.USBD_Get_USB_Status  usbd_conf.o
    0x08003f9e   0x08003f9e   0x00000032   Code   RO         4197    i.USBD_Init         usbd_core.o
    0x08003fd0   0x08003fd0   0x00000026   Code   RO         3998    i.USBD_LL_ClearStallEP  usbd_conf.o
    0x08003ff6   0x08003ff6   0x00000026   Code   RO         3999    i.USBD_LL_CloseEP   usbd_conf.o
    0x0800401c   0x0800401c   0x00000100   Code   RO         4198    i.USBD_LL_DataInStage  usbd_core.o
    0x0800411c   0x0800411c   0x000000a6   Code   RO         4199    i.USBD_LL_DataOutStage  usbd_core.o
    0x080041c2   0x080041c2   0x00000012   Code   RO         4003    i.USBD_LL_GetRxDataSize  usbd_conf.o
    0x080041d4   0x080041d4   0x00000084   Code   RO         4004    i.USBD_LL_Init      usbd_conf.o
    0x08004258   0x08004258   0x00000038   Code   RO         4005    i.USBD_LL_IsStallEP  usbd_conf.o
    0x08004290   0x08004290   0x00000030   Code   RO         4006    i.USBD_LL_OpenEP    usbd_conf.o
    0x080042c0   0x080042c0   0x00000030   Code   RO         4007    i.USBD_LL_PrepareReceive  usbd_conf.o
    0x080042f0   0x080042f0   0x0000005c   Code   RO         4204    i.USBD_LL_Reset     usbd_core.o
    0x0800434c   0x0800434c   0x00000016   Code   RO         4205    i.USBD_LL_Resume    usbd_core.o
    0x08004362   0x08004362   0x00000022   Code   RO         4206    i.USBD_LL_SOF       usbd_core.o
    0x08004384   0x08004384   0x00000008   Code   RO         4207    i.USBD_LL_SetSpeed  usbd_core.o
    0x0800438c   0x0800438c   0x00000026   Code   RO         4008    i.USBD_LL_SetUSBAddress  usbd_conf.o
    0x080043b2   0x080043b2   0x0000006e   Code   RO         4208    i.USBD_LL_SetupStage  usbd_core.o
    0x08004420   0x08004420   0x00000026   Code   RO         4009    i.USBD_LL_StallEP   usbd_conf.o
    0x08004446   0x08004446   0x0000001e   Code   RO         4010    i.USBD_LL_Start     usbd_conf.o
    0x08004464   0x08004464   0x00000014   Code   RO         4209    i.USBD_LL_Suspend   usbd_core.o
    0x08004478   0x08004478   0x00000030   Code   RO         4012    i.USBD_LL_Transmit  usbd_conf.o
    0x080044a8   0x080044a8   0x00000028   Code   RO         4340    i.USBD_ParseSetupRequest  usbd_ctlreq.o
    0x080044d0   0x080044d0   0x00000010   Code   RO         4210    i.USBD_RegisterClass  usbd_core.o
    0x080044e0   0x080044e0   0x00000006   Code   RO         4211    i.USBD_RunTestMode  usbd_core.o
    0x080044e6   0x080044e6   0x0000005a   Code   RO         4341    i.USBD_SetAddress   usbd_ctlreq.o
    0x08004540   0x08004540   0x00000022   Code   RO         4212    i.USBD_SetClassConfig  usbd_core.o
    0x08004562   0x08004562   0x00000002   PAD
    0x08004564   0x08004564   0x000000e8   Code   RO         4342    i.USBD_SetConfig    usbd_ctlreq.o
    0x0800464c   0x0800464c   0x00000018   Code   RO         4343    i.USBD_SetFeature   usbd_ctlreq.o
    0x08004664   0x08004664   0x0000000e   Code   RO         4213    i.USBD_Start        usbd_core.o
    0x08004672   0x08004672   0x000000a2   Code   RO         4344    i.USBD_StdDevReq    usbd_ctlreq.o
    0x08004714   0x08004714   0x00000238   Code   RO         4345    i.USBD_StdEPReq     usbd_ctlreq.o
    0x0800494c   0x0800494c   0x0000007e   Code   RO         4346    i.USBD_StdItfReq    usbd_ctlreq.o
    0x080049ca   0x080049ca   0x00000002   Code   RO         4013    i.USBD_static_free  usbd_conf.o
    0x080049cc   0x080049cc   0x0000000c   Code   RO         4014    i.USBD_static_malloc  usbd_conf.o
    0x080049d8   0x080049d8   0x0000044c   Code   RO          875    i.USB_ActivateEndpoint  stm32f1xx_ll_usb.o
    0x08004e24   0x08004e24   0x00000008   Code   RO          878    i.USB_CoreInit      stm32f1xx_ll_usb.o
    0x08004e2c   0x08004e2c   0x0000027c   Code   RO          880    i.USB_DeactivateEndpoint  stm32f1xx_ll_usb.o
    0x080050a8   0x080050a8   0x00000006   Code   RO          881    i.USB_DevConnect    stm32f1xx_ll_usb.o
    0x080050ae   0x080050ae   0x00000006   Code   RO          882    i.USB_DevDisconnect  stm32f1xx_ll_usb.o
    0x080050b4   0x080050b4   0x00000016   Code   RO          883    i.USB_DevInit       stm32f1xx_ll_usb.o
    0x080050ca   0x080050ca   0x00000014   Code   RO          884    i.USB_DisableGlobalInt  stm32f1xx_ll_usb.o
    0x080050de   0x080050de   0x00000006   Code   RO          885    i.USB_EP0_OutStart  stm32f1xx_ll_usb.o
    0x080050e4   0x080050e4   0x000000da   Code   RO          886    i.USB_EPClearStall  stm32f1xx_ll_usb.o
    0x080051be   0x080051be   0x0000005c   Code   RO          887    i.USB_EPSetStall    stm32f1xx_ll_usb.o
    0x0800521a   0x0800521a   0x000009fe   Code   RO          888    i.USB_EPStartXfer   stm32f1xx_ll_usb.o
    0x08005c18   0x08005c18   0x00000012   Code   RO          889    i.USB_EnableGlobalInt  stm32f1xx_ll_usb.o
    0x08005c2a   0x08005c2a   0x00000002   PAD
    0x08005c2c   0x08005c2c   0x00000010   Code   RO          458    i.USB_LP_CAN1_RX0_IRQHandler  stm32f1xx_it.o
    0x08005c3c   0x08005c3c   0x00000008   Code   RO          896    i.USB_ReadInterrupts  stm32f1xx_ll_usb.o
    0x08005c44   0x08005c44   0x0000004a   Code   RO          897    i.USB_ReadPMA       stm32f1xx_ll_usb.o
    0x08005c8e   0x08005c8e   0x00000006   Code   RO          898    i.USB_SetCurrentMode  stm32f1xx_ll_usb.o
    0x08005c94   0x08005c94   0x0000000e   Code   RO          899    i.USB_SetDevAddress  stm32f1xx_ll_usb.o
    0x08005ca2   0x08005ca2   0x00000042   Code   RO          901    i.USB_WritePMA      stm32f1xx_ll_usb.o
    0x08005ce4   0x08005ce4   0x00000004   Code   RO          459    i.UsageFault_Handler  stm32f1xx_it.o
    0x08005ce8   0x08005ce8   0x00000030   Code   RO         4667    i.__0snprintf$1     mc_w.l(printf1.o)
    0x08005d18   0x08005d18   0x00000010   Code   RO         1548    i.__NVIC_GetPriorityGrouping  stm32f1xx_hal_cortex.o
    0x08005d28   0x08005d28   0x00000028   Code   RO         1549    i.__NVIC_SetPriority  stm32f1xx_hal_cortex.o
    0x08005d50   0x08005d50   0x0000000e   Code   RO         4987    i.__scatterload_copy  mc_w.l(handlers.o)
    0x08005d5e   0x08005d5e   0x00000002   Code   RO         4988    i.__scatterload_null  mc_w.l(handlers.o)
    0x08005d60   0x08005d60   0x0000000e   Code   RO         4989    i.__scatterload_zeroinit  mc_w.l(handlers.o)
    0x08005d6e   0x08005d6e   0x00000002   PAD
    0x08005d70   0x08005d70   0x00000154   Code   RO         4673    i._printf_core      mc_w.l(printf1.o)
    0x08005ec4   0x08005ec4   0x00000016   Code   RO         4674    i._snputc           mc_w.l(printf1.o)
    0x08005eda   0x08005eda   0x00000002   PAD
    0x08005edc   0x08005edc   0x00000104   Code   RO           16    i.main              main.o
    0x08005fe0   0x08005fe0   0x000000a0   Code   RO         3540    i.ssd1306_DrawPixel  ssd1306.o
    0x08006080   0x08006080   0x0000004a   Code   RO         3541    i.ssd1306_DrawRectangle  ssd1306.o
    0x080060ca   0x080060ca   0x00000002   PAD
    0x080060cc   0x080060cc   0x00000020   Code   RO         3542    i.ssd1306_Fill      ssd1306.o
    0x080060ec   0x080060ec   0x000000cc   Code   RO         3545    i.ssd1306_Init      ssd1306.o
    0x080061b8   0x080061b8   0x0000008c   Code   RO         3546    i.ssd1306_Line      ssd1306.o
    0x08006244   0x08006244   0x00000034   Code   RO         3549    i.ssd1306_Reset     ssd1306.o
    0x08006278   0x08006278   0x00000014   Code   RO         3550    i.ssd1306_SetContrast  ssd1306.o
    0x0800628c   0x0800628c   0x0000000c   Code   RO         3551    i.ssd1306_SetCursor  ssd1306.o
    0x08006298   0x08006298   0x00000024   Code   RO         3552    i.ssd1306_SetDisplayOn  ssd1306.o
    0x080062bc   0x080062bc   0x00000038   Code   RO         3553    i.ssd1306_UpdateScreen  ssd1306.o
    0x080062f4   0x080062f4   0x000000bc   Code   RO         3554    i.ssd1306_WriteChar  ssd1306.o
    0x080063b0   0x080063b0   0x0000003c   Code   RO         3555    i.ssd1306_WriteCommand  ssd1306.o
    0x080063ec   0x080063ec   0x00000040   Code   RO         3556    i.ssd1306_WriteData  ssd1306.o
    0x0800642c   0x0800642c   0x0000002c   Code   RO         3557    i.ssd1306_WriteString  ssd1306.o
    0x08006458   0x08006458   0x00000018   Data   RO         3501    .constdata          system_stm32f1xx.o
    0x08006470   0x08006470   0x00002e04   Data   RO         3702    .constdata          ssd1306_fonts.o
    0x08009274   0x08009274   0x00000020   Data   RO         4985    Region$$Table       anon$$obj.o


    Execution Region RW_IRAM1 (Exec base: 0x20000000, Load base: 0x08009294, Size: 0x00002898, Max: 0x00005000, ABSOLUTE, COMPRESSED[0x000000e0])

    Exec Addr    Load Addr    Size         Type   Attr      Idx    E Section Name        Object

    0x20000000   COMPRESSED   0x00000004   Data   RW           17    .data               main.o
    0x20000004   COMPRESSED   0x00000009   Data   RW         1080    .data               stm32f1xx_hal.o
    0x2000000d   COMPRESSED   0x00000003   PAD
    0x20000010   COMPRESSED   0x00000004   Data   RW         3502    .data               system_stm32f1xx.o
    0x20000014   COMPRESSED   0x00000008   Data   RW         3559    .data               ssd1306.o
    0x2000001c   COMPRESSED   0x00000020   Data   RW         3703    .data               ssd1306_fonts.o
    0x2000003c   COMPRESSED   0x0000004e   Data   RW         3851    .data               usbd_desc.o
    0x2000008a   COMPRESSED   0x00000002   PAD
    0x2000008c   COMPRESSED   0x00000010   Data   RW         3937    .data               usbd_cdc_if.o
    0x2000009c   COMPRESSED   0x00000001   Data   RW         4347    .data               usbd_ctlreq.o
    0x2000009d   COMPRESSED   0x00000003   PAD
    0x200000a0   COMPRESSED   0x0000010f   Data   RW         4503    .data               usbd_cdc.o
    0x200001af   COMPRESSED   0x00000001   PAD
    0x200001b0        -       0x00000054   Zero   RW          283    .bss                i2c.o
    0x20000204        -       0x00000014   Zero   RW          325    .bss                rtc.o
    0x20000218        -       0x0000009c   Zero   RW          367    .bss                spi.o
    0x200002b4        -       0x00000040   Zero   RW          409    .bss                usart.o
    0x200002f4        -       0x00000400   Zero   RW         3558    .bss                ssd1306.o
    0x200006f4        -       0x000002c4   Zero   RW         3811    .bss                usb_device.o
    0x200009b8        -       0x00000200   Zero   RW         3850    .bss                usbd_desc.o
    0x20000bb8        -       0x000007d0   Zero   RW         3936    .bss                usbd_cdc_if.o
    0x20001388        -       0x0000050c   Zero   RW         4015    .bss                usbd_conf.o
    0x20001894   COMPRESSED   0x00000004   PAD
    0x20001898        -       0x00001000   Zero   RW            1    STACK               startup_stm32f103xb.o


==============================================================================

Image component sizes


      Code (inc. data)   RO Data    RW Data    ZI Data      Debug   Object Name

        52          4          0          0          0        706   dma.o
       236         12          0          0          0        943   gpio.o
       176         24          0          0         84       1533   i2c.o
       402         44          0          4          0     433063   main.o
       180         22          0          0         20       1511   rtc.o
       280         30          0          0        156       1654   spi.o
      1142         56          0          8       1024      11033   ssd1306.o
         0          0      11780         32          0       1259   ssd1306_fonts.o
        36          8        236          0       4096        784   startup_stm32f103xb.o
       192         36          0          9          0       5745   stm32f1xx_hal.o
       304         22          0          0          0      29291   stm32f1xx_hal_cortex.o
       692         12          0          0          0       2571   stm32f1xx_hal_dma.o
       812         34          0          0          0       2620   stm32f1xx_hal_gpio.o
       464         18          0          0          0       2015   stm32f1xx_hal_i2c.o
        84          8          0          0          0        858   stm32f1xx_hal_msp.o
      3854          0          0          0          0      13353   stm32f1xx_hal_pcd.o
        68          0          0          0          0       1142   stm32f1xx_hal_pcd_ex.o
        12          4          0          0          0        495   stm32f1xx_hal_pwr.o
      1784        110          0          0          0       5860   stm32f1xx_hal_rcc.o
       584         46          0          0          0       2349   stm32f1xx_hal_rcc_ex.o
      1178         18          0          0          0       8816   stm32f1xx_hal_rtc.o
      1206         10          0          0          0       6067   stm32f1xx_hal_spi.o
       366          4          0          0          0       1672   stm32f1xx_hal_uart.o
        80         18          0          0          0       5132   stm32f1xx_it.o
      4858          0          0          0          0      18631   stm32f1xx_ll_usb.o
         2          0         24          4          0       1067   system_stm32f1xx.o
       188         22          0          0         64       1586   usart.o
        76         16          0          0        708        724   usb_device.o
       902         24          0        271          0      12004   usbd_cdc.o
       136         16          0         16       2000       2670   usbd_cdc_if.o
       842         30          0          0       1292      14393   usbd_conf.o
       850          0          0          0          0       9659   usbd_core.o
      2106         28          0          1          0      10408   usbd_ctlreq.o
       386        122          0         78        512       6405   usbd_desc.o
       174          0          0          0          0       4408   usbd_ioreq.o

    ----------------------------------------------------------------------
     24722        798      12072        432       9960     622427   Object Totals
         0          0         32          0          0          0   (incl. Generated)
        18          0          0          9          4          0   (incl. Padding)

    ----------------------------------------------------------------------

      Code (inc. data)   RO Data    RW Data    ZI Data      Debug   Library Member Name

        86          0          0          0          0          0   __dczerorl2.o
         0          0          0          0          0          0   entry.o
         0          0          0          0          0          0   entry10a.o
         0          0          0          0          0          0   entry11a.o
         8          4          0          0          0          0   entry2.o
         4          0          0          0          0          0   entry5.o
         0          0          0          0          0          0   entry7b.o
         0          0          0          0          0          0   entry8b.o
         8          4          0          0          0          0   entry9a.o
        30          0          0          0          0          0   handlers.o
        36          8          0          0          0         68   init.o
        64          0          0          0          0         76   memmovea.o
        36          0          0          0          0        108   memseta.o
       410          8          0          0          0        252   printf1.o
        44          0          0          0          0         80   uidiv.o

    ----------------------------------------------------------------------
       730         24          0          0          0        584   Library Totals
         4          0          0          0          0          0   (incl. Padding)

    ----------------------------------------------------------------------

      Code (inc. data)   RO Data    RW Data    ZI Data      Debug   Library Name

       726         24          0          0          0        584   mc_w.l

    ----------------------------------------------------------------------
       730         24          0          0          0        584   Library Totals

    ----------------------------------------------------------------------

==============================================================================


      Code (inc. data)   RO Data    RW Data    ZI Data      Debug   

     25452        822      12072        432       9960     612583   Grand Totals
     25452        822      12072        224       9960     612583   ELF Image Totals (compressed)
     25452        822      12072        224          0          0   ROM Totals

==============================================================================

    Total RO  Size (Code + RO Data)                37524 (  36.64kB)
    Total RW  Size (RW Data + ZI Data)             10392 (  10.15kB)
    Total ROM Size (Code + RO Data + RW Data)      37748 (  36.86kB)

==============================================================================

