<html>
<body>
<pre>
<h1>µVision Build Log</h1>
<h2>Tool Versions:</h2>
IDE-Version: ?Vision V5.14.2.1
Copyright (C) 2015 ARM Ltd and ARM Germany GmbH. All rights reserved.
License Information: sitthisak RDNB1, student, LIC=VGXG8-3PJEK-HLMCL-0YK2X-YRS7T-XHX3D
 
Tool Versions:
Toolchain:       MDK-ARM Standard  Version: 5.24.1
Toolchain Path:  C:\Keil_v5\ARM\ARMCC\Bin
C Compiler:      Armcc.exe V5.06 update 5 (build 528)
Assembler:       Armasm.exe V5.06 update 5 (build 528)
Linker/Locator:  ArmLink.exe V5.06 update 5 (build 528)
Library Manager: ArmAr.exe V5.06 update 5 (build 528)
Hex Converter:   FromElf.exe V5.06 update 5 (build 528)
CPU DLL:         SARMCM3.DLL V5.24.1
Dialog DLL:      DARMCM1.DLL V1.18.0.0
Target DLL:      STLink\ST-LINKIII-KEIL_SWO.dll V3.0.1.0
Dialog DLL:      TARMCM1.DLL V1.13.0.0
 
<h2>Project:</h2>
D:\jobESP\ATS\Firmware\ATS_V2\MDK-ARM\ATS_V2.uvprojx
Project File Date:  11/24/2021

<h2>Output:</h2>
*** Using Compiler 'V5.06 update 5 (build 528)', folder: 'C:\Keil_v5\ARM\ARMCC\Bin'
Build target 'ATS_V2'
compiling main.c...
.\stm32-ssd1306-master\ssd1306\ssd1306.h(168): warning:  #1295-D: Deprecated declaration ssd1306_GetDisplayOn - give arg types
  uint8_t ssd1306_GetDisplayOn();
../Core/Src/main.c(2851): warning:  #177-D: variable "tempValue"  was declared but never referenced
        uint16_t tempValue;
../Core/Src/main.c(2852): warning:  #177-D: variable "datalcd"  was declared but never referenced
        char datalcd[10];
../Core/Src/main.c(4088): warning:  #177-D: variable "strbuff"  was declared but never referenced
        char strbuff[20];
../Core/Src/main.c(5396): warning:  #186-D: pointless comparison of unsigned integer with zero
        if ((systemValue > main_main) || (systemValue < main_gens))
../Core/Src/main.c(5677): warning:  #940-D: missing return statement at end of non-void function "checkauxinput" 
  }
../Core/Src/main.c(5681): warning:  #177-D: variable "delta"  was declared but never referenced
        uint32_t delta;
../Core/Src/main.c(5900): warning:  #940-D: missing return statement at end of non-void function "retransfer" 
  }
../Core/Src/main.c: 8 warnings, 0 errors
linking...
Program Size: Code=53976 RO-data=8688 RW-data=648 ZI-data=8648  
FromELF: creating hex file...
"ATS_V2\ATS_V2.axf" - 0 Error(s), 8 Warning(s).

<h2>Software Packages used:</h2>

Package Vendor: ARM
                http://www.keil.com/pack/ARM.CMSIS.5.9.0.pack
                ARM::CMSIS:CORE:5.6.0
                CMSIS (Common Microcontroller Software Interface Standard)
   * Component: CORE Version: 5.6.0

<h2>Collection of Component include folders:</h2>
  D:\jobESP\ATS\Firmware\ATS_V2\MDK-ARM\RTE
  C:\Users\RDNB1\AppData\Local\Arm\Packs\ARM\CMSIS\5.9.0\CMSIS\Core\Include
  C:\Users\RDNB1\AppData\Local\Arm\Packs\Keil\STM32F0xx_DFP\2.1.0\Drivers\CMSIS\Device\ST\STM32F0xx\Include

<h2>Collection of Component Files used:</h2>

   * Component: ARM::CMSIS:CORE:5.6.0
      Source file:   CMSIS\Core\Template\ARMv8-M\main_s.c
      Include file:  CMSIS\Core\Include\tz_context.h
      Source file:   CMSIS\Core\Template\ARMv8-M\tz_context.c
</pre>
</body>
</html>
