<html>
<body>
<pre>
<h1>µVision Build Log</h1>
<h2>Tool Versions:</h2>
IDE-Version: ?Vision V5.14.2.1
Copyright (C) 2015 ARM Ltd and ARM Germany GmbH. All rights reserved.
License Information: sitthisak RDNB1, student, LIC=VGXG8-3PJEK-HLMCL-0YK2X-YRS7T-XHX3D
 
Tool Versions:
Toolchain:       MDK-ARM Standard  Version: 5.24.1
Toolchain Path:  C:\Keil_v5\ARM\ARMCC\Bin
C Compiler:      Armcc.exe V5.06 update 5 (build 528)
Assembler:       Armasm.exe V5.06 update 5 (build 528)
Linker/Locator:  ArmLink.exe V5.06 update 5 (build 528)
Library Manager: ArmAr.exe V5.06 update 5 (build 528)
Hex Converter:   FromElf.exe V5.06 update 5 (build 528)
CPU DLL:         SARMCM3.DLL V5.24.1
Dialog DLL:      DARMCM1.DLL V1.18.0.0
Target DLL:      STLink\ST-LINKIII-KEIL_SWO.dll V3.0.1.0
Dialog DLL:      TARMCM1.DLL V1.13.0.0
 
<h2>Project:</h2>
D:\jobESP\ATS\Firmware\ATS_V2\MDK-ARM\ATS_V2.uvprojx
Project File Date:  11/24/2021

<h2>Output:</h2>
*** Using Compiler 'V5.06 update 5 (build 528)', folder: 'C:\Keil_v5\ARM\ARMCC\Bin'
Build target 'ATS_V2'
assembling startup_stm32f072xb.s...
compiling M90E32.c...
compiling main.c...
.\stm32-ssd1306-master\ssd1306\ssd1306.h(168): warning:  #1295-D: Deprecated declaration ssd1306_GetDisplayOn - give arg types
  uint8_t ssd1306_GetDisplayOn();
../Core/Src/main.c(2554): warning:  #177-D: variable "tempValue"  was declared but never referenced
    uint16_t tempValue;
../Core/Src/main.c(2555): warning:  #177-D: variable "datalcd"  was declared but never referenced
        char datalcd[10];
../Core/Src/main.c(3770): warning:  #177-D: variable "strbuff"  was declared but never referenced
        char strbuff[20];
../Core/Src/main.c(4982): warning:  #186-D: pointless comparison of unsigned integer with zero
        if((systemValue > main_main)||(systemValue < main_gens)){
../Core/Src/main.c(5259): warning:  #940-D: missing return statement at end of non-void function "checkauxinput" 
  }
../Core/Src/main.c(5263): warning:  #177-D: variable "delta"  was declared but never referenced
        uint32_t delta;
../Core/Src/main.c(5469): warning:  #940-D: missing return statement at end of non-void function "retransfer" 
  }
../Core/Src/main.c: 8 warnings, 0 errors
compiling gpio.c...
compiling crc.c...
compiling rtc.c...
../Core/Src/rtc.c(32): warning:  #177-D: variable "sTime"  was declared but never referenced
    RTC_TimeTypeDef sTime = {0};
../Core/Src/rtc.c(33): warning:  #177-D: variable "sDate"  was declared but never referenced
    RTC_DateTypeDef sDate = {0};
../Core/Src/rtc.c: 2 warnings, 0 errors
compiling spi.c...
compiling tim.c...
compiling usart.c...
compiling stm32f0xx_it.c...
.\stm32-ssd1306-master\ssd1306\ssd1306.h(168): warning:  #1295-D: Deprecated declaration ssd1306_GetDisplayOn - give arg types
  uint8_t ssd1306_GetDisplayOn();
../Core/Src/stm32f0xx_it.c: 1 warning, 0 errors
compiling stm32f0xx_hal_msp.c...
compiling ats_process.c...
compiling usb_device.c...
compiling usbd_desc.c...
compiling usbd_cdc_if.c...
compiling usbd_conf.c...
compiling stm32f0xx_ll_usb.c...
compiling stm32f0xx_hal_pcd.c...
compiling stm32f0xx_hal_pcd_ex.c...
compiling stm32f0xx_hal_rcc.c...
compiling stm32f0xx_hal_rcc_ex.c...
compiling stm32f0xx_hal.c...
compiling stm32f0xx_hal_i2c.c...
compiling stm32f0xx_hal_i2c_ex.c...
compiling stm32f0xx_hal_gpio.c...
compiling stm32f0xx_hal_dma.c...
compiling stm32f0xx_hal_cortex.c...
compiling stm32f0xx_hal_pwr.c...
compiling stm32f0xx_hal_pwr_ex.c...
compiling stm32f0xx_hal_flash.c...
compiling stm32f0xx_hal_flash_ex.c...
compiling stm32f0xx_hal_exti.c...
compiling stm32f0xx_hal_crc.c...
compiling stm32f0xx_hal_crc_ex.c...
compiling stm32f0xx_hal_rtc.c...
compiling stm32f0xx_hal_rtc_ex.c...
compiling stm32f0xx_hal_spi.c...
compiling stm32f0xx_hal_spi_ex.c...
compiling stm32f0xx_hal_tim.c...
compiling stm32f0xx_hal_tim_ex.c...
compiling stm32f0xx_hal_uart.c...
compiling stm32f0xx_hal_uart_ex.c...
compiling system_stm32f0xx.c...
compiling usbd_core.c...
compiling usbd_ctlreq.c...
compiling usbd_ioreq.c...
compiling usbd_cdc.c...
compiling ssd1306.c...
stm32-ssd1306-master\ssd1306\ssd1306.h(168): warning:  #1295-D: Deprecated declaration ssd1306_GetDisplayOn - give arg types
  uint8_t ssd1306_GetDisplayOn();
stm32-ssd1306-master\ssd1306\ssd1306.c(481): warning:  #177-D: variable "i"  was declared but never referenced
                uint32_t i, b, j;
stm32-ssd1306-master\ssd1306\ssd1306.c(481): warning:  #177-D: variable "b"  was declared but never referenced
                uint32_t i, b, j;
stm32-ssd1306-master\ssd1306\ssd1306.c(481): warning:  #177-D: variable "j"  was declared but never referenced
                uint32_t i, b, j;
stm32-ssd1306-master\ssd1306\ssd1306.c: 4 warnings, 0 errors
compiling ssd1306_fonts.c...
compiling ssd1306_tests.c...
stm32-ssd1306-master\ssd1306\ssd1306.h(168): warning:  #1295-D: Deprecated declaration ssd1306_GetDisplayOn - give arg types
  uint8_t ssd1306_GetDisplayOn();
stm32-ssd1306-master\ssd1306\ssd1306_tests.c: 1 warning, 0 errors
compiling fonts.c...
linking...
Program Size: Code=50784 RO-data=8400 RW-data=620 ZI-data=8644  
FromELF: creating hex file...
"ATS_V2\ATS_V2.axf" - 0 Error(s), 16 Warning(s).

<h2>Software Packages used:</h2>

Package Vendor: ARM
                http://www.keil.com/pack/ARM.CMSIS.5.9.0.pack
                ARM::CMSIS:CORE:5.6.0
                CMSIS (Common Microcontroller Software Interface Standard)
   * Component: CORE Version: 5.6.0

<h2>Collection of Component include folders:</h2>
  D:\jobESP\ATS\Firmware\ATS_V2\MDK-ARM\RTE
  C:\Users\RDNB1\AppData\Local\Arm\Packs\ARM\CMSIS\5.9.0\CMSIS\Core\Include
  C:\Users\RDNB1\AppData\Local\Arm\Packs\Keil\STM32F0xx_DFP\2.1.0\Drivers\CMSIS\Device\ST\STM32F0xx\Include

<h2>Collection of Component Files used:</h2>

   * Component: ARM::CMSIS:CORE:5.6.0
      Source file:   CMSIS\Core\Template\ARMv8-M\main_s.c
      Source file:   CMSIS\Core\Template\ARMv8-M\tz_context.c
      Include file:  CMSIS\Core\Include\tz_context.h
</pre>
</body>
</html>
