Component: ARM Compiler 5.06 update 5 (build 528) Tool: armlink [4d35e2]

==============================================================================

Section Cross References

    startup_stm32f072xb.o(RESET) refers to startup_stm32f072xb.o(STACK) for __initial_sp
    startup_stm32f072xb.o(RESET) refers to startup_stm32f072xb.o(.text) for Reset_Handler
    startup_stm32f072xb.o(RESET) refers to stm32f0xx_it.o(i.NMI_Handler) for NMI_Handler
    startup_stm32f072xb.o(RESET) refers to stm32f0xx_it.o(i.HardFault_Handler) for HardFault_Handler
    startup_stm32f072xb.o(RESET) refers to stm32f0xx_it.o(i.SVC_Handler) for SVC_Handler
    startup_stm32f072xb.o(RESET) refers to stm32f0xx_it.o(i.PendSV_Handler) for PendSV_Handler
    startup_stm32f072xb.o(RESET) refers to stm32f0xx_it.o(i.SysTick_Handler) for SysTick_Handler
    startup_stm32f072xb.o(RESET) refers to stm32f0xx_it.o(i.EXTI0_1_IRQHandler) for EXTI0_1_IRQHandler
    startup_stm32f072xb.o(RESET) refers to stm32f0xx_it.o(i.TIM7_IRQHandler) for TIM7_IRQHandler
    startup_stm32f072xb.o(RESET) refers to stm32f0xx_it.o(i.SPI1_IRQHandler) for SPI1_IRQHandler
    startup_stm32f072xb.o(RESET) refers to stm32f0xx_it.o(i.SPI2_IRQHandler) for SPI2_IRQHandler
    startup_stm32f072xb.o(RESET) refers to stm32f0xx_it.o(i.USART1_IRQHandler) for USART1_IRQHandler
    startup_stm32f072xb.o(RESET) refers to stm32f0xx_it.o(i.USB_IRQHandler) for USB_IRQHandler
    startup_stm32f072xb.o(.text) refers to system_stm32f0xx.o(i.SystemInit) for SystemInit
    startup_stm32f072xb.o(.text) refers to entry.o(.ARM.Collect$$$$00000000) for __main
    m90e32.o(i.CommEnergyIC) refers to stm32f0xx_hal_gpio.o(i.HAL_GPIO_WritePin) for HAL_GPIO_WritePin
    m90e32.o(i.CommEnergyIC) refers to m90e32.o(i.Delay_usec) for Delay_usec
    m90e32.o(i.CommEnergyIC) refers to stm32f0xx_hal_spi.o(i.HAL_SPI_Transmit) for HAL_SPI_Transmit
    m90e32.o(i.CommEnergyIC) refers to stm32f0xx_hal_spi.o(i.HAL_SPI_Receive) for HAL_SPI_Receive
    m90e32.o(i.CommEnergyIC) refers to spi.o(.bss) for hspi2
    m90e32.o(i.GetActivePowerA) refers to m90e32.o(i.CommEnergyIC) for CommEnergyIC
    m90e32.o(i.GetActivePowerA) refers to dflti.o(.text) for __aeabi_i2d
    m90e32.o(i.GetActivePowerA) refers to dmul.o(.text) for __aeabi_dmul
    m90e32.o(i.GetActivePowerA) refers to d2f.o(.text) for __aeabi_d2f
    m90e32.o(i.GetExportEnergy) refers to m90e32.o(i.CommEnergyIC) for CommEnergyIC
    m90e32.o(i.GetExportEnergy) refers to ffltui.o(.text) for __aeabi_ui2f
    m90e32.o(i.GetExportEnergy) refers to fdiv.o(.text) for __aeabi_fdiv
    m90e32.o(i.GetFrequency) refers to m90e32.o(i.CommEnergyIC) for CommEnergyIC
    m90e32.o(i.GetFrequency) refers to ffltui.o(.text) for __aeabi_ui2f
    m90e32.o(i.GetFrequency) refers to fdiv.o(.text) for __aeabi_fdiv
    m90e32.o(i.GetImportEnergy) refers to m90e32.o(i.CommEnergyIC) for CommEnergyIC
    m90e32.o(i.GetImportEnergy) refers to ffltui.o(.text) for __aeabi_ui2f
    m90e32.o(i.GetImportEnergy) refers to fdiv.o(.text) for __aeabi_fdiv
    m90e32.o(i.GetLineCurrentA) refers to m90e32.o(i.CommEnergyIC) for CommEnergyIC
    m90e32.o(i.GetLineCurrentA) refers to dfltui.o(.text) for __aeabi_ui2d
    m90e32.o(i.GetLineCurrentA) refers to dmul.o(.text) for __aeabi_dmul
    m90e32.o(i.GetLineCurrentA) refers to ddiv.o(.text) for __aeabi_ddiv
    m90e32.o(i.GetLineCurrentA) refers to d2f.o(.text) for __aeabi_d2f
    m90e32.o(i.GetLineCurrentB) refers to m90e32.o(i.CommEnergyIC) for CommEnergyIC
    m90e32.o(i.GetLineCurrentB) refers to dfltui.o(.text) for __aeabi_ui2d
    m90e32.o(i.GetLineCurrentB) refers to dmul.o(.text) for __aeabi_dmul
    m90e32.o(i.GetLineCurrentB) refers to ddiv.o(.text) for __aeabi_ddiv
    m90e32.o(i.GetLineCurrentB) refers to d2f.o(.text) for __aeabi_d2f
    m90e32.o(i.GetLineCurrentC) refers to m90e32.o(i.CommEnergyIC) for CommEnergyIC
    m90e32.o(i.GetLineCurrentC) refers to dfltui.o(.text) for __aeabi_ui2d
    m90e32.o(i.GetLineCurrentC) refers to dmul.o(.text) for __aeabi_dmul
    m90e32.o(i.GetLineCurrentC) refers to ddiv.o(.text) for __aeabi_ddiv
    m90e32.o(i.GetLineCurrentC) refers to d2f.o(.text) for __aeabi_d2f
    m90e32.o(i.GetLineVoltageA) refers to m90e32.o(i.CommEnergyIC) for CommEnergyIC
    m90e32.o(i.GetLineVoltageA) refers to dfltui.o(.text) for __aeabi_ui2d
    m90e32.o(i.GetLineVoltageA) refers to ddiv.o(.text) for __aeabi_ddiv
    m90e32.o(i.GetLineVoltageA) refers to d2f.o(.text) for __aeabi_d2f
    m90e32.o(i.GetLineVoltageB) refers to m90e32.o(i.CommEnergyIC) for CommEnergyIC
    m90e32.o(i.GetLineVoltageB) refers to dfltui.o(.text) for __aeabi_ui2d
    m90e32.o(i.GetLineVoltageB) refers to ddiv.o(.text) for __aeabi_ddiv
    m90e32.o(i.GetLineVoltageB) refers to d2f.o(.text) for __aeabi_d2f
    m90e32.o(i.GetLineVoltageC) refers to m90e32.o(i.CommEnergyIC) for CommEnergyIC
    m90e32.o(i.GetLineVoltageC) refers to dfltui.o(.text) for __aeabi_ui2d
    m90e32.o(i.GetLineVoltageC) refers to ddiv.o(.text) for __aeabi_ddiv
[...]
    HAL_PCD_EP_Close                         0x080011ad   Thumb Code    68  stm32f0xx_hal_pcd.o(i.HAL_PCD_EP_Close)
    HAL_PCD_EP_ClrStall                      0x080011f1   Thumb Code    84  stm32f0xx_hal_pcd.o(i.HAL_PCD_EP_ClrStall)
    HAL_PCD_EP_GetRxCount                    0x080015ad   Thumb Code    18  stm32f0xx_hal_pcd.o(i.HAL_PCD_EP_GetRxCount)
    HAL_PCD_EP_Open                          0x080015bf   Thumb Code    84  stm32f0xx_hal_pcd.o(i.HAL_PCD_EP_Open)
    HAL_PCD_EP_Receive                       0x08001613   Thumb Code    52  stm32f0xx_hal_pcd.o(i.HAL_PCD_EP_Receive)
    HAL_PCD_EP_SetStall                      0x08001647   Thumb Code    84  stm32f0xx_hal_pcd.o(i.HAL_PCD_EP_SetStall)
    HAL_PCD_EP_Transmit                      0x0800169b   Thumb Code    58  stm32f0xx_hal_pcd.o(i.HAL_PCD_EP_Transmit)
    HAL_PCD_IRQHandler                       0x080016d5   Thumb Code   366  stm32f0xx_hal_pcd.o(i.HAL_PCD_IRQHandler)
    HAL_PCD_Init                             0x08001861   Thumb Code   176  stm32f0xx_hal_pcd.o(i.HAL_PCD_Init)
    HAL_PCD_MspInit                          0x08001911   Thumb Code    46  usbd_conf.o(i.HAL_PCD_MspInit)
    HAL_PCD_ResetCallback                    0x08001949   Thumb Code    38  usbd_conf.o(i.HAL_PCD_ResetCallback)
    HAL_PCD_ResumeCallback                   0x08001971   Thumb Code    38  usbd_conf.o(i.HAL_PCD_ResumeCallback)
    HAL_PCD_SOFCallback                      0x0800199d   Thumb Code    16  usbd_conf.o(i.HAL_PCD_SOFCallback)
    HAL_PCD_SetAddress                       0x080019ad   Thumb Code    38  stm32f0xx_hal_pcd.o(i.HAL_PCD_SetAddress)
    HAL_PCD_SetupStageCallback               0x080019d3   Thumb Code    24  usbd_conf.o(i.HAL_PCD_SetupStageCallback)
    HAL_PCD_Start                            0x080019eb   Thumb Code    42  stm32f0xx_hal_pcd.o(i.HAL_PCD_Start)
    HAL_PCD_SuspendCallback                  0x08001a15   Thumb Code    34  usbd_conf.o(i.HAL_PCD_SuspendCallback)
    HAL_PWR_EnableBkUpAccess                 0x08001a3d   Thumb Code    12  stm32f0xx_hal_pwr.o(i.HAL_PWR_EnableBkUpAccess)
    HAL_RCCEx_PeriphCLKConfig                0x08001a4d   Thumb Code   280  stm32f0xx_hal_rcc_ex.o(i.HAL_RCCEx_PeriphCLKConfig)
    HAL_RCC_ClockConfig                      0x08001b71   Thumb Code   280  stm32f0xx_hal_rcc.o(i.HAL_RCC_ClockConfig)
    HAL_RCC_GetHCLKFreq                      0x08001c9d   Thumb Code     6  stm32f0xx_hal_rcc.o(i.HAL_RCC_GetHCLKFreq)
    HAL_RCC_GetPCLK1Freq                     0x08001ca9   Thumb Code    22  stm32f0xx_hal_rcc.o(i.HAL_RCC_GetPCLK1Freq)
    HAL_RCC_GetSysClockFreq                  0x08001cc9   Thumb Code   144  stm32f0xx_hal_rcc.o(i.HAL_RCC_GetSysClockFreq)
    HAL_RCC_OscConfig                        0x08001d85   Thumb Code  1186  stm32f0xx_hal_rcc.o(i.HAL_RCC_OscConfig)
    HAL_RTC_GetDate                          0x08002229   Thumb Code    64  stm32f0xx_hal_rtc.o(i.HAL_RTC_GetDate)
    HAL_RTC_GetTime                          0x0800226d   Thumb Code    84  stm32f0xx_hal_rtc.o(i.HAL_RTC_GetTime)
    HAL_RTC_Init                             0x080022c5   Thumb Code   188  stm32f0xx_hal_rtc.o(i.HAL_RTC_Init)
    HAL_RTC_MspInit                          0x08002385   Thumb Code    22  rtc.o(i.HAL_RTC_MspInit)
    HAL_RTC_SetDate                          0x080023a5   Thumb Code   206  stm32f0xx_hal_rtc.o(i.HAL_RTC_SetDate)
    HAL_RTC_SetTime                          0x08002479   Thumb Code   236  stm32f0xx_hal_rtc.o(i.HAL_RTC_SetTime)
    HAL_RTC_WaitForSynchro                   0x08002569   Thumb Code    52  stm32f0xx_hal_rtc.o(i.HAL_RTC_WaitForSynchro)
    HAL_SPI_ErrorCallback                    0x0800259d   Thumb Code     2  stm32f0xx_hal_spi.o(i.HAL_SPI_ErrorCallback)
    HAL_SPI_IRQHandler                       0x080025a1   Thumb Code   248  stm32f0xx_hal_spi.o(i.HAL_SPI_IRQHandler)
    HAL_SPI_Init                             0x0800269d   Thumb Code   240  stm32f0xx_hal_spi.o(i.HAL_SPI_Init)
    HAL_SPI_MspInit                          0x0800278d   Thumb Code   214  spi.o(i.HAL_SPI_MspInit)
    HAL_SPI_Receive                          0x08002879   Thumb Code   372  stm32f0xx_hal_spi.o(i.HAL_SPI_Receive)
    HAL_SPI_Transmit                         0x080029ed   Thumb Code   388  stm32f0xx_hal_spi.o(i.HAL_SPI_Transmit)
    HAL_SPI_TransmitReceive                  0x08002b71   Thumb Code   514  stm32f0xx_hal_spi.o(i.HAL_SPI_TransmitReceive)
    HAL_SYSTICK_Callback                     0x08002d75   Thumb Code  1422  main.o(i.HAL_SYSTICK_Callback)
    HAL_SYSTICK_Config                       0x08003319   Thumb Code    38  stm32f0xx_hal_cortex.o(i.HAL_SYSTICK_Config)
    HAL_SYSTICK_IRQHandler                   0x08003349   Thumb Code     8  stm32f0xx_hal_cortex.o(i.HAL_SYSTICK_IRQHandler)
    HAL_TIMEx_BreakCallback                  0x08003351   Thumb Code     2  stm32f0xx_hal_tim_ex.o(i.HAL_TIMEx_BreakCallback)
    HAL_TIMEx_CommutCallback                 0x08003353   Thumb Code     2  stm32f0xx_hal_tim_ex.o(i.HAL_TIMEx_CommutCallback)
    HAL_TIMEx_MasterConfigSynchronization    0x08003355   Thumb Code    84  stm32f0xx_hal_tim_ex.o(i.HAL_TIMEx_MasterConfigSynchronization)
    HAL_TIM_Base_Init                        0x080033b5   Thumb Code    74  stm32f0xx_hal_tim.o(i.HAL_TIM_Base_Init)
    HAL_TIM_Base_MspInit                     0x08003401   Thumb Code    44  tim.o(i.HAL_TIM_Base_MspInit)
    HAL_TIM_Base_Start_IT                    0x08003435   Thumb Code    82  stm32f0xx_hal_tim.o(i.HAL_TIM_Base_Start_IT)
    HAL_TIM_IC_CaptureCallback               0x08003495   Thumb Code     2  stm32f0xx_hal_tim.o(i.HAL_TIM_IC_CaptureCallback)
    HAL_TIM_IRQHandler                       0x08003497   Thumb Code   362  stm32f0xx_hal_tim.o(i.HAL_TIM_IRQHandler)
    HAL_TIM_OC_DelayElapsedCallback          0x08003601   Thumb Code     2  stm32f0xx_hal_tim.o(i.HAL_TIM_OC_DelayElapsedCallback)
    HAL_TIM_PWM_PulseFinishedCallback        0x08003603   Thumb Code     2  stm32f0xx_hal_tim.o(i.HAL_TIM_PWM_PulseFinishedCallback)
    HAL_TIM_PeriodElapsedCallback            0x08003605   Thumb Code   210  main.o(i.HAL_TIM_PeriodElapsedCallback)
    HAL_TIM_TriggerCallback                  0x080036f1   Thumb Code     2  stm32f0xx_hal_tim.o(i.HAL_TIM_TriggerCallback)
    HAL_UARTEx_RxEventCallback               0x080036f3   Thumb Code     2  stm32f0xx_hal_uart.o(i.HAL_UARTEx_RxEventCallback)
    HAL_UARTEx_WakeupCallback                0x080036f5   Thumb Code     2  stm32f0xx_hal_uart_ex.o(i.HAL_UARTEx_WakeupCallback)
    HAL_UART_ErrorCallback                   0x080036f7   Thumb Code     2  stm32f0xx_hal_uart.o(i.HAL_UART_ErrorCallback)
    HAL_UART_IRQHandler                      0x080036f9   Thumb Code   538  stm32f0xx_hal_uart.o(i.HAL_UART_IRQHandler)
    HAL_UART_Init                            0x08003921   Thumb Code   112  stm32f0xx_hal_uart.o(i.HAL_UART_Init)
    HAL_UART_MspInit                         0x08003991   Thumb Code   106  usart.o(i.HAL_UART_MspInit)
    HAL_UART_TxCpltCallback                  0x08003a05   Thumb Code     2  stm32f0xx_hal_uart.o(i.HAL_UART_TxCpltCallback)
    HardFault_Handler                        0x08003a07   Thumb Code     2  stm32f0xx_it.o(i.HardFault_Handler)
    InitEnergyIC                             0x08003a09   Thumb Code   256  m90e32.o(i.InitEnergyIC)
    MX_CRC_Init                              0x08003b4d   Thumb Code    36  crc.o(i.MX_CRC_Init)
    MX_GPIO_Init                             0x08003b79   Thumb Code   322  gpio.o(i.MX_GPIO_Init)
    MX_RTC_Init                              0x08003cdd   Thumb Code    54  rtc.o(i.MX_RTC_Init)
    MX_SPI1_Init                             0x08003d1d   Thumb Code    66  spi.o(i.MX_SPI1_Init)
    MX_SPI2_Init                             0x08003d69   Thumb Code    66  spi.o(i.MX_SPI2_Init)
    MX_TIM7_Init                             0x08003db5   Thumb Code    62  tim.o(i.MX_TIM7_Init)
    MX_USART1_UART_Init                      0x08003e05   Thumb Code    48  usart.o(i.MX_USART1_UART_Init)
    MX_USB_DEVICE_Init                       0x08003e3d   Thumb Code    68  usb_device.o(i.MX_USB_DEVICE_Init)
    NMI_Handler                              0x08003e91   Thumb Code     2  stm32f0xx_it.o(i.NMI_Handler)
    PendSV_Handler                           0x080041b5   Thumb Code     2  stm32f0xx_it.o(i.PendSV_Handler)
    RTC_Bcd2ToByte                           0x080041b7   Thumb Code    16  stm32f0xx_hal_rtc.o(i.RTC_Bcd2ToByte)
    RTC_ByteToBcd2                           0x080041c7   Thumb Code    22  stm32f0xx_hal_rtc.o(i.RTC_ByteToBcd2)
    RTC_EnterInitMode                        0x080041dd   Thumb Code    56  stm32f0xx_hal_rtc.o(i.RTC_EnterInitMode)
    ReadSetting                              0x08004215   Thumb Code  1206  main.o(i.ReadSetting)
    SPI1_IRQHandler                          0x080046cd   Thumb Code    10  stm32f0xx_it.o(i.SPI1_IRQHandler)
    SPI2_IRQHandler                          0x080046dd   Thumb Code    10  stm32f0xx_it.o(i.SPI2_IRQHandler)
    SVC_Handler                              0x0800496d   Thumb Code     2  stm32f0xx_it.o(i.SVC_Handler)
    SysTick_Handler                          0x0800496f   Thumb Code    12  stm32f0xx_it.o(i.SysTick_Handler)
    SystemClock_Config                       0x08004985   Thumb Code   142  main.o(i.SystemClock_Config)
    SystemInit                               0x08004a1d   Thumb Code     2  system_stm32f0xx.o(i.SystemInit)
    TIM7_IRQHandler                          0x08004a21   Thumb Code    10  stm32f0xx_it.o(i.TIM7_IRQHandler)
    TIM_Base_SetConfig                       0x08004a31   Thumb Code   124  stm32f0xx_hal_tim.o(i.TIM_Base_SetConfig)
    UART_AdvFeatureConfig                    0x08004ac5   Thumb Code   202  stm32f0xx_hal_uart.o(i.UART_AdvFeatureConfig)
    UART_CheckIdleState                      0x08004b91   Thumb Code    98  stm32f0xx_hal_uart.o(i.UART_CheckIdleState)
    UART_SetConfig                           0x08004c59   Thumb Code   376  stm32f0xx_hal_uart.o(i.UART_SetConfig)
    UART_WaitOnFlagUntilTimeout              0x08004df1   Thumb Code   164  stm32f0xx_hal_uart.o(i.UART_WaitOnFlagUntilTimeout)
    USART1_IRQHandler                        0x08004e95   Thumb Code    10  stm32f0xx_it.o(i.USART1_IRQHandler)
    USBD_CDC_GetDeviceQualifierDescriptor    0x08004f9d   Thumb Code     8  usbd_cdc.o(i.USBD_CDC_GetDeviceQualifierDescriptor)
    USBD_CDC_ReceivePacket                   0x0800507d   Thumb Code    64  usbd_cdc.o(i.USBD_CDC_ReceivePacket)
    USBD_CDC_RegisterInterface               0x080050bd   Thumb Code    20  usbd_cdc.o(i.USBD_CDC_RegisterInterface)
    USBD_CDC_SetRxBuffer                     0x080050d1   Thumb Code    20  usbd_cdc.o(i.USBD_CDC_SetRxBuffer)
    USBD_CDC_SetTxBuffer                     0x080050e5   Thumb Code    22  usbd_cdc.o(i.USBD_CDC_SetTxBuffer)
    USBD_ClrClassConfig                      0x080051dd   Thumb Code    18  usbd_core.o(i.USBD_ClrClassConfig)
    USBD_CtlContinueRx                       0x0800521b   Thumb Code    16  usbd_ioreq.o(i.USBD_CtlContinueRx)
    USBD_CtlContinueSendData                 0x0800522b   Thumb Code    16  usbd_ioreq.o(i.USBD_CtlContinueSendData)
    USBD_CtlError                            0x0800523b   Thumb Code    22  usbd_ctlreq.o(i.USBD_CtlError)
    USBD_CtlPrepareRx                        0x08005251   Thumb Code    34  usbd_ioreq.o(i.USBD_CtlPrepareRx)
    USBD_CtlReceiveStatus                    0x08005273   Thumb Code    24  usbd_ioreq.o(i.USBD_CtlReceiveStatus)
    USBD_CtlSendData                         0x0800528b   Thumb Code    30  usbd_ioreq.o(i.USBD_CtlSendData)
    USBD_CtlSendStatus                       0x080052a9   Thumb Code    26  usbd_ioreq.o(i.USBD_CtlSendStatus)
    USBD_FS_ConfigStrDescriptor              0x080052c5   Thumb Code    32  usbd_desc.o(i.USBD_FS_ConfigStrDescriptor)
    USBD_FS_DeviceDescriptor                 0x080052f5   Thumb Code     8  usbd_desc.o(i.USBD_FS_DeviceDescriptor)
    USBD_FS_InterfaceStrDescriptor           0x08005301   Thumb Code    32  usbd_desc.o(i.USBD_FS_InterfaceStrDescriptor)
    USBD_FS_LangIDStrDescriptor              0x08005335   Thumb Code     8  usbd_desc.o(i.USBD_FS_LangIDStrDescriptor)
    USBD_FS_ManufacturerStrDescriptor        0x08005341   Thumb Code    16  usbd_desc.o(i.USBD_FS_ManufacturerStrDescriptor)
    USBD_FS_ProductStrDescriptor             0x08005369   Thumb Code    32  usbd_desc.o(i.USBD_FS_ProductStrDescriptor)
    USBD_FS_SerialStrDescriptor              0x080053a5   Thumb Code    14  usbd_desc.o(i.USBD_FS_SerialStrDescriptor)
    USBD_GetString                           0x08005605   Thumb Code    60  usbd_ctlreq.o(i.USBD_GetString)
    USBD_Init                                0x08005665   Thumb Code    46  usbd_core.o(i.USBD_Init)
    USBD_LL_ClearStallEP                     0x08005693   Thumb Code    20  usbd_conf.o(i.USBD_LL_ClearStallEP)
    USBD_LL_CloseEP                          0x080056a7   Thumb Code    20  usbd_conf.o(i.USBD_LL_CloseEP)
    USBD_LL_DataInStage                      0x080056bb   Thumb Code   218  usbd_core.o(i.USBD_LL_DataInStage)
    USBD_LL_DataOutStage                     0x08005795   Thumb Code   134  usbd_core.o(i.USBD_LL_DataOutStage)
    USBD_LL_GetRxDataSize                    0x0800581b   Thumb Code    16  usbd_conf.o(i.USBD_LL_GetRxDataSize)
    USBD_LL_Init                             0x0800582d   Thumb Code   120  usbd_conf.o(i.USBD_LL_Init)
    USBD_LL_IsStallEP                        0x080058b1   Thumb Code    36  usbd_conf.o(i.USBD_LL_IsStallEP)
    USBD_LL_OpenEP                           0x080058d5   Thumb Code    26  usbd_conf.o(i.USBD_LL_OpenEP)
    USBD_LL_PrepareReceive                   0x080058ef   Thumb Code    20  usbd_conf.o(i.USBD_LL_PrepareReceive)
    USBD_LL_Reset                            0x08005903   Thumb Code    80  usbd_core.o(i.USBD_LL_Reset)
    USBD_LL_Resume                           0x08005953   Thumb Code    20  usbd_core.o(i.USBD_LL_Resume)
    USBD_LL_SOF                              0x08005967   Thumb Code    28  usbd_core.o(i.USBD_LL_SOF)
    USBD_LL_SetSpeed                         0x08005983   Thumb Code     6  usbd_core.o(i.USBD_LL_SetSpeed)
    USBD_LL_SetUSBAddress                    0x08005989   Thumb Code    20  usbd_conf.o(i.USBD_LL_SetUSBAddress)
    USBD_LL_SetupStage                       0x0800599d   Thumb Code    96  usbd_core.o(i.USBD_LL_SetupStage)
    USBD_LL_StallEP                          0x080059fd   Thumb Code    20  usbd_conf.o(i.USBD_LL_StallEP)
    USBD_LL_Start                            0x08005a11   Thumb Code    20  usbd_conf.o(i.USBD_LL_Start)
    USBD_LL_Suspend                          0x08005a25   Thumb Code    18  usbd_core.o(i.USBD_LL_Suspend)
    USBD_LL_Transmit                         0x08005a37   Thumb Code    20  usbd_conf.o(i.USBD_LL_Transmit)
    USBD_ParseSetupRequest                   0x08005a4b   Thumb Code    40  usbd_ctlreq.o(i.USBD_ParseSetupRequest)
    USBD_RegisterClass                       0x08005a73   Thumb Code    22  usbd_core.o(i.USBD_RegisterClass)
    USBD_RunTestMode                         0x08005a89   Thumb Code     4  usbd_core.o(i.USBD_RunTestMode)
    USBD_SetClassConfig                      0x08005ae3   Thumb Code    30  usbd_core.o(i.USBD_SetClassConfig)
    USBD_Start                               0x08005bd3   Thumb Code    10  usbd_core.o(i.USBD_Start)
    USBD_StdDevReq                           0x08005bdd   Thumb Code   110  usbd_ctlreq.o(i.USBD_StdDevReq)
    USBD_StdEPReq                            0x08005c4b   Thumb Code   488  usbd_ctlreq.o(i.USBD_StdEPReq)
    USBD_StdItfReq                           0x08005e33   Thumb Code   108  usbd_ctlreq.o(i.USBD_StdItfReq)
    USBD_static_free                         0x08005e9f   Thumb Code     2  usbd_conf.o(i.USBD_static_free)
    USBD_static_malloc                       0x08005ea1   Thumb Code     4  usbd_conf.o(i.USBD_static_malloc)
    USB_ActivateEndpoint                     0x08005ea9   Thumb Code   588  stm32f0xx_ll_usb.o(i.USB_ActivateEndpoint)
    USB_DeactivateEndpoint                   0x08006111   Thumb Code   266  stm32f0xx_ll_usb.o(i.USB_DeactivateEndpoint)
    USB_DevConnect                           0x08006229   Thumb Code    16  stm32f0xx_ll_usb.o(i.USB_DevConnect)
    USB_DevInit                              0x08006239   Thumb Code    18  stm32f0xx_ll_usb.o(i.USB_DevInit)
    USB_DisableGlobalInt                     0x0800624d   Thumb Code    14  stm32f0xx_ll_usb.o(i.USB_DisableGlobalInt)
    USB_EPClearStall                         0x08006261   Thumb Code   118  stm32f0xx_ll_usb.o(i.USB_EPClearStall)
    USB_EPSetStall                           0x080062e5   Thumb Code    50  stm32f0xx_ll_usb.o(i.USB_EPSetStall)
    USB_EPStartXfer                          0x08006325   Thumb Code  1438  stm32f0xx_ll_usb.o(i.USB_EPStartXfer)
    USB_EnableGlobalInt                      0x080068d9   Thumb Code    14  stm32f0xx_ll_usb.o(i.USB_EnableGlobalInt)
    USB_IRQHandler                           0x080068ed   Thumb Code    10  stm32f0xx_it.o(i.USB_IRQHandler)
    USB_ReadInterrupts                       0x080068fd   Thumb Code     6  stm32f0xx_ll_usb.o(i.USB_ReadInterrupts)
    USB_ReadPMA                              0x08006903   Thumb Code    44  stm32f0xx_ll_usb.o(i.USB_ReadPMA)
    USB_SetDevAddress                        0x0800692f   Thumb Code    14  stm32f0xx_ll_usb.o(i.USB_SetDevAddress)
    USB_WritePMA                             0x0800693d   Thumb Code    40  stm32f0xx_ll_usb.o(i.USB_WritePMA)
    __0snprintf                              0x08006965   Thumb Code    46  printfa.o(i.__0snprintf)
    __1snprintf                              0x08006965   Thumb Code     0  printfa.o(i.__0snprintf)
    __2snprintf                              0x08006965   Thumb Code     0  printfa.o(i.__0snprintf)
    __c89snprintf                            0x08006965   Thumb Code     0  printfa.o(i.__0snprintf)
    snprintf                                 0x08006965   Thumb Code     0  printfa.o(i.__0snprintf)
    __0sprintf                               0x08006999   Thumb Code    36  printfa.o(i.__0sprintf)
    __1sprintf                               0x08006999   Thumb Code     0  printfa.o(i.__0sprintf)
    __2sprintf                               0x08006999   Thumb Code     0  printfa.o(i.__0sprintf)
    __c89sprintf                             0x08006999   Thumb Code     0  printfa.o(i.__0sprintf)
    sprintf                                  0x08006999   Thumb Code     0  printfa.o(i.__0sprintf)
    __ARM_clz                                0x080069c1   Thumb Code    46  depilogue.o(i.__ARM_clz)
    __ARM_common_ll_muluu                    0x080069ef   Thumb Code    48  stm32f0xx_hal_rcc.o(i.__ARM_common_ll_muluu)
    __ARM_common_switch8                     0x08006a1f   Thumb Code    26  main.o(i.__ARM_common_switch8)
    __scatterload_copy                       0x08006a7d   Thumb Code    14  handlers.o(i.__scatterload_copy)
    __scatterload_null                       0x08006a8b   Thumb Code     2  handlers.o(i.__scatterload_null)
    __scatterload_zeroinit                   0x08006a8d   Thumb Code    14  handlers.o(i.__scatterload_zeroinit)
    buttonRead                               0x08007369   Thumb Code  4914  main.o(i.buttonRead)
    chechphasesequen                         0x080086b9   Thumb Code    24  main.o(i.chechphasesequen)
    check_releaserelay                       0x080086d1   Thumb Code   196  main.o(i.check_releaserelay)
    checkauxinput                            0x080087a1   Thumb Code   130  main.o(i.checkauxinput)
    checkfault                               0x08008831   Thumb Code    94  main.o(i.checkfault)
    checkgenpromp                            0x0800889d   Thumb Code   226  main.o(i.checkgenpromp)
    checkgenschedule                         0x08008991   Thumb Code   184  main.o(i.checkgenschedule)
    cleardisplay                             0x08008a59   Thumb Code    10  main.o(i.cleardisplay)
    comparesettingvalue                      0x08008a65   Thumb Code   316  main.o(i.comparesettingvalue)
    lcdupdate                                0x08008ba9   Thumb Code  6606  main.o(i.lcdupdate)
    main                                     0x0800a611   Thumb Code   974  main.o(i.main)
    readvolt                                 0x0800aa05   Thumb Code  5992  main.o(i.readvolt)
    retransfer                               0x0800c181   Thumb Code   140  main.o(i.retransfer)
    ssd1306_DrawPixel                        0x0800c219   Thumb Code    64  ssd1306.o(i.ssd1306_DrawPixel)
    ssd1306_Fill                             0x0800c261   Thumb Code    30  ssd1306.o(i.ssd1306_Fill)
    ssd1306_Init                             0x0800c285   Thumb Code   198  ssd1306.o(i.ssd1306_Init)
    ssd1306_Reset                            0x0800c351   Thumb Code    52  ssd1306.o(i.ssd1306_Reset)
    ssd1306_SetContrast                      0x0800c38d   Thumb Code    18  ssd1306.o(i.ssd1306_SetContrast)
    ssd1306_SetCursor                        0x0800c3a1   Thumb Code     8  ssd1306.o(i.ssd1306_SetCursor)
    ssd1306_SetDisplayOn                     0x0800c3ad   Thumb Code    28  ssd1306.o(i.ssd1306_SetDisplayOn)
    ssd1306_UpdateScreen                     0x0800c3cd   Thumb Code    48  ssd1306.o(i.ssd1306_UpdateScreen)
    ssd1306_WriteChar                        0x0800c401   Thumb Code   162  ssd1306.o(i.ssd1306_WriteChar)
    ssd1306_WriteCommand                     0x0800c4a9   Thumb Code    50  ssd1306.o(i.ssd1306_WriteCommand)
    ssd1306_WriteData                        0x0800c4e5   Thumb Code    54  ssd1306.o(i.ssd1306_WriteData)
    ssd1306_WriteString                      0x0800c525   Thumb Code    42  ssd1306.o(i.ssd1306_WriteString)
    storecomparevalue                        0x0800c551   Thumb Code   108  main.o(i.storecomparevalue)
    system_init                              0x0800c5c5   Thumb Code   330  main.o(i.system_init)
    mountname0                               0x0800c720   Data           1  main.o(.constdata)
    mountname1                               0x0800c721   Data           4  main.o(.constdata)
    mountname2                               0x0800c725   Data           4  main.o(.constdata)
    mountname3                               0x0800c729   Data           4  main.o(.constdata)
    mountname4                               0x0800c72d   Data           4  main.o(.constdata)
    mountname5                               0x0800c731   Data           4  main.o(.constdata)
    mountname6                               0x0800c735   Data           4  main.o(.constdata)
    mountname7                               0x0800c739   Data           4  main.o(.constdata)
    mountname8                               0x0800c73d   Data           4  main.o(.constdata)
    mountname9                               0x0800c741   Data           4  main.o(.constdata)
    mountname10                              0x0800c745   Data           4  main.o(.constdata)
    mountname11                              0x0800c749   Data           4  main.o(.constdata)
    mountname12                              0x0800c74d   Data           4  main.o(.constdata)
    mountname                                0x0800c754   Data          52  main.o(.constdata)
    dayname                                  0x0800c788   Data          32  main.o(.constdata)
    mainmenu                                 0x0800c7a8   Data          36  main.o(.constdata)
    undermenu                                0x0800c7cc   Data          20  main.o(.constdata)
    overmenu                                 0x0800c7e0   Data          20  main.o(.constdata)
    sourceselectmenu                         0x0800c7f4   Data          20  main.o(.constdata)
    networksystemmenu                        0x0800c808   Data          20  main.o(.constdata)
    datetimemenu                             0x0800c81c   Data          28  main.o(.constdata)
    systemtypemenu                           0x0800c838   Data          20  main.o(.constdata)
    frequencymenu                            0x0800c84c   Data          28  main.o(.constdata)
    GenSchedulemenu                          0x0800c868   Data          20  main.o(.constdata)
    GenStartEnablemenu                       0x0800c87c   Data          20  main.o(.constdata)
    Periodmenu                               0x0800c890   Data          20  main.o(.constdata)
    GenStartDateTimemenu                     0x0800c8a4   Data          20  main.o(.constdata)
    statusmenu                               0x0800c8b8   Data          36  main.o(.constdata)
    dayname0                                 0x0800c8dc   Data           1  main.o(.constdata)
    dayname1                                 0x0800c8dd   Data           4  main.o(.constdata)
    dayname2                                 0x0800c8e1   Data           4  main.o(.constdata)
    dayname3                                 0x0800c8e5   Data           4  main.o(.constdata)
    dayname4                                 0x0800c8e9   Data           4  main.o(.constdata)
    dayname5                                 0x0800c8ed   Data           4  main.o(.constdata)
    dayname6                                 0x0800c8f1   Data           4  main.o(.constdata)
    dayname7                                 0x0800c8f5   Data           4  main.o(.constdata)
    main1                                    0x0800c8f9   Data          18  main.o(.constdata)
    main2                                    0x0800c90b   Data          17  main.o(.constdata)
    main3                                    0x0800c91c   Data          17  main.o(.constdata)
    main4                                    0x0800c92d   Data          17  main.o(.constdata)
    main5                                    0x0800c93e   Data          17  main.o(.constdata)
    main6                                    0x0800c94f   Data          14  main.o(.constdata)
    main7                                    0x0800c95d   Data          18  main.o(.constdata)
    main8                                    0x0800c96f   Data          14  main.o(.constdata)
    main9                                    0x0800c97d   Data           7  main.o(.constdata)
    undermenu1                               0x0800c984   Data          18  main.o(.constdata)
    undermenu2                               0x0800c996   Data          18  main.o(.constdata)
    undermenu3                               0x0800c9a8   Data          18  main.o(.constdata)
    undermenu4                               0x0800c9ba   Data          18  main.o(.constdata)
    undermenu5                               0x0800c9cc   Data           7  main.o(.constdata)
    overmenu1                                0x0800c9d3   Data          17  main.o(.constdata)
    overmenu2                                0x0800c9e4   Data          17  main.o(.constdata)
    overmenu3                                0x0800c9f5   Data          17  main.o(.constdata)
    overmenu4                                0x0800ca06   Data          17  main.o(.constdata)
    overmenu5                                0x0800ca17   Data           7  main.o(.constdata)
    sourceselectmenu1                        0x0800ca1e   Data          10  main.o(.constdata)
    sourceselectmenu2                        0x0800ca28   Data          10  main.o(.constdata)
    sourceselectmenu3                        0x0800ca32   Data           1  main.o(.constdata)
    sourceselectmenu4                        0x0800ca33   Data           1  main.o(.constdata)
    sourceselectmenu5                        0x0800ca34   Data          15  main.o(.constdata)
    networksystemmenu1                       0x0800ca43   Data           7  main.o(.constdata)
    networksystemmenu2                       0x0800ca4a   Data           7  main.o(.constdata)
    networksystemmenu3                       0x0800ca51   Data           1  main.o(.constdata)
    networksystemmenu4                       0x0800ca52   Data           1  main.o(.constdata)
    networksystemmenu5                       0x0800ca53   Data          15  main.o(.constdata)
    datetimemenu1                            0x0800ca62   Data          11  main.o(.constdata)
    datetimemenu2                            0x0800ca6d   Data          12  main.o(.constdata)
    datetimemenu3                            0x0800ca79   Data          11  main.o(.constdata)
    datetimemenu4                            0x0800ca84   Data          12  main.o(.constdata)
    datetimemenu5                            0x0800ca90   Data          13  main.o(.constdata)
    datetimemenu6                            0x0800ca9d   Data          16  main.o(.constdata)
    datetimemenu7                            0x0800caad   Data           7  main.o(.constdata)
    systemtypemenu1                          0x0800cab4   Data          17  main.o(.constdata)
    systemtypemenu2                          0x0800cac5   Data          17  main.o(.constdata)
    systemtypemenu3                          0x0800cad6   Data           1  main.o(.constdata)
    systemtypemenu4                          0x0800cad7   Data           1  main.o(.constdata)
    systemtypemenu5                          0x0800cad8   Data          15  main.o(.constdata)
    freqmenu1                                0x0800cae7   Data          18  main.o(.constdata)
    freqmenu2                                0x0800caf9   Data          18  main.o(.constdata)
    freqmenu3                                0x0800cb0b   Data          17  main.o(.constdata)
    freqmenu4                                0x0800cb1c   Data          17  main.o(.constdata)
    freqmenu5                                0x0800cb2d   Data          17  main.o(.constdata)
    freqmenu6                                0x0800cb3e   Data          17  main.o(.constdata)
    freqmenu7                                0x0800cb4f   Data           7  main.o(.constdata)
    GenSchedulemenu1                         0x0800cb56   Data          17  main.o(.constdata)
    GenSchedulemenu2                         0x0800cb67   Data           9  main.o(.constdata)
    GenSchedulemenu3                         0x0800cb70   Data          12  main.o(.constdata)
    GenSchedulemenu4                         0x0800cb7c   Data          12  main.o(.constdata)
    GenSchedulemenu5                         0x0800cb88   Data           7  main.o(.constdata)
    GenStartEnablemenu1                      0x0800cb8f   Data          10  main.o(.constdata)
    GenStartEnablemenu2                      0x0800cb99   Data           9  main.o(.constdata)
    GenStartEnablemenu3                      0x0800cba2   Data           1  main.o(.constdata)
    GenStartEnablemenu4                      0x0800cba3   Data           1  main.o(.constdata)
    GenStartEnablemenu5                      0x0800cba4   Data          15  main.o(.constdata)
    Periodmenu1                              0x0800cbb3   Data           8  main.o(.constdata)
    Periodmenu2                              0x0800cbbb   Data           9  main.o(.constdata)
    Periodmenu3                              0x0800cbc4   Data          10  main.o(.constdata)
    Periodmenu4                              0x0800cbce   Data           1  main.o(.constdata)
    Periodmenu5                              0x0800cbcf   Data          15  main.o(.constdata)
    GenStartDateTimemenu1                    0x0800cbde   Data           7  main.o(.constdata)
    GenStartDateTimemenu2                    0x0800cbe5   Data          12  main.o(.constdata)
    GenStartDateTimemenu3                    0x0800cbf1   Data           8  main.o(.constdata)
    GenStartDateTimemenu4                    0x0800cbf9   Data           9  main.o(.constdata)
    GenStartDateTimemenu5                    0x0800cc02   Data           7  main.o(.constdata)
    statusmenu0                              0x0800cc09   Data           7  main.o(.constdata)
    statusmenu1                              0x0800cc10   Data           6  main.o(.constdata)
    statusmenu2                              0x0800cc16   Data           6  main.o(.constdata)
    statusmenu3                              0x0800cc1c   Data          12  main.o(.constdata)
    statusmenu4                              0x0800cc28   Data           1  main.o(.constdata)
    statusmenu5                              0x0800cc29   Data           5  main.o(.constdata)
    statusmenu6                              0x0800cc2e   Data           5  main.o(.constdata)
    statusmenu7                              0x0800cc33   Data          11  main.o(.constdata)
    statusmenu8                              0x0800cc3e   Data           1  main.o(.constdata)
    AHBPrescTable                            0x0800cc3f   Data          16  system_stm32f0xx.o(.constdata)
    APBPrescTable                            0x0800cc4f   Data           8  system_stm32f0xx.o(.constdata)
    Region$$Table$$Base                      0x0800e710   Number         0  anon$$obj.o(Region$$Table)
    Region$$Table$$Limit                     0x0800e730   Number         0  anon$$obj.o(Region$$Table)
    setvalueselect                           0x20000000   Data           1  main.o(.data)
    phasesequencount                         0x20000001   Data           1  main.o(.data)
    State                                    0x20000002   Data           1  main.o(.data)
    PageMenuCount                            0x20000003   Data           1  main.o(.data)
    Submenu1Count                            0x20000004   Data           1  main.o(.data)
    Submenu2Count                            0x20000005   Data           1  main.o(.data)
    Submenu3Count                            0x20000006   Data           1  main.o(.data)
    DisplayMain                              0x20000007   Data           1  main.o(.data)
    freqUnderflag                            0x20000008   Data           1  main.o(.data)
    freqOverflag                             0x20000009   Data           1  main.o(.data)
    Timer_flag                               0x2000000a   Data           1  main.o(.data)
    initstartdelaycount                      0x2000000b   Data           1  main.o(.data)
    start_ats                                0x2000000c   Data           1  main.o(.data)
    releaserelay                             0x2000000d   Data           1  main.o(.data)
    Checksource1OK                           0x2000000e   Data           1  main.o(.data)
    Checksource2OK                           0x2000000f   Data           1  main.o(.data)
    genstart                                 0x20000010   Data           1  main.o(.data)
    beepcount                                0x20000011   Data           1  main.o(.data)
    ReTransfer_flag                          0x20000012   Data           1  main.o(.data)
    ReTransferfail                           0x20000013   Data           1  main.o(.data)
    display_genstarted                       0x20000014   Data           1  main.o(.data)
    display_switching                        0x20000015   Data           1  main.o(.data)
    exit1_flag                               0x20000016   Data           1  main.o(.data)
    exit2_flag                               0x20000017   Data           1  main.o(.data)
    menucount                                0x20000018   Data           1  main.o(.data)
    freq1overcount                           0x20000019   Data           1  main.o(.data)
    freq2overcount                           0x2000001a   Data           1  main.o(.data)
    phase_sequen_source1                     0x2000001b   Data           1  main.o(.data)
    phase_sequen_source2                     0x2000001c   Data           1  main.o(.data)
    lcdflag                                  0x2000001d   Data           1  main.o(.data)
    source1OK                                0x2000001e   Data           1  main.o(.data)
    source2OK                                0x2000001f   Data           1  main.o(.data)
    source_out                               0x20000020   Data           1  main.o(.data)
    numofstring                              0x20000021   Data           1  main.o(.data)
    s1_input                                 0x20000022   Data           1  main.o(.data)
    s2_input                                 0x20000023   Data           1  main.o(.data)
    UnderTimeCount                           0x20000024   Data           2  main.o(.data)
    UnderResTimeCount                        0x20000026   Data           2  main.o(.data)
    OverTimeCount                            0x20000028   Data           2  main.o(.data)
    OverResTimeCount                         0x2000002a   Data           2  main.o(.data)
    GenstartTimeCount                        0x2000002c   Data           2  main.o(.data)
    systickcount                             0x2000002e   Data           2  main.o(.data)
    V1_A                                     0x20000034   Data           2  main.o(.data)
    V1_B                                     0x20000036   Data           2  main.o(.data)
    V1_C                                     0x20000038   Data           2  main.o(.data)
    F_S1                                     0x2000003a   Data           2  main.o(.data)
    V2_A                                     0x2000003c   Data           2  main.o(.data)
    V2_B                                     0x2000003e   Data           2  main.o(.data)
    V2_C                                     0x20000040   Data           2  main.o(.data)
    F_S2                                     0x20000042   Data           2  main.o(.data)
    UnderValue                               0x20000044   Data           2  main.o(.data)
    UnderResValue                            0x20000046   Data           2  main.o(.data)
    UnderTimSetValue                         0x20000048   Data           2  main.o(.data)
    UnderResTimSetValue                      0x2000004a   Data           2  main.o(.data)
    UnderValue_compare                       0x2000004c   Data           2  main.o(.data)
    UnderResValue_compare                    0x2000004e   Data           2  main.o(.data)
    UnderTimSetValue_compare                 0x20000050   Data           2  main.o(.data)
    UnderResTimSetValue_compare              0x20000052   Data           2  main.o(.data)
    OverValue                                0x20000054   Data           2  main.o(.data)
    OverResValue                             0x20000056   Data           2  main.o(.data)
    OverTimSetValue                          0x20000058   Data           2  main.o(.data)
    OverResTimSetValue                       0x2000005a   Data           2  main.o(.data)
    OverValue_compare                        0x2000005c   Data           2  main.o(.data)
    OverResValue_compare                     0x2000005e   Data           2  main.o(.data)
    OverTimSetValue_compare                  0x20000060   Data           2  main.o(.data)
    OverResTimSetValue_compare               0x20000062   Data           2  main.o(.data)
    SourceSelectValue                        0x20000064   Data           2  main.o(.data)
    NetworkSelectValue                       0x20000066   Data           2  main.o(.data)
    SourceSelectValue_compare                0x20000068   Data           2  main.o(.data)
    NetworkSelectValue_compare               0x2000006a   Data           2  main.o(.data)
    workmodeValue                            0x2000006c   Data           2  main.o(.data)
    systemValue                              0x2000006e   Data           2  main.o(.data)
    systemValue_compare                      0x20000070   Data           2  main.o(.data)
    freqUnderValue                           0x20000072   Data           2  main.o(.data)
    freqUnderResValue                        0x20000074   Data           2  main.o(.data)
    freqUnderValue_compare                   0x20000076   Data           2  main.o(.data)
    freqUnderResValue_compare                0x20000078   Data           2  main.o(.data)
    freqOverValue                            0x2000007a   Data           2  main.o(.data)
    freqOverResValue                         0x2000007c   Data           2  main.o(.data)
    freqOverValue_compare                    0x2000007e   Data           2  main.o(.data)
    freqOverResValue_compare                 0x20000080   Data           2  main.o(.data)
    freqABnormalTimeSetValue                 0x20000082   Data           2  main.o(.data)
    freqNormalTimeSetValue                   0x20000084   Data           2  main.o(.data)
    freqABnormalTimeSetValue_compare         0x20000086   Data           2  main.o(.data)
    freqNormalTimeSetValue_compare           0x20000088   Data           2  main.o(.data)
    dataIC1                                  0x2000008a   Data           2  main.o(.data)
    dataIC2                                  0x2000008c   Data           2  main.o(.data)
    Dateupdate                               0x2000008e   Data           4  main.o(.data)
    Dateset                                  0x20000092   Data           4  main.o(.data)
    ctrlATScount                             0x20000098   Data           4  main.o(.data)
    loopcount                                0x200000a0   Data           4  main.o(.data)
    source1_A                                0x200000a4   Data           4  main.o(.data)
    source1_B                                0x200000a8   Data           4  main.o(.data)
    source1_C                                0x200000ac   Data           4  main.o(.data)
    freqS1                                   0x200000b0   Data           4  main.o(.data)
    source2_A                                0x200000b4   Data           4  main.o(.data)
    source2_B                                0x200000b8   Data           4  main.o(.data)
    source2_C                                0x200000bc   Data           4  main.o(.data)
    freqS2                                   0x200000c0   Data           4  main.o(.data)
    deb                                      0x200000c4   Data           4  main.o(.data)
    FS_Desc                                  0x200000c8   Data          28  usbd_desc.o(.data)
    USBD_LangIDDesc                          0x200000e4   Data           4  usbd_desc.o(.data)
    USBD_FS_DeviceDesc                       0x200000e8   Data          18  usbd_desc.o(.data)
    USBD_StringSerial                        0x200000fc   Data          26  usbd_desc.o(.data)
    USBD_Interface_fops_FS                   0x20000118   Data          16  usbd_cdc_if.o(.data)
    uwTickFreq                               0x20000128   Data           1  stm32f0xx_hal.o(.data)
    uwTickPrio                               0x2000012c   Data           4  stm32f0xx_hal.o(.data)
    uwTick                                   0x20000130   Data           4  stm32f0xx_hal.o(.data)
    SystemCoreClock                          0x20000134   Data           4  system_stm32f0xx.o(.data)
    USBD_CDC_CfgHSDesc                       0x20000148   Data          67  usbd_cdc.o(.data)
    USBD_CDC_CfgFSDesc                       0x2000018c   Data          67  usbd_cdc.o(.data)
    USBD_CDC_OtherSpeedCfgDesc               0x200001d0   Data          67  usbd_cdc.o(.data)
    USBD_CDC                                 0x20000214   Data          56  usbd_cdc.o(.data)
    Font_6x8                                 0x20000254   Data           8  ssd1306_fonts.o(.data)
    Font_7x10                                0x2000025c   Data           8  ssd1306_fonts.o(.data)
    Font_11x18                               0x20000264   Data           8  ssd1306_fonts.o(.data)
    Timeupdate                               0x2000026c   Data          20  main.o(.bss)
    Timeset                                  0x20000280   Data          20  main.o(.bss)
    Flashdata                                0x20000294   Data         512  main.o(.bss)
    genschedulestart                         0x20000494   Data          14  main.o(.bss)
    genschedulestart_compare                 0x200004a2   Data          14  main.o(.bss)
    hcrc                                     0x200004b0   Data          36  crc.o(.bss)
    hrtc                                     0x200004d4   Data          32  rtc.o(.bss)
    hspi1                                    0x200004f4   Data         100  spi.o(.bss)
    hspi2                                    0x20000558   Data         100  spi.o(.bss)
    htim7                                    0x200005bc   Data          72  tim.o(.bss)
    huart1                                   0x20000604   Data         132  usart.o(.bss)
    hUsbDeviceFS                             0x20000688   Data         708  usb_device.o(.bss)
    USBD_StrDesc                             0x2000094c   Data         512  usbd_desc.o(.bss)
    UserRxBufferFS                           0x20000b4c   Data        1000  usbd_cdc_if.o(.bss)
    UserTxBufferFS                           0x20000f34   Data        1000  usbd_cdc_if.o(.bss)
    hpcd_USB_FS                              0x2000153c   Data         756  usbd_conf.o(.bss)
    __initial_sp                             0x20002430   Data           0  startup_stm32f072xb.o(STACK)



==============================================================================

Memory Map of the image

  Image Entry point : 0x080000c1

  Load Region LR_IROM1 (Base: 0x08000000, Size: 0x0000e99c, Max: 0x00020000, ABSOLUTE, COMPRESSED[0x0000e80c])

    Execution Region ER_IROM1 (Base: 0x08000000, Size: 0x0000e730, Max: 0x00020000, ABSOLUTE)

    Base Addr    Size         Type   Attr      Idx    E Section Name        Object

    0x08000000   0x000000c0   Data   RO            3    RESET               startup_stm32f072xb.o
    0x080000c0   0x00000000   Code   RO         6236  * .ARM.Collect$$$$00000000  mc_p.l(entry.o)
    0x080000c0   0x00000004   Code   RO         6574    .ARM.Collect$$$$00000001  mc_p.l(entry2.o)
    0x080000c4   0x00000004   Code   RO         6577    .ARM.Collect$$$$00000004  mc_p.l(entry5.o)
    0x080000c8   0x00000000   Code   RO         6579    .ARM.Collect$$$$00000008  mc_p.l(entry7b.o)
    0x080000c8   0x00000000   Code   RO         6581    .ARM.Collect$$$$0000000A  mc_p.l(entry8b.o)
    0x080000c8   0x00000008   Code   RO         6582    .ARM.Collect$$$$0000000B  mc_p.l(entry9a.o)
    0x080000d0   0x00000000   Code   RO         6584    .ARM.Collect$$$$0000000D  mc_p.l(entry10a.o)
    0x080000d0   0x00000000   Code   RO         6586    .ARM.Collect$$$$0000000F  mc_p.l(entry11a.o)
    0x080000d0   0x00000004   Code   RO         6575    .ARM.Collect$$$$00002712  mc_p.l(entry2.o)
    0x080000d4   0x0000001c   Code   RO            4    .text               startup_stm32f072xb.o
    0x080000f0   0x0000002c   Code   RO         6239    .text               mc_p.l(uidiv.o)
    0x0800011c   0x00000028   Code   RO         6241    .text               mc_p.l(idiv.o)
    0x08000144   0x00000060   Code   RO         6243    .text               mc_p.l(uldiv.o)
    0x080001a4   0x00000022   Code   RO         6245    .text               mc_p.l(llushr.o)
    0x080001c6   0x00000040   Code   RO         6249    .text               mc_p.l(memmovea.o)
    0x08000206   0x00000024   Code   RO         6251    .text               mc_p.l(memseta.o)
    0x0800022a   0x0000000e   Code   RO         6253    .text               mc_p.l(strlen.o)
    0x08000238   0x00000012   Code   RO         6255    .text               mc_p.l(strcpy.o)
    0x0800024a   0x0000007c   Code   RO         6524    .text               mf_p.l(fdiv.o)
    0x080002c6   0x00000002   PAD
    0x080002c8   0x000000d0   Code   RO         6526    .text               mf_p.l(dmul.o)
    0x08000398   0x000000f0   Code   RO         6528    .text               mf_p.l(ddiv.o)
    0x08000488   0x0000000e   Code   RO         6532    .text               mf_p.l(ffltui.o)
    0x08000496   0x00000002   PAD
    0x08000498   0x0000001c   Code   RO         6536    .text               mf_p.l(dfltui.o)
    0x080004b4   0x00000028   Code   RO         6538    .text               mf_p.l(ffixui.o)
    0x080004dc   0x00000028   Code   RO         6542    .text               mf_p.l(f2d.o)
    0x08000504   0x00000038   Code   RO         6544    .text               mf_p.l(d2f.o)
    0x0800053c   0x00000020   Code   RO         6591    .text               mc_p.l(llshl.o)
    0x0800055c   0x00000000   Code   RO         6600    .text               mc_p.l(iusefp.o)
    0x0800055c   0x00000082   Code   RO         6601    .text               mf_p.l(fepilogue.o)
    0x080005de   0x000000be   Code   RO         6603    .text               mf_p.l(depilogue.o)
    0x0800069c   0x00000164   Code   RO         6607    .text               mf_p.l(dadd.o)
    0x08000800   0x00000040   Code   RO         6609    .text               mf_p.l(dfixul.o)
    0x08000840   0x00000028   Code   RO         6611    .text               mf_p.l(cdrcmple.o)
    0x08000868   0x00000024   Code   RO         6617    .text               mc_p.l(init.o)
    0x0800088c   0x00000026   Code   RO         6620    .text               mc_p.l(llsshr.o)
    0x080008b2   0x00000056   Code   RO         6633    .text               mc_p.l(__dczerorl2.o)
    0x08000908   0x00000020   Code   RO          267    i.Beep              main.o
    0x08000928   0x00000006   Code   RO         1083    i.CDC_Control_FS    usbd_cdc_if.o
    0x0800092e   0x00000004   Code   RO         1084    i.CDC_DeInit_FS     usbd_cdc_if.o
    0x08000932   0x00000002   PAD
    0x08000934   0x00000024   Code   RO         1085    i.CDC_Init_FS       usbd_cdc_if.o
    0x08000958   0x00000018   Code   RO         1086    i.CDC_Receive_FS    usbd_cdc_if.o
    0x08000970   0x000000f0   Code   RO           12    i.CommEnergyIC      m90e32.o
    0x08000a60   0x0000002a   Code   RO           13    i.Delay_usec        m90e32.o
    0x08000a8a   0x00000002   PAD
    0x08000a8c   0x00000010   Code   RO          268    i.EEPROMWriteInt    main.o
    0x08000a9c   0x00000010   Code   RO          858    i.EXTI0_1_IRQHandler  stm32f0xx_it.o
    0x08000aac   0x00000004   Code   RO          269    i.Error_Handler     main.o
    0x08000ab0   0x00000080   Code   RO          270    i.FlashErase        main.o
    0x08000b30   0x000000a0   Code   RO          271    i.FlashWrite        main.o
    0x08000bd0   0x00000020   Code   RO           16    i.GetFrequency      m90e32.o
    0x08000bf0   0x00000028   Code   RO           21    i.GetLineVoltageA   m90e32.o
    0x08000c18   0x00000028   Code   RO           22    i.GetLineVoltageB   m90e32.o
    0x08000c40   0x00000028   Code   RO           23    i.GetLineVoltageC   m90e32.o
    0x08000c68   0x00000014   Code   RO           27    i.GetSysStatus0     m90e32.o
    0x08000c7c   0x00000030   Code   RO          996    i.Get_SerialNum     usbd_desc.o
    0x08000cac   0x0000005c   Code   RO         3338    i.HAL_CRCEx_Polynomial_Set  stm32f0xx_hal_crc_ex.o
    0x08000d08   0x00000088   Code   RO         3276    i.HAL_CRC_Init      stm32f0xx_hal_crc.o
    0x08000d90   0x00000024   Code   RO          663    i.HAL_CRC_MspInit   crc.o
    0x08000db4   0x00000040   Code   RO         2659    i.HAL_DMA_Abort     stm32f0xx_hal_dma.o
    0x08000df4   0x00000048   Code   RO         2660    i.HAL_DMA_Abort_IT  stm32f0xx_hal_dma.o
    0x08000e3c   0x00000024   Code   RO         1934    i.HAL_Delay         stm32f0xx_hal.o
    0x08000e60   0x00000028   Code   RO         3014    i.HAL_FLASH_Unlock  stm32f0xx_hal_flash.o
    0x08000e88   0x00000018   Code   RO          272    i.HAL_GPIO_EXTI_Callback  main.o
    0x08000ea0   0x00000018   Code   RO         2597    i.HAL_GPIO_EXTI_IRQHandler  stm32f0xx_hal_gpio.o
    0x08000eb8   0x00000160   Code   RO         2598    i.HAL_GPIO_Init     stm32f0xx_hal_gpio.o
    0x08001018   0x0000000e   Code   RO         2600    i.HAL_GPIO_ReadPin  stm32f0xx_hal_gpio.o
    0x08001026   0x00000010   Code   RO         2601    i.HAL_GPIO_TogglePin  stm32f0xx_hal_gpio.o
    0x08001036   0x0000000c   Code   RO         2602    i.HAL_GPIO_WritePin  stm32f0xx_hal_gpio.o
    0x08001042   0x00000002   PAD
    0x08001044   0x0000000c   Code   RO         1938    i.HAL_GetTick       stm32f0xx_hal.o
    0x08001050   0x00000010   Code   RO         1944    i.HAL_IncTick       stm32f0xx_hal.o
    0x08001060   0x00000020   Code   RO         1945    i.HAL_Init          stm32f0xx_hal.o
    0x08001080   0x00000048   Code   RO         1946    i.HAL_InitTick      stm32f0xx_hal.o
    0x080010c8   0x00000028   Code   RO          946    i.HAL_MspInit       stm32f0xx_hal_msp.o
    0x080010f0   0x00000018   Code   RO         2755    i.HAL_NVIC_EnableIRQ  stm32f0xx_hal_cortex.o
    0x08001108   0x00000008   Code   RO         2759    i.HAL_NVIC_SetPriority  stm32f0xx_hal_cortex.o
    0x08001110   0x0000002c   Code   RO         1688    i.HAL_PCDEx_ActivateLPM  stm32f0xx_hal_pcd_ex.o
    0x0800113c   0x00000002   Code   RO         1693    i.HAL_PCDEx_LPM_Callback  stm32f0xx_hal_pcd_ex.o
    0x0800113e   0x0000003a   Code   RO         1694    i.HAL_PCDEx_PMAConfig  stm32f0xx_hal_pcd_ex.o
    0x08001178   0x00000018   Code   RO         1132    i.HAL_PCD_DataInStageCallback  usbd_conf.o
    0x08001190   0x0000001c   Code   RO         1133    i.HAL_PCD_DataOutStageCallback  usbd_conf.o
    0x080011ac   0x00000044   Code   RO         1475    i.HAL_PCD_EP_Close  stm32f0xx_hal_pcd.o
    0x080011f0   0x00000054   Code   RO         1476    i.HAL_PCD_EP_ClrStall  stm32f0xx_hal_pcd.o
    0x08001244   0x000000f4   Code   RO         1477    i.HAL_PCD_EP_DB_Receive  stm32f0xx_hal_pcd.o
    0x08001338   0x00000274   Code   RO         1478    i.HAL_PCD_EP_DB_Transmit  stm32f0xx_hal_pcd.o
    0x080015ac   0x00000012   Code   RO         1480    i.HAL_PCD_EP_GetRxCount  stm32f0xx_hal_pcd.o
    0x080015be   0x00000054   Code   RO         1481    i.HAL_PCD_EP_Open   stm32f0xx_hal_pcd.o
    0x08001612   0x00000034   Code   RO         1482    i.HAL_PCD_EP_Receive  stm32f0xx_hal_pcd.o
    0x08001646   0x00000054   Code   RO         1483    i.HAL_PCD_EP_SetStall  stm32f0xx_hal_pcd.o
    0x0800169a   0x0000003a   Code   RO         1484    i.HAL_PCD_EP_Transmit  stm32f0xx_hal_pcd.o
    0x080016d4   0x0000018c   Code   RO         1486    i.HAL_PCD_IRQHandler  stm32f0xx_hal_pcd.o
    0x08001860   0x000000b0   Code   RO         1489    i.HAL_PCD_Init      stm32f0xx_hal_pcd.o
    0x08001910   0x00000038   Code   RO         1138    i.HAL_PCD_MspInit   usbd_conf.o
    0x08001948   0x00000026   Code   RO         1139    i.HAL_PCD_ResetCallback  usbd_conf.o
    0x0800196e   0x00000002   PAD
    0x08001970   0x0000002c   Code   RO         1140    i.HAL_PCD_ResumeCallback  usbd_conf.o
    0x0800199c   0x00000010   Code   RO         1141    i.HAL_PCD_SOFCallback  usbd_conf.o
    0x080019ac   0x00000026   Code   RO         1495    i.HAL_PCD_SetAddress  stm32f0xx_hal_pcd.o
    0x080019d2   0x00000018   Code   RO         1142    i.HAL_PCD_SetupStageCallback  usbd_conf.o
    0x080019ea   0x0000002a   Code   RO         1497    i.HAL_PCD_Start     stm32f0xx_hal_pcd.o
    0x08001a14   0x00000028   Code   RO         1143    i.HAL_PCD_SuspendCallback  usbd_conf.o
    0x08001a3c   0x00000010   Code   RO         2852    i.HAL_PWR_EnableBkUpAccess  stm32f0xx_hal_pwr.o
    0x08001a4c   0x00000124   Code   RO         1854    i.HAL_RCCEx_PeriphCLKConfig  stm32f0xx_hal_rcc_ex.o
    0x08001b70   0x0000012c   Code   RO         1750    i.HAL_RCC_ClockConfig  stm32f0xx_hal_rcc.o
    0x08001c9c   0x0000000c   Code   RO         1755    i.HAL_RCC_GetHCLKFreq  stm32f0xx_hal_rcc.o
    0x08001ca8   0x00000020   Code   RO         1757    i.HAL_RCC_GetPCLK1Freq  stm32f0xx_hal_rcc.o
    0x08001cc8   0x000000bc   Code   RO         1758    i.HAL_RCC_GetSysClockFreq  stm32f0xx_hal_rcc.o
    0x08001d84   0x000004a2   Code   RO         1761    i.HAL_RCC_OscConfig  stm32f0xx_hal_rcc.o
    0x08002226   0x00000002   PAD
    0x08002228   0x00000044   Code   RO         3378    i.HAL_RTC_GetDate   stm32f0xx_hal_rtc.o
    0x0800226c   0x00000058   Code   RO         3380    i.HAL_RTC_GetTime   stm32f0xx_hal_rtc.o
    0x080022c4   0x000000c0   Code   RO         3381    i.HAL_RTC_Init      stm32f0xx_hal_rtc.o
    0x08002384   0x00000020   Code   RO          701    i.HAL_RTC_MspInit   rtc.o
    0x080023a4   0x000000d4   Code   RO         3387    i.HAL_RTC_SetDate   stm32f0xx_hal_rtc.o
    0x08002478   0x000000f0   Code   RO         3388    i.HAL_RTC_SetTime   stm32f0xx_hal_rtc.o
    0x08002568   0x00000034   Code   RO         3389    i.HAL_RTC_WaitForSynchro  stm32f0xx_hal_rtc.o
    0x0800259c   0x00000002   Code   RO         3751    i.HAL_SPI_ErrorCallback  stm32f0xx_hal_spi.o
    0x0800259e   0x00000002   PAD
    0x080025a0   0x000000fc   Code   RO         3754    i.HAL_SPI_IRQHandler  stm32f0xx_hal_spi.o
    0x0800269c   0x000000f0   Code   RO         3755    i.HAL_SPI_Init      stm32f0xx_hal_spi.o
    0x0800278c   0x000000ec   Code   RO          739    i.HAL_SPI_MspInit   spi.o
    0x08002878   0x00000174   Code   RO         3758    i.HAL_SPI_Receive   stm32f0xx_hal_spi.o
    0x080029ec   0x00000184   Code   RO         3763    i.HAL_SPI_Transmit  stm32f0xx_hal_spi.o
    0x08002b70   0x00000202   Code   RO         3764    i.HAL_SPI_TransmitReceive  stm32f0xx_hal_spi.o
    0x08002d72   0x00000002   PAD
    0x08002d74   0x000005a4   Code   RO          274    i.HAL_SYSTICK_Callback  main.o
    0x08003318   0x00000030   Code   RO         2763    i.HAL_SYSTICK_Config  stm32f0xx_hal_cortex.o
    0x08003348   0x00000008   Code   RO         2764    i.HAL_SYSTICK_IRQHandler  stm32f0xx_hal_cortex.o
    0x08003350   0x00000002   Code   RO         4800    i.HAL_TIMEx_BreakCallback  stm32f0xx_hal_tim_ex.o
    0x08003352   0x00000002   Code   RO         4801    i.HAL_TIMEx_CommutCallback  stm32f0xx_hal_tim_ex.o
    0x08003354   0x00000060   Code   RO         4819    i.HAL_TIMEx_MasterConfigSynchronization  stm32f0xx_hal_tim_ex.o
    0x080033b4   0x0000004a   Code   RO         4089    i.HAL_TIM_Base_Init  stm32f0xx_hal_tim.o
    0x080033fe   0x00000002   PAD
    0x08003400   0x00000034   Code   RO          783    i.HAL_TIM_Base_MspInit  tim.o
    0x08003434   0x00000060   Code   RO         4094    i.HAL_TIM_Base_Start_IT  stm32f0xx_hal_tim.o
    0x08003494   0x00000002   Code   RO         4123    i.HAL_TIM_IC_CaptureCallback  stm32f0xx_hal_tim.o
    0x08003496   0x0000016a   Code   RO         4137    i.HAL_TIM_IRQHandler  stm32f0xx_hal_tim.o
    0x08003600   0x00000002   Code   RO         4140    i.HAL_TIM_OC_DelayElapsedCallback  stm32f0xx_hal_tim.o
    0x08003602   0x00000002   Code   RO         4167    i.HAL_TIM_PWM_PulseFinishedCallback  stm32f0xx_hal_tim.o
    0x08003604   0x000000ec   Code   RO          275    i.HAL_TIM_PeriodElapsedCallback  main.o
    0x080036f0   0x00000002   Code   RO         4180    i.HAL_TIM_TriggerCallback  stm32f0xx_hal_tim.o
    0x080036f2   0x00000002   Code   RO         5072    i.HAL_UARTEx_RxEventCallback  stm32f0xx_hal_uart.o
    0x080036f4   0x00000002   Code   RO         5464    i.HAL_UARTEx_WakeupCallback  stm32f0xx_hal_uart_ex.o
    0x080036f6   0x00000002   Code   RO         5088    i.HAL_UART_ErrorCallback  stm32f0xx_hal_uart.o
    0x080036f8   0x00000228   Code   RO         5091    i.HAL_UART_IRQHandler  stm32f0xx_hal_uart.o
    0x08003920   0x00000070   Code   RO         5092    i.HAL_UART_Init     stm32f0xx_hal_uart.o
    0x08003990   0x00000074   Code   RO          821    i.HAL_UART_MspInit  usart.o
    0x08003a04   0x00000002   Code   RO         5104    i.HAL_UART_TxCpltCallback  stm32f0xx_hal_uart.o
    0x08003a06   0x00000002   Code   RO          859    i.HardFault_Handler  stm32f0xx_it.o
    0x08003a08   0x00000114   Code   RO           29    i.InitEnergyIC      m90e32.o
    0x08003b1c   0x0000002e   Code   RO          997    i.IntToUnicode      usbd_desc.o
    0x08003b4a   0x00000002   PAD
    0x08003b4c   0x0000002c   Code   RO          664    i.MX_CRC_Init       crc.o
    0x08003b78   0x00000164   Code   RO          642    i.MX_GPIO_Init      gpio.o
    0x08003cdc   0x00000040   Code   RO          702    i.MX_RTC_Init       rtc.o
    0x08003d1c   0x0000004c   Code   RO          740    i.MX_SPI1_Init      spi.o
    0x08003d68   0x0000004c   Code   RO          741    i.MX_SPI2_Init      spi.o
    0x08003db4   0x00000050   Code   RO          784    i.MX_TIM7_Init      tim.o
    0x08003e04   0x00000038   Code   RO          822    i.MX_USART1_UART_Init  usart.o
    0x08003e3c   0x00000054   Code   RO          969    i.MX_USB_DEVICE_Init  usb_device.o
    0x08003e90   0x00000002   Code   RO          860    i.NMI_Handler       stm32f0xx_it.o
    0x08003e92   0x00000002   PAD
    0x08003e94   0x00000320   Code   RO         1500    i.PCD_EP_ISR_Handler  stm32f0xx_hal_pcd.o
    0x080041b4   0x00000002   Code   RO          861    i.PendSV_Handler    stm32f0xx_it.o
    0x080041b6   0x00000010   Code   RO         3390    i.RTC_Bcd2ToByte    stm32f0xx_hal_rtc.o
    0x080041c6   0x00000016   Code   RO         3391    i.RTC_ByteToBcd2    stm32f0xx_hal_rtc.o
    0x080041dc   0x00000038   Code   RO         3392    i.RTC_EnterInitMode  stm32f0xx_hal_rtc.o
    0x08004214   0x000004b6   Code   RO          276    i.ReadSetting       main.o
    0x080046ca   0x00000002   PAD
    0x080046cc   0x00000010   Code   RO          862    i.SPI1_IRQHandler   stm32f0xx_it.o
    0x080046dc   0x00000010   Code   RO          863    i.SPI2_IRQHandler   stm32f0xx_it.o
    0x080046ec   0x00000012   Code   RO         3782    i.SPI_DMAAbortOnError  stm32f0xx_hal_spi.o
    0x080046fe   0x00000084   Code   RO         3792    i.SPI_EndRxTransaction  stm32f0xx_hal_spi.o
    0x08004782   0x00000066   Code   RO         3793    i.SPI_EndRxTxTransaction  stm32f0xx_hal_spi.o
    0x080047e8   0x000000c8   Code   RO         3798    i.SPI_WaitFifoStateUntilTimeout  stm32f0xx_hal_spi.o
    0x080048b0   0x000000bc   Code   RO         3799    i.SPI_WaitFlagStateUntilTimeout  stm32f0xx_hal_spi.o
    0x0800496c   0x00000002   Code   RO          864    i.SVC_Handler       stm32f0xx_it.o
    0x0800496e   0x0000000c   Code   RO          865    i.SysTick_Handler   stm32f0xx_it.o
    0x0800497a   0x00000008   Code   RO         1144    i.SystemClockConfig_Resume  usbd_conf.o
    0x08004982   0x00000002   PAD
    0x08004984   0x00000098   Code   RO          277    i.SystemClock_Config  main.o
    0x08004a1c   0x00000002   Code   RO         5530    i.SystemInit        system_stm32f0xx.o
    0x08004a1e   0x00000002   PAD
    0x08004a20   0x00000010   Code   RO          866    i.TIM7_IRQHandler   stm32f0xx_it.o
    0x08004a30   0x00000094   Code   RO         4182    i.TIM_Base_SetConfig  stm32f0xx_hal_tim.o
    0x08004ac4   0x000000ca   Code   RO         5106    i.UART_AdvFeatureConfig  stm32f0xx_hal_uart.o
    0x08004b8e   0x00000002   PAD
    0x08004b90   0x00000068   Code   RO         5107    i.UART_CheckIdleState  stm32f0xx_hal_uart.o
    0x08004bf8   0x00000014   Code   RO         5108    i.UART_DMAAbortOnError  stm32f0xx_hal_uart.o
    0x08004c0c   0x00000032   Code   RO         5118    i.UART_EndRxTransfer  stm32f0xx_hal_uart.o
    0x08004c3e   0x0000001a   Code   RO         5119    i.UART_EndTransmit_IT  stm32f0xx_hal_uart.o
    0x08004c58   0x00000198   Code   RO         5123    i.UART_SetConfig    stm32f0xx_hal_uart.o
    0x08004df0   0x000000a4   Code   RO         5128    i.UART_WaitOnFlagUntilTimeout  stm32f0xx_hal_uart.o
    0x08004e94   0x00000010   Code   RO          867    i.USART1_IRQHandler  stm32f0xx_it.o
    0x08004ea4   0x00000054   Code   RO         5844    i.USBD_CDC_DataIn   usbd_cdc.o
    0x08004ef8   0x00000032   Code   RO         5845    i.USBD_CDC_DataOut  usbd_cdc.o
    0x08004f2a   0x00000048   Code   RO         5846    i.USBD_CDC_DeInit   usbd_cdc.o
    0x08004f72   0x0000002a   Code   RO         5847    i.USBD_CDC_EP0_RxReady  usbd_cdc.o
    0x08004f9c   0x0000000c   Code   RO         5848    i.USBD_CDC_GetDeviceQualifierDescriptor  usbd_cdc.o
    0x08004fa8   0x0000000c   Code   RO         5849    i.USBD_CDC_GetFSCfgDesc  usbd_cdc.o
    0x08004fb4   0x0000000c   Code   RO         5850    i.USBD_CDC_GetHSCfgDesc  usbd_cdc.o
    0x08004fc0   0x0000000c   Code   RO         5851    i.USBD_CDC_GetOtherSpeedCfgDesc  usbd_cdc.o
    0x08004fcc   0x000000b0   Code   RO         5852    i.USBD_CDC_Init     usbd_cdc.o
    0x0800507c   0x00000040   Code   RO         5853    i.USBD_CDC_ReceivePacket  usbd_cdc.o
    0x080050bc   0x00000014   Code   RO         5854    i.USBD_CDC_RegisterInterface  usbd_cdc.o
    0x080050d0   0x00000014   Code   RO         5855    i.USBD_CDC_SetRxBuffer  usbd_cdc.o
    0x080050e4   0x00000016   Code   RO         5856    i.USBD_CDC_SetTxBuffer  usbd_cdc.o
    0x080050fa   0x000000e2   Code   RO         5857    i.USBD_CDC_Setup    usbd_cdc.o
    0x080051dc   0x00000012   Code   RO         5563    i.USBD_ClrClassConfig  usbd_core.o
    0x080051ee   0x0000002c   Code   RO         5697    i.USBD_ClrFeature   usbd_ctlreq.o
    0x0800521a   0x00000010   Code   RO         5788    i.USBD_CtlContinueRx  usbd_ioreq.o
    0x0800522a   0x00000010   Code   RO         5789    i.USBD_CtlContinueSendData  usbd_ioreq.o
    0x0800523a   0x00000016   Code   RO         5698    i.USBD_CtlError     usbd_ctlreq.o
    0x08005250   0x00000022   Code   RO         5790    i.USBD_CtlPrepareRx  usbd_ioreq.o
    0x08005272   0x00000018   Code   RO         5791    i.USBD_CtlReceiveStatus  usbd_ioreq.o
    0x0800528a   0x0000001e   Code   RO         5792    i.USBD_CtlSendData  usbd_ioreq.o
    0x080052a8   0x0000001a   Code   RO         5793    i.USBD_CtlSendStatus  usbd_ioreq.o
    0x080052c2   0x00000002   PAD
    0x080052c4   0x00000030   Code   RO          998    i.USBD_FS_ConfigStrDescriptor  usbd_desc.o
    0x080052f4   0x0000000c   Code   RO          999    i.USBD_FS_DeviceDescriptor  usbd_desc.o
    0x08005300   0x00000034   Code   RO         1000    i.USBD_FS_InterfaceStrDescriptor  usbd_desc.o
    0x08005334   0x0000000c   Code   RO         1001    i.USBD_FS_LangIDStrDescriptor  usbd_desc.o
    0x08005340   0x00000028   Code   RO         1002    i.USBD_FS_ManufacturerStrDescriptor  usbd_desc.o
    0x08005368   0x0000003c   Code   RO         1003    i.USBD_FS_ProductStrDescriptor  usbd_desc.o
    0x080053a4   0x00000014   Code   RO         1004    i.USBD_FS_SerialStrDescriptor  usbd_desc.o
    0x080053b8   0x00000048   Code   RO         5699    i.USBD_GetConfig    usbd_ctlreq.o
    0x08005400   0x000001a8   Code   RO         5700    i.USBD_GetDescriptor  usbd_ctlreq.o
    0x080055a8   0x00000014   Code   RO         5701    i.USBD_GetLen       usbd_ctlreq.o
    0x080055bc   0x00000048   Code   RO         5702    i.USBD_GetStatus    usbd_ctlreq.o
    0x08005604   0x0000003c   Code   RO         5703    i.USBD_GetString    usbd_ctlreq.o
    0x08005640   0x00000024   Code   RO         1145    i.USBD_Get_USB_Status  usbd_conf.o
    0x08005664   0x0000002e   Code   RO         5565    i.USBD_Init         usbd_core.o
    0x08005692   0x00000014   Code   RO         1146    i.USBD_LL_ClearStallEP  usbd_conf.o
    0x080056a6   0x00000014   Code   RO         1147    i.USBD_LL_CloseEP   usbd_conf.o
    0x080056ba   0x000000da   Code   RO         5566    i.USBD_LL_DataInStage  usbd_core.o
    0x08005794   0x00000086   Code   RO         5567    i.USBD_LL_DataOutStage  usbd_core.o
    0x0800581a   0x00000010   Code   RO         1151    i.USBD_LL_GetRxDataSize  usbd_conf.o
    0x0800582a   0x00000002   PAD
    0x0800582c   0x00000084   Code   RO         1152    i.USBD_LL_Init      usbd_conf.o
    0x080058b0   0x00000024   Code   RO         1153    i.USBD_LL_IsStallEP  usbd_conf.o
    0x080058d4   0x0000001a   Code   RO         1154    i.USBD_LL_OpenEP    usbd_conf.o
    0x080058ee   0x00000014   Code   RO         1155    i.USBD_LL_PrepareReceive  usbd_conf.o
    0x08005902   0x00000050   Code   RO         5572    i.USBD_LL_Reset     usbd_core.o
    0x08005952   0x00000014   Code   RO         5573    i.USBD_LL_Resume    usbd_core.o
    0x08005966   0x0000001c   Code   RO         5574    i.USBD_LL_SOF       usbd_core.o
    0x08005982   0x00000006   Code   RO         5575    i.USBD_LL_SetSpeed  usbd_core.o
    0x08005988   0x00000014   Code   RO         1156    i.USBD_LL_SetUSBAddress  usbd_conf.o
    0x0800599c   0x00000060   Code   RO         5576    i.USBD_LL_SetupStage  usbd_core.o
    0x080059fc   0x00000014   Code   RO         1157    i.USBD_LL_StallEP   usbd_conf.o
    0x08005a10   0x00000014   Code   RO         1158    i.USBD_LL_Start     usbd_conf.o
    0x08005a24   0x00000012   Code   RO         5577    i.USBD_LL_Suspend   usbd_core.o
    0x08005a36   0x00000014   Code   RO         1160    i.USBD_LL_Transmit  usbd_conf.o
    0x08005a4a   0x00000028   Code   RO         5704    i.USBD_ParseSetupRequest  usbd_ctlreq.o
    0x08005a72   0x00000016   Code   RO         5578    i.USBD_RegisterClass  usbd_core.o
    0x08005a88   0x00000004   Code   RO         5579    i.USBD_RunTestMode  usbd_core.o
    0x08005a8c   0x00000056   Code   RO         5705    i.USBD_SetAddress   usbd_ctlreq.o
    0x08005ae2   0x0000001e   Code   RO         5580    i.USBD_SetClassConfig  usbd_core.o
    0x08005b00   0x000000bc   Code   RO         5706    i.USBD_SetConfig    usbd_ctlreq.o
    0x08005bbc   0x00000016   Code   RO         5707    i.USBD_SetFeature   usbd_ctlreq.o
    0x08005bd2   0x0000000a   Code   RO         5581    i.USBD_Start        usbd_core.o
    0x08005bdc   0x0000006e   Code   RO         5708    i.USBD_StdDevReq    usbd_ctlreq.o
    0x08005c4a   0x000001e8   Code   RO         5709    i.USBD_StdEPReq     usbd_ctlreq.o
    0x08005e32   0x0000006c   Code   RO         5710    i.USBD_StdItfReq    usbd_ctlreq.o
    0x08005e9e   0x00000002   Code   RO         1161    i.USBD_static_free  usbd_conf.o
    0x08005ea0   0x00000008   Code   RO         1162    i.USBD_static_malloc  usbd_conf.o
    0x08005ea8   0x00000268   Code   RO         1338    i.USB_ActivateEndpoint  stm32f0xx_ll_usb.o
    0x08006110   0x00000118   Code   RO         1342    i.USB_DeactivateEndpoint  stm32f0xx_ll_usb.o
    0x08006228   0x00000010   Code   RO         1343    i.USB_DevConnect    stm32f0xx_ll_usb.o
    0x08006238   0x00000012   Code   RO         1345    i.USB_DevInit       stm32f0xx_ll_usb.o
    0x0800624a   0x00000002   PAD
    0x0800624c   0x00000014   Code   RO         1346    i.USB_DisableGlobalInt  stm32f0xx_ll_usb.o
    0x08006260   0x00000084   Code   RO         1347    i.USB_EPClearStall  stm32f0xx_ll_usb.o
    0x080062e4   0x00000040   Code   RO         1348    i.USB_EPSetStall    stm32f0xx_ll_usb.o
    0x08006324   0x000005b4   Code   RO         1349    i.USB_EPStartXfer   stm32f0xx_ll_usb.o
    0x080068d8   0x00000014   Code   RO         1350    i.USB_EnableGlobalInt  stm32f0xx_ll_usb.o
    0x080068ec   0x00000010   Code   RO          868    i.USB_IRQHandler    stm32f0xx_it.o
    0x080068fc   0x00000006   Code   RO         1351    i.USB_ReadInterrupts  stm32f0xx_ll_usb.o
    0x08006902   0x0000002c   Code   RO         1352    i.USB_ReadPMA       stm32f0xx_ll_usb.o
    0x0800692e   0x0000000e   Code   RO         1354    i.USB_SetDevAddress  stm32f0xx_ll_usb.o
    0x0800693c   0x00000028   Code   RO         1356    i.USB_WritePMA      stm32f0xx_ll_usb.o
    0x08006964   0x00000034   Code   RO         6495    i.__0snprintf       mc_p.l(printfa.o)
    0x08006998   0x00000028   Code   RO         6496    i.__0sprintf        mc_p.l(printfa.o)
    0x080069c0   0x0000002e   Code   RO         6605    i.__ARM_clz         mf_p.l(depilogue.o)
    0x080069ee   0x00000030   Code   RO         1836    i.__ARM_common_ll_muluu  stm32f0xx_hal_rcc.o
    0x08006a1e   0x0000001a   Code   RO          567    i.__ARM_common_switch8  main.o
    0x08006a38   0x00000044   Code   RO         2765    i.__NVIC_SetPriority  stm32f0xx_hal_cortex.o
    0x08006a7c   0x0000000e   Code   RO         6627    i.__scatterload_copy  mc_p.l(handlers.o)
    0x08006a8a   0x00000002   Code   RO         6628    i.__scatterload_null  mc_p.l(handlers.o)
    0x08006a8c   0x0000000e   Code   RO         6629    i.__scatterload_zeroinit  mc_p.l(handlers.o)
    0x08006a9a   0x00000002   PAD
    0x08006a9c   0x00000174   Code   RO         6501    i._fp_digits        mc_p.l(printfa.o)
    0x08006c10   0x000006ec   Code   RO         6502    i._printf_core      mc_p.l(printfa.o)
    0x080072fc   0x00000020   Code   RO         6503    i._printf_post_padding  mc_p.l(printfa.o)
    0x0800731c   0x0000002c   Code   RO         6504    i._printf_pre_padding  mc_p.l(printfa.o)
    0x08007348   0x00000016   Code   RO         6505    i._snputc           mc_p.l(printfa.o)
    0x0800735e   0x0000000a   Code   RO         6506    i._sputc            mc_p.l(printfa.o)
    0x08007368   0x00001350   Code   RO          279    i.buttonRead        main.o
    0x080086b8   0x00000018   Code   RO          280    i.chechphasesequen  main.o
    0x080086d0   0x000000d0   Code   RO          281    i.check_releaserelay  main.o
    0x080087a0   0x00000090   Code   RO          282    i.checkauxinput     main.o
    0x08008830   0x0000006c   Code   RO          283    i.checkfault        main.o
    0x0800889c   0x000000f4   Code   RO          284    i.checkgenpromp     main.o
    0x08008990   0x000000c8   Code   RO          285    i.checkgenschedule  main.o
    0x08008a58   0x0000000a   Code   RO          286    i.cleardisplay      main.o
    0x08008a62   0x00000002   PAD
    0x08008a64   0x00000144   Code   RO          287    i.comparesettingvalue  main.o
    0x08008ba8   0x00001a68   Code   RO          288    i.lcdupdate         main.o
    0x0800a610   0x000003f4   Code   RO          289    i.main              main.o
    0x0800aa04   0x0000177c   Code   RO          290    i.readvolt          main.o
    0x0800c180   0x00000098   Code   RO          292    i.retransfer        main.o
    0x0800c218   0x00000048   Code   RO         5950    i.ssd1306_DrawPixel  ssd1306.o
    0x0800c260   0x00000024   Code   RO         5952    i.ssd1306_Fill      ssd1306.o
    0x0800c284   0x000000cc   Code   RO         5955    i.ssd1306_Init      ssd1306.o
    0x0800c350   0x0000003c   Code   RO         5959    i.ssd1306_Reset     ssd1306.o
    0x0800c38c   0x00000012   Code   RO         5960    i.ssd1306_SetContrast  ssd1306.o
    0x0800c39e   0x00000002   PAD
    0x0800c3a0   0x0000000c   Code   RO         5961    i.ssd1306_SetCursor  ssd1306.o
    0x0800c3ac   0x00000020   Code   RO         5962    i.ssd1306_SetDisplayOn  ssd1306.o
    0x0800c3cc   0x00000034   Code   RO         5963    i.ssd1306_UpdateScreen  ssd1306.o
    0x0800c400   0x000000a8   Code   RO         5964    i.ssd1306_WriteChar  ssd1306.o
    0x0800c4a8   0x0000003c   Code   RO         5965    i.ssd1306_WriteCommand  ssd1306.o
    0x0800c4e4   0x00000040   Code   RO         5966    i.ssd1306_WriteData  ssd1306.o
    0x0800c524   0x0000002a   Code   RO         5967    i.ssd1306_WriteString  ssd1306.o
    0x0800c54e   0x00000002   PAD
    0x0800c550   0x00000074   Code   RO          293    i.storecomparevalue  main.o
    0x0800c5c4   0x0000015c   Code   RO          294    i.system_init       main.o
    0x0800c720   0x00000001   Data   RO          297    .constdata          main.o
    0x0800c721   0x00000004   Data   RO          298    .constdata          main.o
    0x0800c725   0x00000004   Data   RO          299    .constdata          main.o
    0x0800c729   0x00000004   Data   RO          300    .constdata          main.o
    0x0800c72d   0x00000004   Data   RO          301    .constdata          main.o
    0x0800c731   0x00000004   Data   RO          302    .constdata          main.o
    0x0800c735   0x00000004   Data   RO          303    .constdata          main.o
    0x0800c739   0x00000004   Data   RO          304    .constdata          main.o
    0x0800c73d   0x00000004   Data   RO          305    .constdata          main.o
    0x0800c741   0x00000004   Data   RO          306    .constdata          main.o
    0x0800c745   0x00000004   Data   RO          307    .constdata          main.o
    0x0800c749   0x00000004   Data   RO          308    .constdata          main.o
    0x0800c74d   0x00000004   Data   RO          309    .constdata          main.o
    0x0800c751   0x00000003   PAD
    0x0800c754   0x00000188   Data   RO          310    .constdata          main.o
    0x0800c8dc   0x00000001   Data   RO          311    .constdata          main.o
    0x0800c8dd   0x00000004   Data   RO          312    .constdata          main.o
    0x0800c8e1   0x00000004   Data   RO          313    .constdata          main.o
    0x0800c8e5   0x00000004   Data   RO          314    .constdata          main.o
    0x0800c8e9   0x00000004   Data   RO          315    .constdata          main.o
    0x0800c8ed   0x00000004   Data   RO          316    .constdata          main.o
    0x0800c8f1   0x00000004   Data   RO          317    .constdata          main.o
    0x0800c8f5   0x00000004   Data   RO          318    .constdata          main.o
    0x0800c8f9   0x00000012   Data   RO          319    .constdata          main.o
    0x0800c90b   0x00000011   Data   RO          320    .constdata          main.o
    0x0800c91c   0x00000011   Data   RO          321    .constdata          main.o
    0x0800c92d   0x00000011   Data   RO          322    .constdata          main.o
    0x0800c93e   0x00000011   Data   RO          323    .constdata          main.o
    0x0800c94f   0x0000000e   Data   RO          324    .constdata          main.o
    0x0800c95d   0x00000012   Data   RO          325    .constdata          main.o
    0x0800c96f   0x0000000e   Data   RO          326    .constdata          main.o
    0x0800c97d   0x00000007   Data   RO          327    .constdata          main.o
    0x0800c984   0x00000012   Data   RO          328    .constdata          main.o
    0x0800c996   0x00000012   Data   RO          329    .constdata          main.o
    0x0800c9a8   0x00000012   Data   RO          330    .constdata          main.o
    0x0800c9ba   0x00000012   Data   RO          331    .constdata          main.o
    0x0800c9cc   0x00000007   Data   RO          332    .constdata          main.o
    0x0800c9d3   0x00000011   Data   RO          333    .constdata          main.o
    0x0800c9e4   0x00000011   Data   RO          334    .constdata          main.o
    0x0800c9f5   0x00000011   Data   RO          335    .constdata          main.o
    0x0800ca06   0x00000011   Data   RO          336    .constdata          main.o
    0x0800ca17   0x00000007   Data   RO          337    .constdata          main.o
    0x0800ca1e   0x0000000a   Data   RO          338    .constdata          main.o
    0x0800ca28   0x0000000a   Data   RO          339    .constdata          main.o
    0x0800ca32   0x00000001   Data   RO          340    .constdata          main.o
    0x0800ca33   0x00000001   Data   RO          341    .constdata          main.o
    0x0800ca34   0x0000000f   Data   RO          342    .constdata          main.o
    0x0800ca43   0x00000007   Data   RO          343    .constdata          main.o
    0x0800ca4a   0x00000007   Data   RO          344    .constdata          main.o
    0x0800ca51   0x00000001   Data   RO          345    .constdata          main.o
    0x0800ca52   0x00000001   Data   RO          346    .constdata          main.o
    0x0800ca53   0x0000000f   Data   RO          347    .constdata          main.o
    0x0800ca62   0x0000000b   Data   RO          348    .constdata          main.o
    0x0800ca6d   0x0000000c   Data   RO          349    .constdata          main.o
    0x0800ca79   0x0000000b   Data   RO          350    .constdata          main.o
    0x0800ca84   0x0000000c   Data   RO          351    .constdata          main.o
    0x0800ca90   0x0000000d   Data   RO          352    .constdata          main.o
    0x0800ca9d   0x00000010   Data   RO          353    .constdata          main.o
    0x0800caad   0x00000007   Data   RO          354    .constdata          main.o
    0x0800cab4   0x00000011   Data   RO          355    .constdata          main.o
    0x0800cac5   0x00000011   Data   RO          356    .constdata          main.o
    0x0800cad6   0x00000001   Data   RO          357    .constdata          main.o
    0x0800cad7   0x00000001   Data   RO          358    .constdata          main.o
    0x0800cad8   0x0000000f   Data   RO          359    .constdata          main.o
    0x0800cae7   0x00000012   Data   RO          360    .constdata          main.o
    0x0800caf9   0x00000012   Data   RO          361    .constdata          main.o
    0x0800cb0b   0x00000011   Data   RO          362    .constdata          main.o
    0x0800cb1c   0x00000011   Data   RO          363    .constdata          main.o
    0x0800cb2d   0x00000011   Data   RO          364    .constdata          main.o
    0x0800cb3e   0x00000011   Data   RO          365    .constdata          main.o
    0x0800cb4f   0x00000007   Data   RO          366    .constdata          main.o
    0x0800cb56   0x00000011   Data   RO          367    .constdata          main.o
    0x0800cb67   0x00000009   Data   RO          368    .constdata          main.o
    0x0800cb70   0x0000000c   Data   RO          369    .constdata          main.o
    0x0800cb7c   0x0000000c   Data   RO          370    .constdata          main.o
    0x0800cb88   0x00000007   Data   RO          371    .constdata          main.o
    0x0800cb8f   0x0000000a   Data   RO          372    .constdata          main.o
    0x0800cb99   0x00000009   Data   RO          373    .constdata          main.o
    0x0800cba2   0x00000001   Data   RO          374    .constdata          main.o
    0x0800cba3   0x00000001   Data   RO          375    .constdata          main.o
    0x0800cba4   0x0000000f   Data   RO          376    .constdata          main.o
    0x0800cbb3   0x00000008   Data   RO          377    .constdata          main.o
    0x0800cbbb   0x00000009   Data   RO          378    .constdata          main.o
    0x0800cbc4   0x0000000a   Data   RO          379    .constdata          main.o
    0x0800cbce   0x00000001   Data   RO          380    .constdata          main.o
    0x0800cbcf   0x0000000f   Data   RO          381    .constdata          main.o
    0x0800cbde   0x00000007   Data   RO          382    .constdata          main.o
    0x0800cbe5   0x0000000c   Data   RO          383    .constdata          main.o
    0x0800cbf1   0x00000008   Data   RO          384    .constdata          main.o
    0x0800cbf9   0x00000009   Data   RO          385    .constdata          main.o
    0x0800cc02   0x00000007   Data   RO          386    .constdata          main.o
    0x0800cc09   0x00000007   Data   RO          387    .constdata          main.o
    0x0800cc10   0x00000006   Data   RO          388    .constdata          main.o
    0x0800cc16   0x00000006   Data   RO          389    .constdata          main.o
    0x0800cc1c   0x0000000c   Data   RO          390    .constdata          main.o
    0x0800cc28   0x00000001   Data   RO          391    .constdata          main.o
    0x0800cc29   0x00000005   Data   RO          392    .constdata          main.o
    0x0800cc2e   0x00000005   Data   RO          393    .constdata          main.o
    0x0800cc33   0x0000000b   Data   RO          394    .constdata          main.o
    0x0800cc3e   0x00000001   Data   RO          395    .constdata          main.o
    0x0800cc3f   0x00000010   Data   RO         5531    .constdata          system_stm32f0xx.o
    0x0800cc4f   0x00000008   Data   RO         5532    .constdata          system_stm32f0xx.o
    0x0800cc57   0x00000001   PAD
    0x0800cc58   0x0000076c   Data   RO         6106    .constdata          ssd1306_fonts.o
    0x0800d3c4   0x00000d5c   Data   RO         6107    .constdata          ssd1306_fonts.o
    0x0800e120   0x000005f0   Data   RO         6109    .constdata          ssd1306_fonts.o
    0x0800e710   0x00000020   Data   RO         6625    Region$$Table       anon$$obj.o


    Execution Region RW_IRAM1 (Base: 0x20000000, Size: 0x00002430, Max: 0x00004000, ABSOLUTE, COMPRESSED[0x000000dc])

    Base Addr    Size         Type   Attr      Idx    E Section Name        Object

    0x20000000   0x000000c8   Data   RW          396    .data               main.o
    0x200000c8   0x0000001c   Data   RW         1006    .data               usbd_desc.o
    0x200000e4   0x00000032   Data   RW         1007    .data               usbd_desc.o
    0x20000116   0x00000002   PAD
    0x20000118   0x00000010   Data   RW         1089    .data               usbd_cdc_if.o
    0x20000128   0x0000000c   Data   RW         1952    .data               stm32f0xx_hal.o
    0x20000134   0x00000004   Data   RW         5533    .data               system_stm32f0xx.o
    0x20000138   0x00000001   Data   RW         5711    .data               usbd_ctlreq.o
    0x20000139   0x00000003   PAD
    0x2000013c   0x000000d7   Data   RW         5859    .data               usbd_cdc.o
    0x20000213   0x00000001   PAD
    0x20000214   0x00000038   Data   RW         5860    .data               usbd_cdc.o
    0x2000024c   0x00000008   Data   RW         5969    .data               ssd1306.o
    0x20000254   0x00000008   Data   RW         6110    .data               ssd1306_fonts.o
    0x2000025c   0x00000008   Data   RW         6111    .data               ssd1306_fonts.o
    0x20000264   0x00000008   Data   RW         6112    .data               ssd1306_fonts.o
    0x2000026c   0x00000244   Zero   RW          295    .bss                main.o
    0x200004b0   0x00000024   Zero   RW          665    .bss                crc.o
    0x200004d4   0x00000020   Zero   RW          703    .bss                rtc.o
    0x200004f4   0x000000c8   Zero   RW          742    .bss                spi.o
    0x200005bc   0x00000048   Zero   RW          785    .bss                tim.o
    0x20000604   0x00000084   Zero   RW          823    .bss                usart.o
    0x20000688   0x000002c4   Zero   RW          970    .bss                usb_device.o
    0x2000094c   0x00000200   Zero   RW         1005    .bss                usbd_desc.o
    0x20000b4c   0x000007d0   Zero   RW         1088    .bss                usbd_cdc_if.o
    0x2000131c   0x00000514   Zero   RW         1163    .bss                usbd_conf.o
    0x20001830   0x00000400   Zero   RW         5968    .bss                ssd1306.o
    0x20001c30   0x00000800   Zero   RW            1    STACK               startup_stm32f072xb.o


==============================================================================

Image component sizes


      Code (inc. data)   RO Data    RW Data    ZI Data      Debug   Object Name

        80         16          0          0         36       1363   crc.o
       356         34          0          0          0       1035   gpio.o
       730         78          0          0          0     531208   m90e32.o
     24034       1826       1308        200        580      48468   main.o
        96         20          0          0         32       1379   rtc.o
       388         42          0          0        200       2194   spi.o
       820         66          0          8       1024       9490   ssd1306.o
         0          0       6840         24          0       1239   ssd1306_fonts.o
        28          8        192          0       2048        604   startup_stm32f072xb.o
       168         30          0         12          0       8345   stm32f0xx_hal.o
       156         24          0          0          0      10738   stm32f0xx_hal_cortex.o
       136          4          0          0          0       1099   stm32f0xx_hal_crc.o
        92          0          0          0          0       1227   stm32f0xx_hal_crc_ex.o
       136          0          0          0          0       1591   stm32f0xx_hal_dma.o
        40         12          0          0          0        559   stm32f0xx_hal_flash.o
       418         36          0          0          0       4015   stm32f0xx_hal_gpio.o
        40          6          0          0          0        778   stm32f0xx_hal_msp.o
      2772         96          0          0          0      13557   stm32f0xx_hal_pcd.o
       104          0          0          0          0       2367   stm32f0xx_hal_pcd_ex.o
        16          4          0          0          0        483   stm32f0xx_hal_pwr.o
      1766         96          0          0          0       5965   stm32f0xx_hal_rcc.o
       292         12          0          0          0       1524   stm32f0xx_hal_rcc_ex.o
       946         22          0          0          0       6934   stm32f0xx_hal_rtc.o
      2408         12          0          0          0      11487   stm32f0xx_hal_spi.o
       688         38          0          0          0       5383   stm32f0xx_hal_tim.o
       100         12          0          0          0       2313   stm32f0xx_hal_tim_ex.o
      1644         52          0          0          0       9591   stm32f0xx_hal_uart.o
         2          0          0          0          0        896   stm32f0xx_hal_uart_ex.o
       116         30          0          0          0       4603   stm32f0xx_it.o
      2730        132          0          0          0      16396   stm32f0xx_ll_usb.o
         2          0         24          4          0       1039   system_stm32f0xx.o
       132         26          0          0         72       1434   tim.o
       172         18          0          0        132       1554   usart.o
        84         16          0          0        708        708   usb_device.o
       824         16          0        271          0      11968   usbd_cdc.o
        70         16          0         16       2000       2546   usbd_cdc_if.o
       674         38          0          0       1300      13730   usbd_conf.o
       730          0          0          0          0       9579   usbd_core.o
      1756         34          0          1          0      10808   usbd_ctlreq.o
       338        112          0         78        512       6257   usbd_desc.o
       146          0          0          0          0       4140   usbd_ioreq.o

    ----------------------------------------------------------------------
     46270       2984       8400        620       8644     770594   Object Totals
         0          0         32          0          0          0   (incl. Generated)
        40          0          4          6          0          0   (incl. Padding)

    ----------------------------------------------------------------------

      Code (inc. data)   RO Data    RW Data    ZI Data      Debug   Library Member Name

        86          0          0          0          0          0   __dczerorl2.o
         0          0          0          0          0          0   entry.o
         0          0          0          0          0          0   entry10a.o
         0          0          0          0          0          0   entry11a.o
         8          4          0          0          0          0   entry2.o
         4          0          0          0          0          0   entry5.o
         0          0          0          0          0          0   entry7b.o
         0          0          0          0          0          0   entry8b.o
         8          4          0          0          0          0   entry9a.o
        30          0          0          0          0          0   handlers.o
        40          0          0          0          0         72   idiv.o
        36          8          0          0          0         68   init.o
         0          0          0          0          0          0   iusefp.o
        32          0          0          0          0         68   llshl.o
        38          0          0          0          0         68   llsshr.o
        34          0          0          0          0         68   llushr.o
        64          0          0          0          0         68   memmovea.o
        36          0          0          0          0        100   memseta.o
      2344        100          0          0          0        616   printfa.o
        18          0          0          0          0         60   strcpy.o
        14          0          0          0          0         60   strlen.o
        44          0          0          0          0         72   uidiv.o
        96          0          0          0          0         84   uldiv.o
        40          2          0          0          0         68   cdrcmple.o
        56          0          0          0          0         68   d2f.o
       356          4          0          0          0        140   dadd.o
       240          6          0          0          0         84   ddiv.o
       236          0          0          0          0        216   depilogue.o
        64         10          0          0          0         68   dfixul.o
        28          4          0          0          0         68   dfltui.o
       208          6          0          0          0         88   dmul.o
        40          0          0          0          0         60   f2d.o
       124          0          0          0          0         72   fdiv.o
       130          0          0          0          0        144   fepilogue.o
        40          0          0          0          0         60   ffixui.o
        14          0          0          0          0         68   ffltui.o

    ----------------------------------------------------------------------
      4514        148          0          0          0       2608   Library Totals
         6          0          0          0          0          0   (incl. Padding)

    ----------------------------------------------------------------------

      Code (inc. data)   RO Data    RW Data    ZI Data      Debug   Library Name

      2932        116          0          0          0       1404   mc_p.l
      1576         32          0          0          0       1204   mf_p.l

    ----------------------------------------------------------------------
      4514        148          0          0          0       2608   Library Totals

    ----------------------------------------------------------------------

==============================================================================


      Code (inc. data)   RO Data    RW Data    ZI Data      Debug   

     50784       3132       8400        620       8644     760922   Grand Totals
     50784       3132       8400        220       8644     760922   ELF Image Totals (compressed)
     50784       3132       8400        220          0          0   ROM Totals

==============================================================================

    Total RO  Size (Code + RO Data)                59184 (  57.80kB)
    Total RW  Size (RW Data + ZI Data)              9264 (   9.05kB)
    Total ROM Size (Code + RO Data + RW Data)      59404 (  58.01kB)

==============================================================================

