Component: ARM Compiler 5.06 update 5 (build 528) Tool: armlink [4d35e2]

==============================================================================

Section Cross References

    startup_stm32f072xb.o(RESET) refers to startup_stm32f072xb.o(STACK) for __initial_sp
    startup_stm32f072xb.o(RESET) refers to startup_stm32f072xb.o(.text) for Reset_Handler
    startup_stm32f072xb.o(RESET) refers to stm32f0xx_it.o(i.NMI_Handler) for NMI_Handler
    startup_stm32f072xb.o(RESET) refers to stm32f0xx_it.o(i.HardFault_Handler) for HardFault_Handler
    startup_stm32f072xb.o(RESET) refers to stm32f0xx_it.o(i.SVC_Handler) for SVC_Handler
    startup_stm32f072xb.o(RESET) refers to stm32f0xx_it.o(i.PendSV_Handler) for PendSV_Handler
    startup_stm32f072xb.o(RESET) refers to stm32f0xx_it.o(i.SysTick_Handler) for SysTick_Handler
    startup_stm32f072xb.o(RESET) refers to stm32f0xx_it.o(i.EXTI0_1_IRQHandler) for EXTI0_1_IRQHandler
    startup_stm32f072xb.o(RESET) refers to stm32f0xx_it.o(i.TIM7_IRQHandler) for TIM7_IRQHandler
    startup_stm32f072xb.o(RESET) refers to stm32f0xx_it.o(i.SPI1_IRQHandler) for SPI1_IRQHandler
    startup_stm32f072xb.o(RESET) refers to stm32f0xx_it.o(i.SPI2_IRQHandler) for SPI2_IRQHandler
    startup_stm32f072xb.o(RESET) refers to stm32f0xx_it.o(i.USART1_IRQHandler) for USART1_IRQHandler
    startup_stm32f072xb.o(RESET) refers to stm32f0xx_it.o(i.USB_IRQHandler) for USB_IRQHandler
    startup_stm32f072xb.o(.text) refers to system_stm32f0xx.o(i.SystemInit) for SystemInit
    startup_stm32f072xb.o(.text) refers to entry.o(.ARM.Collect$$$$00000000) for __main
    m90e32.o(i.CommEnergyIC) refers to stm32f0xx_hal_gpio.o(i.HAL_GPIO_WritePin) for HAL_GPIO_WritePin
    m90e32.o(i.CommEnergyIC) refers to m90e32.o(i.Delay_usec) for Delay_usec
    m90e32.o(i.CommEnergyIC) refers to stm32f0xx_hal_spi.o(i.HAL_SPI_Transmit) for HAL_SPI_Transmit
    m90e32.o(i.CommEnergyIC) refers to stm32f0xx_hal_spi.o(i.HAL_SPI_Receive) for HAL_SPI_Receive
    m90e32.o(i.CommEnergyIC) refers to spi.o(.bss) for hspi1
    m90e32.o(i.GetActivePowerA) refers to m90e32.o(i.CommEnergyIC) for CommEnergyIC
    m90e32.o(i.GetActivePowerA) refers to fflti.o(.text) for __aeabi_i2f
    m90e32.o(i.GetActivePowerA) refers to f2d.o(.text) for __aeabi_f2d
    m90e32.o(i.GetActivePowerA) refers to dmul.o(.text) for __aeabi_dmul
    m90e32.o(i.GetActivePowerA) refers to d2f.o(.text) for __aeabi_d2f
    m90e32.o(i.GetExportEnergy) refers to m90e32.o(i.CommEnergyIC) for CommEnergyIC
    m90e32.o(i.GetExportEnergy) refers to ffltui.o(.text) for __aeabi_ui2f
    m90e32.o(i.GetExportEnergy) refers to fdiv.o(.text) for __aeabi_fdiv
    m90e32.o(i.GetFrequency) refers to m90e32.o(i.CommEnergyIC) for CommEnergyIC
    m90e32.o(i.GetFrequency) refers to ffltui.o(.text) for __aeabi_ui2f
    m90e32.o(i.GetFrequency) refers to fdiv.o(.text) for __aeabi_fdiv
    m90e32.o(i.GetImportEnergy) refers to m90e32.o(i.CommEnergyIC) for CommEnergyIC
    m90e32.o(i.GetImportEnergy) refers to ffltui.o(.text) for __aeabi_ui2f
    m90e32.o(i.GetImportEnergy) refers to fdiv.o(.text) for __aeabi_fdiv
    m90e32.o(i.GetLineCurrentA) refers to m90e32.o(i.CommEnergyIC) for CommEnergyIC
    m90e32.o(i.GetLineCurrentA) refers to ffltui.o(.text) for __aeabi_ui2f
    m90e32.o(i.GetLineCurrentA) refers to f2d.o(.text) for __aeabi_f2d
    m90e32.o(i.GetLineCurrentA) refers to dmul.o(.text) for __aeabi_dmul
    m90e32.o(i.GetLineCurrentA) refers to ddiv.o(.text) for __aeabi_ddiv
    m90e32.o(i.GetLineCurrentA) refers to d2f.o(.text) for __aeabi_d2f
    m90e32.o(i.GetLineCurrentB) refers to m90e32.o(i.CommEnergyIC) for CommEnergyIC
    m90e32.o(i.GetLineCurrentB) refers to ffltui.o(.text) for __aeabi_ui2f
    m90e32.o(i.GetLineCurrentB) refers to f2d.o(.text) for __aeabi_f2d
    m90e32.o(i.GetLineCurrentB) refers to dmul.o(.text) for __aeabi_dmul
    m90e32.o(i.GetLineCurrentB) refers to ddiv.o(.text) for __aeabi_ddiv
    m90e32.o(i.GetLineCurrentB) refers to d2f.o(.text) for __aeabi_d2f
    m90e32.o(i.GetLineCurrentC) refers to m90e32.o(i.CommEnergyIC) for CommEnergyIC
    m90e32.o(i.GetLineCurrentC) refers to ffltui.o(.text) for __aeabi_ui2f
    m90e32.o(i.GetLineCurrentC) refers to f2d.o(.text) for __aeabi_f2d
    m90e32.o(i.GetLineCurrentC) refers to dmul.o(.text) for __aeabi_dmul
    m90e32.o(i.GetLineCurrentC) refers to ddiv.o(.text) for __aeabi_ddiv
    m90e32.o(i.GetLineCurrentC) refers to d2f.o(.text) for __aeabi_d2f
    m90e32.o(i.GetLineVoltageA) refers to m90e32.o(i.CommEnergyIC) for CommEnergyIC
    m90e32.o(i.GetLineVoltageA) refers to ffltui.o(.text) for __aeabi_ui2f
    m90e32.o(i.GetLineVoltageA) refers to f2d.o(.text) for __aeabi_f2d
    m90e32.o(i.GetLineVoltageA) refers to ddiv.o(.text) for __aeabi_ddiv
    m90e32.o(i.GetLineVoltageA) refers to d2f.o(.text) for __aeabi_d2f
    m90e32.o(i.GetLineVoltageB) refers to m90e32.o(i.CommEnergyIC) for CommEnergyIC
    m90e32.o(i.GetLineVoltageB) refers to ffltui.o(.text) for __aeabi_ui2f
[...]
    HAL_CRC_Init                             0x08000e51   Thumb Code   134  stm32f0xx_hal_crc.o(i.HAL_CRC_Init)
    HAL_CRC_MspInit                          0x08000edd   Thumb Code    40  crc.o(i.HAL_CRC_MspInit)
    HAL_DMA_Abort                            0x08000f0d   Thumb Code    82  stm32f0xx_hal_dma.o(i.HAL_DMA_Abort)
    HAL_DMA_Abort_IT                         0x08000f5f   Thumb Code    88  stm32f0xx_hal_dma.o(i.HAL_DMA_Abort_IT)
    HAL_Delay                                0x08000fb9   Thumb Code    38  stm32f0xx_hal.o(i.HAL_Delay)
    HAL_FLASH_Unlock                         0x08000fe5   Thumb Code    40  stm32f0xx_hal_flash.o(i.HAL_FLASH_Unlock)
    HAL_GPIO_EXTI_Callback                   0x08001019   Thumb Code    38  main.o(i.HAL_GPIO_EXTI_Callback)
    HAL_GPIO_EXTI_IRQHandler                 0x08001049   Thumb Code    26  stm32f0xx_hal_gpio.o(i.HAL_GPIO_EXTI_IRQHandler)
    HAL_GPIO_Init                            0x08001069   Thumb Code   474  stm32f0xx_hal_gpio.o(i.HAL_GPIO_Init)
    HAL_GPIO_ReadPin                         0x08001261   Thumb Code    18  stm32f0xx_hal_gpio.o(i.HAL_GPIO_ReadPin)
    HAL_GPIO_TogglePin                       0x08001273   Thumb Code    20  stm32f0xx_hal_gpio.o(i.HAL_GPIO_TogglePin)
    HAL_GPIO_WritePin                        0x08001287   Thumb Code    12  stm32f0xx_hal_gpio.o(i.HAL_GPIO_WritePin)
    HAL_GetTick                              0x08001295   Thumb Code     6  stm32f0xx_hal.o(i.HAL_GetTick)
    HAL_IncTick                              0x080012a1   Thumb Code    16  stm32f0xx_hal.o(i.HAL_IncTick)
    HAL_Init                                 0x080012b9   Thumb Code    28  stm32f0xx_hal.o(i.HAL_Init)
    HAL_InitTick                             0x080012d9   Thumb Code    70  stm32f0xx_hal.o(i.HAL_InitTick)
    HAL_MspInit                              0x0800132d   Thumb Code    60  stm32f0xx_hal_msp.o(i.HAL_MspInit)
    HAL_NVIC_EnableIRQ                       0x0800136d   Thumb Code    22  stm32f0xx_hal_cortex.o(i.HAL_NVIC_EnableIRQ)
    HAL_NVIC_SetPriority                     0x08001389   Thumb Code    18  stm32f0xx_hal_cortex.o(i.HAL_NVIC_SetPriority)
    HAL_PCDEx_ActivateLPM                    0x0800139b   Thumb Code    52  stm32f0xx_hal_pcd_ex.o(i.HAL_PCDEx_ActivateLPM)
    HAL_PCDEx_LPM_Callback                   0x080013cf   Thumb Code     2  stm32f0xx_hal_pcd_ex.o(i.HAL_PCDEx_LPM_Callback)
    HAL_PCDEx_PMAConfig                      0x080013d1   Thumb Code    66  stm32f0xx_hal_pcd_ex.o(i.HAL_PCDEx_PMAConfig)
    HAL_PCD_DataInStageCallback              0x08001413   Thumb Code    34  usbd_conf.o(i.HAL_PCD_DataInStageCallback)
    HAL_PCD_DataOutStageCallback             0x08001435   Thumb Code    36  usbd_conf.o(i.HAL_PCD_DataOutStageCallback)
    HAL_PCD_EP_Close                         0x08001459   Thumb Code   114  stm32f0xx_hal_pcd.o(i.HAL_PCD_EP_Close)
    HAL_PCD_EP_ClrStall                      0x080014cb   Thumb Code   132  stm32f0xx_hal_pcd.o(i.HAL_PCD_EP_ClrStall)
    HAL_PCD_EP_GetRxCount                    0x08001a3d   Thumb Code    22  stm32f0xx_hal_pcd.o(i.HAL_PCD_EP_GetRxCount)
    HAL_PCD_EP_Open                          0x08001a53   Thumb Code   148  stm32f0xx_hal_pcd.o(i.HAL_PCD_EP_Open)
    HAL_PCD_EP_Receive                       0x08001ae7   Thumb Code    76  stm32f0xx_hal_pcd.o(i.HAL_PCD_EP_Receive)
    HAL_PCD_EP_SetStall                      0x08001b33   Thumb Code   128  stm32f0xx_hal_pcd.o(i.HAL_PCD_EP_SetStall)
    HAL_PCD_EP_Transmit                      0x08001bb3   Thumb Code    82  stm32f0xx_hal_pcd.o(i.HAL_PCD_EP_Transmit)
    HAL_PCD_IRQHandler                       0x08001c05   Thumb Code   504  stm32f0xx_hal_pcd.o(i.HAL_PCD_IRQHandler)
    HAL_PCD_Init                             0x08001e19   Thumb Code   254  stm32f0xx_hal_pcd.o(i.HAL_PCD_Init)
    HAL_PCD_MspInit                          0x08001f19   Thumb Code    62  usbd_conf.o(i.HAL_PCD_MspInit)
    HAL_PCD_ResetCallback                    0x08001f61   Thumb Code    44  usbd_conf.o(i.HAL_PCD_ResetCallback)
    HAL_PCD_ResumeCallback                   0x08001f8d   Thumb Code    40  usbd_conf.o(i.HAL_PCD_ResumeCallback)
    HAL_PCD_SOFCallback                      0x08001fb9   Thumb Code    18  usbd_conf.o(i.HAL_PCD_SOFCallback)
    HAL_PCD_SetAddress                       0x08001fcb   Thumb Code    66  stm32f0xx_hal_pcd.o(i.HAL_PCD_SetAddress)
    HAL_PCD_SetupStageCallback               0x0800200d   Thumb Code    24  usbd_conf.o(i.HAL_PCD_SetupStageCallback)
    HAL_PCD_Start                            0x08002025   Thumb Code    64  stm32f0xx_hal_pcd.o(i.HAL_PCD_Start)
    HAL_PCD_SuspendCallback                  0x08002065   Thumb Code    36  usbd_conf.o(i.HAL_PCD_SuspendCallback)
    HAL_PWR_EnableBkUpAccess                 0x0800208d   Thumb Code    16  stm32f0xx_hal_pwr.o(i.HAL_PWR_EnableBkUpAccess)
    HAL_RCCEx_PeriphCLKConfig                0x080020a1   Thumb Code   406  stm32f0xx_hal_rcc_ex.o(i.HAL_RCCEx_PeriphCLKConfig)
    HAL_RCC_ClockConfig                      0x08002245   Thumb Code   366  stm32f0xx_hal_rcc.o(i.HAL_RCC_ClockConfig)
    HAL_RCC_GetHCLKFreq                      0x080023c9   Thumb Code     6  stm32f0xx_hal_rcc.o(i.HAL_RCC_GetHCLKFreq)
    HAL_RCC_GetPCLK1Freq                     0x080023d5   Thumb Code    26  stm32f0xx_hal_rcc.o(i.HAL_RCC_GetPCLK1Freq)
    HAL_RCC_GetSysClockFreq                  0x080023f9   Thumb Code   218  stm32f0xx_hal_rcc.o(i.HAL_RCC_GetSysClockFreq)
    HAL_RCC_OscConfig                        0x08002501   Thumb Code  1592  stm32f0xx_hal_rcc.o(i.HAL_RCC_OscConfig)
    HAL_RTC_GetDate                          0x08002b3d   Thumb Code    88  stm32f0xx_hal_rtc.o(i.HAL_RTC_GetDate)
    HAL_RTC_GetTime                          0x08002b99   Thumb Code   104  stm32f0xx_hal_rtc.o(i.HAL_RTC_GetTime)
    HAL_RTC_Init                             0x08002c05   Thumb Code   222  stm32f0xx_hal_rtc.o(i.HAL_RTC_Init)
    HAL_RTC_MspInit                          0x08002ce9   Thumb Code    22  rtc.o(i.HAL_RTC_MspInit)
    HAL_RTC_SetDate                          0x08002d09   Thumb Code   264  stm32f0xx_hal_rtc.o(i.HAL_RTC_SetDate)
    HAL_RTC_SetTime                          0x08002e15   Thumb Code   310  stm32f0xx_hal_rtc.o(i.HAL_RTC_SetTime)
    HAL_RTC_WaitForSynchro                   0x08002f51   Thumb Code    60  stm32f0xx_hal_rtc.o(i.HAL_RTC_WaitForSynchro)
    HAL_SPI_ErrorCallback                    0x08002f8d   Thumb Code     2  stm32f0xx_hal_spi.o(i.HAL_SPI_ErrorCallback)
    HAL_SPI_IRQHandler                       0x08002f91   Thumb Code   408  stm32f0xx_hal_spi.o(i.HAL_SPI_IRQHandler)
    HAL_SPI_Init                             0x0800312d   Thumb Code   268  stm32f0xx_hal_spi.o(i.HAL_SPI_Init)
    HAL_SPI_MspInit                          0x08003239   Thumb Code   304  spi.o(i.HAL_SPI_MspInit)
    HAL_SPI_Receive                          0x0800337d   Thumb Code   458  stm32f0xx_hal_spi.o(i.HAL_SPI_Receive)
    HAL_SPI_Transmit                         0x08003547   Thumb Code   460  stm32f0xx_hal_spi.o(i.HAL_SPI_Transmit)
    HAL_SPI_TransmitReceive                  0x08003713   Thumb Code   618  stm32f0xx_hal_spi.o(i.HAL_SPI_TransmitReceive)
    HAL_SYSTICK_Callback                     0x0800397d   Thumb Code  1810  main.o(i.HAL_SYSTICK_Callback)
    HAL_SYSTICK_Config                       0x080040f1   Thumb Code    46  stm32f0xx_hal_cortex.o(i.HAL_SYSTICK_Config)
    HAL_SYSTICK_IRQHandler                   0x08004129   Thumb Code     8  stm32f0xx_hal_cortex.o(i.HAL_SYSTICK_IRQHandler)
    HAL_TIMEx_BreakCallback                  0x08004131   Thumb Code     2  stm32f0xx_hal_tim_ex.o(i.HAL_TIMEx_BreakCallback)
    HAL_TIMEx_CommutCallback                 0x08004133   Thumb Code     2  stm32f0xx_hal_tim_ex.o(i.HAL_TIMEx_CommutCallback)
    HAL_TIMEx_MasterConfigSynchronization    0x08004135   Thumb Code   128  stm32f0xx_hal_tim_ex.o(i.HAL_TIMEx_MasterConfigSynchronization)
    HAL_TIM_Base_Init                        0x080041c1   Thumb Code   100  stm32f0xx_hal_tim.o(i.HAL_TIM_Base_Init)
    HAL_TIM_Base_MspInit                     0x08004225   Thumb Code    58  tim.o(i.HAL_TIM_Base_MspInit)
    HAL_TIM_Base_Start_IT                    0x08004269   Thumb Code   108  stm32f0xx_hal_tim.o(i.HAL_TIM_Base_Start_IT)
    HAL_TIM_IC_CaptureCallback               0x080042e1   Thumb Code     2  stm32f0xx_hal_tim.o(i.HAL_TIM_IC_CaptureCallback)
    HAL_TIM_IRQHandler                       0x080042e3   Thumb Code   456  stm32f0xx_hal_tim.o(i.HAL_TIM_IRQHandler)
    HAL_TIM_OC_DelayElapsedCallback          0x080044ab   Thumb Code     2  stm32f0xx_hal_tim.o(i.HAL_TIM_OC_DelayElapsedCallback)
    HAL_TIM_PWM_PulseFinishedCallback        0x080044ad   Thumb Code     2  stm32f0xx_hal_tim.o(i.HAL_TIM_PWM_PulseFinishedCallback)
    HAL_TIM_PeriodElapsedCallback            0x080044b1   Thumb Code   154  main.o(i.HAL_TIM_PeriodElapsedCallback)
    HAL_TIM_TriggerCallback                  0x08004579   Thumb Code     2  stm32f0xx_hal_tim.o(i.HAL_TIM_TriggerCallback)
    HAL_UARTEx_RxEventCallback               0x0800457b   Thumb Code     2  stm32f0xx_hal_uart.o(i.HAL_UARTEx_RxEventCallback)
    HAL_UARTEx_WakeupCallback                0x0800457d   Thumb Code     2  stm32f0xx_hal_uart_ex.o(i.HAL_UARTEx_WakeupCallback)
    HAL_UART_ErrorCallback                   0x0800457f   Thumb Code     2  stm32f0xx_hal_uart.o(i.HAL_UART_ErrorCallback)
    HAL_UART_IRQHandler                      0x08004581   Thumb Code   768  stm32f0xx_hal_uart.o(i.HAL_UART_IRQHandler)
    HAL_UART_Init                            0x0800488d   Thumb Code   126  stm32f0xx_hal_uart.o(i.HAL_UART_Init)
    HAL_UART_MspInit                         0x0800490d   Thumb Code   136  usart.o(i.HAL_UART_MspInit)
    HAL_UART_TxCpltCallback                  0x0800499d   Thumb Code     2  stm32f0xx_hal_uart.o(i.HAL_UART_TxCpltCallback)
    HardFault_Handler                        0x0800499f   Thumb Code     4  stm32f0xx_it.o(i.HardFault_Handler)
    InitEnergyIC                             0x080049a5   Thumb Code   568  m90e32.o(i.InitEnergyIC)
    MX_CRC_Init                              0x08004c51   Thumb Code    44  crc.o(i.MX_CRC_Init)
    MX_GPIO_Init                             0x08004c85   Thumb Code   430  gpio.o(i.MX_GPIO_Init)
    MX_RTC_Init                              0x08004e55   Thumb Code    60  rtc.o(i.MX_RTC_Init)
    MX_SPI1_Init                             0x08004e99   Thumb Code    74  spi.o(i.MX_SPI1_Init)
    MX_SPI2_Init                             0x08004eed   Thumb Code    74  spi.o(i.MX_SPI2_Init)
    MX_TIM7_Init                             0x08004f41   Thumb Code    68  tim.o(i.MX_TIM7_Init)
    MX_USART1_UART_Init                      0x08004f95   Thumb Code    58  usart.o(i.MX_USART1_UART_Init)
    MX_USB_DEVICE_Init                       0x08004fd9   Thumb Code    68  usb_device.o(i.MX_USB_DEVICE_Init)
    NMI_Handler                              0x0800502d   Thumb Code     4  stm32f0xx_it.o(i.NMI_Handler)
    PendSV_Handler                           0x0800545d   Thumb Code     2  stm32f0xx_it.o(i.PendSV_Handler)
    RTC_Bcd2ToByte                           0x0800545f   Thumb Code    26  stm32f0xx_hal_rtc.o(i.RTC_Bcd2ToByte)
    RTC_ByteToBcd2                           0x08005479   Thumb Code    26  stm32f0xx_hal_rtc.o(i.RTC_ByteToBcd2)
    RTC_EnterInitMode                        0x08005493   Thumb Code    66  stm32f0xx_hal_rtc.o(i.RTC_EnterInitMode)
    ReadSetting                              0x080054d5   Thumb Code  1804  main.o(i.ReadSetting)
    SPI1_IRQHandler                          0x08005c31   Thumb Code    10  stm32f0xx_it.o(i.SPI1_IRQHandler)
    SPI2_IRQHandler                          0x08005c41   Thumb Code    10  stm32f0xx_it.o(i.SPI2_IRQHandler)
    SVC_Handler                              0x08005f25   Thumb Code     2  stm32f0xx_it.o(i.SVC_Handler)
    SysTick_Handler                          0x08005f27   Thumb Code    12  stm32f0xx_it.o(i.SysTick_Handler)
    SystemClock_Config                       0x08005f3d   Thumb Code   156  main.o(i.SystemClock_Config)
    SystemInit                               0x08005fe1   Thumb Code     2  system_stm32f0xx.o(i.SystemInit)
    TIM7_IRQHandler                          0x08005fe5   Thumb Code    10  stm32f0xx_it.o(i.TIM7_IRQHandler)
    TIM_Base_SetConfig                       0x08005ff5   Thumb Code   150  stm32f0xx_hal_tim.o(i.TIM_Base_SetConfig)
    UART_AdvFeatureConfig                    0x080060a5   Thumb Code   240  stm32f0xx_hal_uart.o(i.UART_AdvFeatureConfig)
    UART_CheckIdleState                      0x08006195   Thumb Code   112  stm32f0xx_hal_uart.o(i.UART_CheckIdleState)
    UART_SetConfig                           0x08006279   Thumb Code   462  stm32f0xx_hal_uart.o(i.UART_SetConfig)
    UART_WaitOnFlagUntilTimeout              0x08006469   Thumb Code   192  stm32f0xx_hal_uart.o(i.UART_WaitOnFlagUntilTimeout)
    USART1_IRQHandler                        0x08006529   Thumb Code    10  stm32f0xx_it.o(i.USART1_IRQHandler)
    USBD_CDC_GetDeviceQualifierDescriptor    0x080066a9   Thumb Code    10  usbd_cdc.o(i.USBD_CDC_GetDeviceQualifierDescriptor)
    USBD_CDC_ReceivePacket                   0x080067bb   Thumb Code    72  usbd_cdc.o(i.USBD_CDC_ReceivePacket)
    USBD_CDC_RegisterInterface               0x08006803   Thumb Code    20  usbd_cdc.o(i.USBD_CDC_RegisterInterface)
    USBD_CDC_SetRxBuffer                     0x08006817   Thumb Code    20  usbd_cdc.o(i.USBD_CDC_SetRxBuffer)
    USBD_CDC_SetTxBuffer                     0x0800682b   Thumb Code    28  usbd_cdc.o(i.USBD_CDC_SetTxBuffer)
    USBD_ClrClassConfig                      0x08006959   Thumb Code    26  usbd_core.o(i.USBD_ClrClassConfig)
    USBD_CtlContinueRx                       0x080069b9   Thumb Code    24  usbd_ioreq.o(i.USBD_CtlContinueRx)
    USBD_CtlContinueSendData                 0x080069d1   Thumb Code    24  usbd_ioreq.o(i.USBD_CtlContinueSendData)
    USBD_CtlError                            0x080069e9   Thumb Code    24  usbd_ctlreq.o(i.USBD_CtlError)
    USBD_CtlPrepareRx                        0x08006a01   Thumb Code    44  usbd_ioreq.o(i.USBD_CtlPrepareRx)
    USBD_CtlReceiveStatus                    0x08006a2d   Thumb Code    28  usbd_ioreq.o(i.USBD_CtlReceiveStatus)
    USBD_CtlSendData                         0x08006a49   Thumb Code    38  usbd_ioreq.o(i.USBD_CtlSendData)
    USBD_CtlSendStatus                       0x08006a6f   Thumb Code    30  usbd_ioreq.o(i.USBD_CtlSendStatus)
    USBD_FS_ConfigStrDescriptor              0x08006a8d   Thumb Code    36  usbd_desc.o(i.USBD_FS_ConfigStrDescriptor)
    USBD_FS_DeviceDescriptor                 0x08006ac1   Thumb Code    10  usbd_desc.o(i.USBD_FS_DeviceDescriptor)
    USBD_FS_InterfaceStrDescriptor           0x08006ad1   Thumb Code    36  usbd_desc.o(i.USBD_FS_InterfaceStrDescriptor)
    USBD_FS_LangIDStrDescriptor              0x08006b09   Thumb Code    10  usbd_desc.o(i.USBD_FS_LangIDStrDescriptor)
    USBD_FS_ManufacturerStrDescriptor        0x08006b19   Thumb Code    20  usbd_desc.o(i.USBD_FS_ManufacturerStrDescriptor)
    USBD_FS_ProductStrDescriptor             0x08006b45   Thumb Code    36  usbd_desc.o(i.USBD_FS_ProductStrDescriptor)
    USBD_FS_SerialStrDescriptor              0x08006b85   Thumb Code    18  usbd_desc.o(i.USBD_FS_SerialStrDescriptor)
    USBD_GetString                           0x08006ebf   Thumb Code    78  usbd_ctlreq.o(i.USBD_GetString)
    USBD_Init                                0x08006f3b   Thumb Code    72  usbd_core.o(i.USBD_Init)
    USBD_LL_ClearStallEP                     0x08006f83   Thumb Code    38  usbd_conf.o(i.USBD_LL_ClearStallEP)
    USBD_LL_CloseEP                          0x08006fa9   Thumb Code    38  usbd_conf.o(i.USBD_LL_CloseEP)
    USBD_LL_DataInStage                      0x08006fcf   Thumb Code   310  usbd_core.o(i.USBD_LL_DataInStage)
    USBD_LL_DataOutStage                     0x08007105   Thumb Code   204  usbd_core.o(i.USBD_LL_DataOutStage)
    USBD_LL_GetRxDataSize                    0x080071d1   Thumb Code    22  usbd_conf.o(i.USBD_LL_GetRxDataSize)
    USBD_LL_Init                             0x080071e9   Thumb Code   154  usbd_conf.o(i.USBD_LL_Init)
    USBD_LL_IsStallEP                        0x08007291   Thumb Code    56  usbd_conf.o(i.USBD_LL_IsStallEP)
    USBD_LL_OpenEP                           0x080072c9   Thumb Code    48  usbd_conf.o(i.USBD_LL_OpenEP)
    USBD_LL_PrepareReceive                   0x080072f9   Thumb Code    48  usbd_conf.o(i.USBD_LL_PrepareReceive)
    USBD_LL_Reset                            0x08007329   Thumb Code   114  usbd_core.o(i.USBD_LL_Reset)
    USBD_LL_Resume                           0x0800739b   Thumb Code    34  usbd_core.o(i.USBD_LL_Resume)
    USBD_LL_SOF                              0x080073bd   Thumb Code    48  usbd_core.o(i.USBD_LL_SOF)
    USBD_LL_SetSpeed                         0x080073ed   Thumb Code     8  usbd_core.o(i.USBD_LL_SetSpeed)
    USBD_LL_SetUSBAddress                    0x080073f5   Thumb Code    38  usbd_conf.o(i.USBD_LL_SetUSBAddress)
    USBD_LL_SetupStage                       0x0800741b   Thumb Code   140  usbd_core.o(i.USBD_LL_SetupStage)
    USBD_LL_StallEP                          0x080074a7   Thumb Code    38  usbd_conf.o(i.USBD_LL_StallEP)
    USBD_LL_Start                            0x080074cd   Thumb Code    34  usbd_conf.o(i.USBD_LL_Start)
    USBD_LL_Suspend                          0x080074ef   Thumb Code    32  usbd_core.o(i.USBD_LL_Suspend)
    USBD_LL_Transmit                         0x0800750f   Thumb Code    48  usbd_conf.o(i.USBD_LL_Transmit)
    USBD_ParseSetupRequest                   0x0800753f   Thumb Code    40  usbd_ctlreq.o(i.USBD_ParseSetupRequest)
    USBD_RegisterClass                       0x08007567   Thumb Code    22  usbd_core.o(i.USBD_RegisterClass)
    USBD_RunTestMode                         0x0800757d   Thumb Code     6  usbd_core.o(i.USBD_RunTestMode)
    USBD_SetClassConfig                      0x080075f3   Thumb Code    46  usbd_core.o(i.USBD_SetClassConfig)
    USBD_Start                               0x08007735   Thumb Code    14  usbd_core.o(i.USBD_Start)
    USBD_StdDevReq                           0x08007743   Thumb Code   168  usbd_ctlreq.o(i.USBD_StdDevReq)
    USBD_StdEPReq                            0x080077eb   Thumb Code   598  usbd_ctlreq.o(i.USBD_StdEPReq)
    USBD_StdItfReq                           0x08007a41   Thumb Code   140  usbd_ctlreq.o(i.USBD_StdItfReq)
    USBD_static_free                         0x08007acd   Thumb Code     2  usbd_conf.o(i.USBD_static_free)
    USBD_static_malloc                       0x08007ad1   Thumb Code     6  usbd_conf.o(i.USBD_static_malloc)
    USB_ActivateEndpoint                     0x08007add   Thumb Code  1078  stm32f0xx_ll_usb.o(i.USB_ActivateEndpoint)
    USB_DeactivateEndpoint                   0x08007f15   Thumb Code   602  stm32f0xx_ll_usb.o(i.USB_DeactivateEndpoint)
    USB_DevConnect                           0x08008179   Thumb Code    20  stm32f0xx_ll_usb.o(i.USB_DevConnect)
    USB_DevInit                              0x0800818d   Thumb Code    26  stm32f0xx_ll_usb.o(i.USB_DevInit)
    USB_DisableGlobalInt                     0x080081a9   Thumb Code    18  stm32f0xx_ll_usb.o(i.USB_DisableGlobalInt)
    USB_EPClearStall                         0x080081c1   Thumb Code   206  stm32f0xx_ll_usb.o(i.USB_EPClearStall)
    USB_EPSetStall                           0x08008299   Thumb Code    84  stm32f0xx_ll_usb.o(i.USB_EPSetStall)
    USB_EPStartXfer                          0x080082f5   Thumb Code  2500  stm32f0xx_ll_usb.o(i.USB_EPStartXfer)
    USB_EnableGlobalInt                      0x08008cc1   Thumb Code    18  stm32f0xx_ll_usb.o(i.USB_EnableGlobalInt)
    USB_IRQHandler                           0x08008cd9   Thumb Code    10  stm32f0xx_it.o(i.USB_IRQHandler)
    USB_ReadInterrupts                       0x08008ce9   Thumb Code     8  stm32f0xx_ll_usb.o(i.USB_ReadInterrupts)
    USB_ReadPMA                              0x08008cf1   Thumb Code    64  stm32f0xx_ll_usb.o(i.USB_ReadPMA)
    USB_SetDevAddress                        0x08008d31   Thumb Code    16  stm32f0xx_ll_usb.o(i.USB_SetDevAddress)
    USB_WritePMA                             0x08008d41   Thumb Code    58  stm32f0xx_ll_usb.o(i.USB_WritePMA)
    __0snprintf                              0x08008d7d   Thumb Code    46  printfa.o(i.__0snprintf)
    __1snprintf                              0x08008d7d   Thumb Code     0  printfa.o(i.__0snprintf)
    __2snprintf                              0x08008d7d   Thumb Code     0  printfa.o(i.__0snprintf)
    __c89snprintf                            0x08008d7d   Thumb Code     0  printfa.o(i.__0snprintf)
    snprintf                                 0x08008d7d   Thumb Code     0  printfa.o(i.__0snprintf)
    __0sprintf                               0x08008db1   Thumb Code    36  printfa.o(i.__0sprintf)
    __1sprintf                               0x08008db1   Thumb Code     0  printfa.o(i.__0sprintf)
    __2sprintf                               0x08008db1   Thumb Code     0  printfa.o(i.__0sprintf)
    __c89sprintf                             0x08008db1   Thumb Code     0  printfa.o(i.__0sprintf)
    sprintf                                  0x08008db1   Thumb Code     0  printfa.o(i.__0sprintf)
    __ARM_clz                                0x08008dd9   Thumb Code    46  depilogue.o(i.__ARM_clz)
    __ARM_common_ll_muluu                    0x08008e07   Thumb Code    48  stm32f0xx_hal_rcc.o(i.__ARM_common_ll_muluu)
    __ARM_common_switch8                     0x08008e37   Thumb Code    28  main.o(i.__ARM_common_switch8)
    __scatterload_copy                       0x08008ecd   Thumb Code    14  handlers.o(i.__scatterload_copy)
    __scatterload_null                       0x08008edb   Thumb Code     2  handlers.o(i.__scatterload_null)
    __scatterload_zeroinit                   0x08008edd   Thumb Code    14  handlers.o(i.__scatterload_zeroinit)
    buttonRead                               0x080097b9   Thumb Code  5310  main.o(i.buttonRead)
    chechphasesequen                         0x0800ace5   Thumb Code    30  main.o(i.chechphasesequen)
    check_releaserelay                       0x0800ad05   Thumb Code   148  main.o(i.check_releaserelay)
    checkauxinput                            0x0800ada9   Thumb Code    96  main.o(i.checkauxinput)
    checkgenpromp                            0x0800ae21   Thumb Code   290  main.o(i.checkgenpromp)
    checkgenschedule                         0x0800af81   Thumb Code   262  main.o(i.checkgenschedule)
    cleardisplay                             0x0800b09d   Thumb Code    10  main.o(i.cleardisplay)
    comparesettingvalue                      0x0800b0a9   Thumb Code   402  main.o(i.comparesettingvalue)
    lcdupdate                                0x0800b2d1   Thumb Code  7336  main.o(i.lcdupdate)
    main                                     0x0800cf9d   Thumb Code  1176  main.o(i.main)
    readvolt                                 0x0800d435   Thumb Code  7704  main.o(i.readvolt)
    ssd1306_DrawPixel                        0x0800f2c1   Thumb Code   154  ssd1306.o(i.ssd1306_DrawPixel)
    ssd1306_Fill                             0x0800f365   Thumb Code    32  ssd1306.o(i.ssd1306_Fill)
    ssd1306_Init                             0x0800f389   Thumb Code   198  ssd1306.o(i.ssd1306_Init)
    ssd1306_Reset                            0x0800f455   Thumb Code    48  ssd1306.o(i.ssd1306_Reset)
    ssd1306_SetContrast                      0x0800f48d   Thumb Code    20  ssd1306.o(i.ssd1306_SetContrast)
    ssd1306_SetCursor                        0x0800f4a1   Thumb Code     8  ssd1306.o(i.ssd1306_SetCursor)
    ssd1306_SetDisplayOn                     0x0800f4ad   Thumb Code    34  ssd1306.o(i.ssd1306_SetDisplayOn)
    ssd1306_UpdateScreen                     0x0800f4d5   Thumb Code    50  ssd1306.o(i.ssd1306_UpdateScreen)
    ssd1306_WriteChar                        0x0800f50d   Thumb Code   190  ssd1306.o(i.ssd1306_WriteChar)
    ssd1306_WriteCommand                     0x0800f5d1   Thumb Code    48  ssd1306.o(i.ssd1306_WriteCommand)
    ssd1306_WriteData                        0x0800f609   Thumb Code    52  ssd1306.o(i.ssd1306_WriteData)
    ssd1306_WriteString                      0x0800f645   Thumb Code    44  ssd1306.o(i.ssd1306_WriteString)
    storecomparevalue                        0x0800f671   Thumb Code   210  main.o(i.storecomparevalue)
    system_init                              0x0800f7d5   Thumb Code   286  main.o(i.system_init)
    mountname0                               0x0800f918   Data           1  main.o(.constdata)
    mountname1                               0x0800f919   Data           4  main.o(.constdata)
    mountname2                               0x0800f91d   Data           4  main.o(.constdata)
    mountname3                               0x0800f921   Data           4  main.o(.constdata)
    mountname4                               0x0800f925   Data           4  main.o(.constdata)
    mountname5                               0x0800f929   Data           4  main.o(.constdata)
    mountname6                               0x0800f92d   Data           4  main.o(.constdata)
    mountname7                               0x0800f931   Data           4  main.o(.constdata)
    mountname8                               0x0800f935   Data           4  main.o(.constdata)
    mountname9                               0x0800f939   Data           4  main.o(.constdata)
    mountname10                              0x0800f93d   Data           4  main.o(.constdata)
    mountname11                              0x0800f941   Data           4  main.o(.constdata)
    mountname12                              0x0800f945   Data           4  main.o(.constdata)
    mountname                                0x0800f94c   Data          52  main.o(.constdata)
    dayname0                                 0x0800f980   Data           1  main.o(.constdata)
    dayname1                                 0x0800f981   Data           4  main.o(.constdata)
    dayname2                                 0x0800f985   Data           4  main.o(.constdata)
    dayname3                                 0x0800f989   Data           4  main.o(.constdata)
    dayname4                                 0x0800f98d   Data           4  main.o(.constdata)
    dayname5                                 0x0800f991   Data           4  main.o(.constdata)
    dayname6                                 0x0800f995   Data           4  main.o(.constdata)
    dayname7                                 0x0800f999   Data           4  main.o(.constdata)
    dayname                                  0x0800f9a0   Data          32  main.o(.constdata)
    main1                                    0x0800f9c0   Data          18  main.o(.constdata)
    main2                                    0x0800f9d2   Data          17  main.o(.constdata)
    main3                                    0x0800f9e3   Data          17  main.o(.constdata)
    main4                                    0x0800f9f4   Data          17  main.o(.constdata)
    main5                                    0x0800fa05   Data          17  main.o(.constdata)
    main6                                    0x0800fa16   Data          14  main.o(.constdata)
    main7                                    0x0800fa24   Data          18  main.o(.constdata)
    main8                                    0x0800fa36   Data          14  main.o(.constdata)
    main9                                    0x0800fa44   Data           7  main.o(.constdata)
    mainmenu                                 0x0800fa4c   Data          36  main.o(.constdata)
    undermenu1                               0x0800fa70   Data          18  main.o(.constdata)
    undermenu2                               0x0800fa82   Data          18  main.o(.constdata)
    undermenu3                               0x0800fa94   Data          18  main.o(.constdata)
    undermenu4                               0x0800faa6   Data          18  main.o(.constdata)
    undermenu5                               0x0800fab8   Data           7  main.o(.constdata)
    undermenu                                0x0800fac0   Data          20  main.o(.constdata)
    overmenu1                                0x0800fad4   Data          17  main.o(.constdata)
    overmenu2                                0x0800fae5   Data          17  main.o(.constdata)
    overmenu3                                0x0800faf6   Data          17  main.o(.constdata)
    overmenu4                                0x0800fb07   Data          17  main.o(.constdata)
    overmenu5                                0x0800fb18   Data           7  main.o(.constdata)
    overmenu                                 0x0800fb20   Data          20  main.o(.constdata)
    sourceselectmenu1                        0x0800fb34   Data          10  main.o(.constdata)
    sourceselectmenu2                        0x0800fb3e   Data          10  main.o(.constdata)
    sourceselectmenu3                        0x0800fb48   Data           1  main.o(.constdata)
    sourceselectmenu4                        0x0800fb49   Data           1  main.o(.constdata)
    sourceselectmenu5                        0x0800fb4a   Data          15  main.o(.constdata)
    sourceselectmenu                         0x0800fb5c   Data          20  main.o(.constdata)
    networksystemmenu1                       0x0800fb70   Data           7  main.o(.constdata)
    networksystemmenu2                       0x0800fb77   Data           7  main.o(.constdata)
    networksystemmenu3                       0x0800fb7e   Data           1  main.o(.constdata)
    networksystemmenu4                       0x0800fb7f   Data           1  main.o(.constdata)
    networksystemmenu5                       0x0800fb80   Data          15  main.o(.constdata)
    networksystemmenu                        0x0800fb90   Data          20  main.o(.constdata)
    datetimemenu1                            0x0800fba4   Data          11  main.o(.constdata)
    datetimemenu2                            0x0800fbaf   Data          12  main.o(.constdata)
    datetimemenu3                            0x0800fbbb   Data          11  main.o(.constdata)
    datetimemenu4                            0x0800fbc6   Data          12  main.o(.constdata)
    datetimemenu5                            0x0800fbd2   Data          13  main.o(.constdata)
    datetimemenu6                            0x0800fbdf   Data          16  main.o(.constdata)
    datetimemenu7                            0x0800fbef   Data           7  main.o(.constdata)
    datetimemenu                             0x0800fbf8   Data          28  main.o(.constdata)
    systemtypemenu1                          0x0800fc14   Data          17  main.o(.constdata)
    systemtypemenu2                          0x0800fc25   Data          17  main.o(.constdata)
    systemtypemenu3                          0x0800fc36   Data           1  main.o(.constdata)
    systemtypemenu4                          0x0800fc37   Data           1  main.o(.constdata)
    systemtypemenu5                          0x0800fc38   Data          15  main.o(.constdata)
    systemtypemenu                           0x0800fc48   Data          20  main.o(.constdata)
    freqmenu1                                0x0800fc5c   Data          18  main.o(.constdata)
    freqmenu2                                0x0800fc6e   Data          18  main.o(.constdata)
    freqmenu3                                0x0800fc80   Data          17  main.o(.constdata)
    freqmenu4                                0x0800fc91   Data          17  main.o(.constdata)
    freqmenu5                                0x0800fca2   Data          17  main.o(.constdata)
    freqmenu6                                0x0800fcb3   Data          17  main.o(.constdata)
    freqmenu7                                0x0800fcc4   Data           7  main.o(.constdata)
    frequencymenu                            0x0800fccc   Data          28  main.o(.constdata)
    GenSchedulemenu1                         0x0800fce8   Data          17  main.o(.constdata)
    GenSchedulemenu2                         0x0800fcf9   Data           9  main.o(.constdata)
    GenSchedulemenu3                         0x0800fd02   Data          12  main.o(.constdata)
    GenSchedulemenu4                         0x0800fd0e   Data          12  main.o(.constdata)
    GenSchedulemenu5                         0x0800fd1a   Data           7  main.o(.constdata)
    GenSchedulemenu                          0x0800fd24   Data          20  main.o(.constdata)
    GenStartEnablemenu1                      0x0800fd38   Data          10  main.o(.constdata)
    GenStartEnablemenu2                      0x0800fd42   Data           9  main.o(.constdata)
    GenStartEnablemenu3                      0x0800fd4b   Data           1  main.o(.constdata)
    GenStartEnablemenu4                      0x0800fd4c   Data           1  main.o(.constdata)
    GenStartEnablemenu5                      0x0800fd4d   Data          15  main.o(.constdata)
    GenStartEnablemenu                       0x0800fd5c   Data          20  main.o(.constdata)
    Periodmenu1                              0x0800fd70   Data           8  main.o(.constdata)
    Periodmenu2                              0x0800fd78   Data           9  main.o(.constdata)
    Periodmenu3                              0x0800fd81   Data          10  main.o(.constdata)
    Periodmenu4                              0x0800fd8b   Data           1  main.o(.constdata)
    Periodmenu5                              0x0800fd8c   Data          15  main.o(.constdata)
    Periodmenu                               0x0800fd9c   Data          20  main.o(.constdata)
    GenStartDateTimemenu1                    0x0800fdb0   Data           7  main.o(.constdata)
    GenStartDateTimemenu2                    0x0800fdb7   Data          12  main.o(.constdata)
    GenStartDateTimemenu3                    0x0800fdc3   Data           8  main.o(.constdata)
    GenStartDateTimemenu4                    0x0800fdcb   Data           9  main.o(.constdata)
    GenStartDateTimemenu5                    0x0800fdd4   Data           7  main.o(.constdata)
    GenStartDateTimemenu                     0x0800fddc   Data          20  main.o(.constdata)
    statusmenu0                              0x0800fdf0   Data           7  main.o(.constdata)
    statusmenu1                              0x0800fdf7   Data           6  main.o(.constdata)
    statusmenu2                              0x0800fdfd   Data           6  main.o(.constdata)
    statusmenu3                              0x0800fe03   Data          12  main.o(.constdata)
    statusmenu4                              0x0800fe0f   Data           1  main.o(.constdata)
    statusmenu5                              0x0800fe10   Data           5  main.o(.constdata)
    statusmenu6                              0x0800fe15   Data           5  main.o(.constdata)
    statusmenu7                              0x0800fe1a   Data          11  main.o(.constdata)
    statusmenu8                              0x0800fe25   Data           1  main.o(.constdata)
    statusmenu                               0x0800fe28   Data          36  main.o(.constdata)
    AHBPrescTable                            0x0800fe4c   Data          16  system_stm32f0xx.o(.constdata)
    APBPrescTable                            0x0800fe5c   Data           8  system_stm32f0xx.o(.constdata)
    Region$$Table$$Base                      0x08012c68   Number         0  anon$$obj.o(Region$$Table)
    Region$$Table$$Limit                     0x08012c88   Number         0  anon$$obj.o(Region$$Table)
    setvalueselect                           0x20000000   Data           1  main.o(.data)
    loopcount                                0x20000004   Data           4  main.o(.data)
    source1_A                                0x20000008   Data           4  main.o(.data)
    source1_B                                0x2000000c   Data           4  main.o(.data)
    source1_C                                0x20000010   Data           4  main.o(.data)
    freqS1                                   0x20000014   Data           4  main.o(.data)
    V1_A                                     0x20000018   Data           2  main.o(.data)
    V1_B                                     0x2000001a   Data           2  main.o(.data)
    V1_C                                     0x2000001c   Data           2  main.o(.data)
    F_S1                                     0x2000001e   Data           2  main.o(.data)
    phase_sequen_source1                     0x20000020   Data           1  main.o(.data)
    phase_sequen_source2                     0x20000021   Data           1  main.o(.data)
    phasesequencount                         0x20000022   Data           1  main.o(.data)
    source2_A                                0x20000024   Data           4  main.o(.data)
    source2_B                                0x20000028   Data           4  main.o(.data)
    source2_C                                0x2000002c   Data           4  main.o(.data)
    freqS2                                   0x20000030   Data           4  main.o(.data)
    V2_A                                     0x20000034   Data           2  main.o(.data)
    V2_B                                     0x20000036   Data           2  main.o(.data)
    V2_C                                     0x20000038   Data           2  main.o(.data)
    F_S2                                     0x2000003a   Data           2  main.o(.data)
    State                                    0x2000003c   Data           1  main.o(.data)
    lcdflag                                  0x2000003d   Data           1  main.o(.data)
    PageMenuCount                            0x2000003e   Data           1  main.o(.data)
    Submenu1Count                            0x2000003f   Data           1  main.o(.data)
    Submenu2Count                            0x20000040   Data           1  main.o(.data)
    Submenu3Count                            0x20000041   Data           1  main.o(.data)
    DisplayMain                              0x20000042   Data           1  main.o(.data)
    UnderValue                               0x20000044   Data           2  main.o(.data)
    UnderResValue                            0x20000046   Data           2  main.o(.data)
    UnderTimSetValue                         0x20000048   Data           2  main.o(.data)
    UnderResTimSetValue                      0x2000004a   Data           2  main.o(.data)
    UnderValue_compare                       0x2000004c   Data           2  main.o(.data)
    UnderResValue_compare                    0x2000004e   Data           2  main.o(.data)
    UnderTimSetValue_compare                 0x20000050   Data           2  main.o(.data)
    UnderResTimSetValue_compare              0x20000052   Data           2  main.o(.data)
    OverValue                                0x20000054   Data           2  main.o(.data)
    OverResValue                             0x20000056   Data           2  main.o(.data)
    OverTimSetValue                          0x20000058   Data           2  main.o(.data)
    OverResTimSetValue                       0x2000005a   Data           2  main.o(.data)
    OverValue_compare                        0x2000005c   Data           2  main.o(.data)
    OverResValue_compare                     0x2000005e   Data           2  main.o(.data)
    OverTimSetValue_compare                  0x20000060   Data           2  main.o(.data)
    OverResTimSetValue_compare               0x20000062   Data           2  main.o(.data)
    SourceSelectValue                        0x20000064   Data           2  main.o(.data)
    NetworkSelectValue                       0x20000066   Data           2  main.o(.data)
    SourceSelectValue_compare                0x20000068   Data           2  main.o(.data)
    NetworkSelectValue_compare               0x2000006a   Data           2  main.o(.data)
    workmodeValue                            0x2000006c   Data           2  main.o(.data)
    workmodeValue_compare                    0x2000006e   Data           2  main.o(.data)
    systemValue                              0x20000070   Data           2  main.o(.data)
    systemValue_compare                      0x20000072   Data           2  main.o(.data)
    freqUnderValue                           0x20000074   Data           2  main.o(.data)
    freqUnderResValue                        0x20000076   Data           2  main.o(.data)
    freqUnderValue_compare                   0x20000078   Data           2  main.o(.data)
    freqUnderResValue_compare                0x2000007a   Data           2  main.o(.data)
    freqOverValue                            0x2000007c   Data           2  main.o(.data)
    freqOverResValue                         0x2000007e   Data           2  main.o(.data)
    freqOverValue_compare                    0x20000080   Data           2  main.o(.data)
    freqOverResValue_compare                 0x20000082   Data           2  main.o(.data)
    freqUnderflag                            0x20000084   Data           1  main.o(.data)
    freqOverflag                             0x20000085   Data           1  main.o(.data)
    freqABnormalTimeSetValue                 0x20000086   Data           2  main.o(.data)
    freqNormalTimeSetValue                   0x20000088   Data           2  main.o(.data)
    freqABnormalTimeSetValue_compare         0x2000008a   Data           2  main.o(.data)
    freqNormalTimeSetValue_compare           0x2000008c   Data           2  main.o(.data)
    UnderTimeCount                           0x2000008e   Data           2  main.o(.data)
    UnderResTimeCount                        0x20000090   Data           2  main.o(.data)
    freqABnormalTimeCount                    0x20000092   Data           2  main.o(.data)
    freqNormalTime                           0x20000094   Data           2  main.o(.data)
    genstarttimeValue                        0x20000096   Data           2  main.o(.data)
    genstarttimeValue_compare                0x20000098   Data           2  main.o(.data)
    OverTimeCount                            0x2000009a   Data           2  main.o(.data)
    OverResTimeCount                         0x2000009c   Data           2  main.o(.data)
    GenstartTimeCount                        0x2000009e   Data           2  main.o(.data)
    Timer_flag                               0x200000a0   Data           1  main.o(.data)
    PhaseSequenceerror                       0x200000a2   Data           2  main.o(.data)
    Status0                                  0x200000a4   Data           2  main.o(.data)
    initstartdelaycount                      0x200000a6   Data           1  main.o(.data)
    start_ats                                0x200000a7   Data           1  main.o(.data)
    Dateupdate                               0x200000a8   Data           4  main.o(.data)
    Dateset                                  0x200000ac   Data           4  main.o(.data)
    DateGenStartset                          0x200000b0   Data           4  main.o(.data)
    clockdata                                0x200000b4   Data           4  main.o(.data)
    datedata                                 0x200000b8   Data           4  main.o(.data)
    timedata                                 0x200000bc   Data           8  main.o(.data)
    source1OK                                0x200000c4   Data           1  main.o(.data)
    source2OK                                0x200000c5   Data           1  main.o(.data)
    source_out                               0x200000c6   Data           1  main.o(.data)
    releaserelay                             0x200000c7   Data           1  main.o(.data)
    Checksource1OK                           0x200000c8   Data           1  main.o(.data)
    Checksource2OK                           0x200000c9   Data           1  main.o(.data)
    genstart                                 0x200000ca   Data           1  main.o(.data)
    systickcount                             0x200000cc   Data           2  main.o(.data)
    beepcount                                0x200000ce   Data           1  main.o(.data)
    ctrlATScount                             0x200000d0   Data           4  main.o(.data)
    exticount                                0x200000d4   Data           2  main.o(.data)
    exit1_flag                               0x200000d6   Data           1  main.o(.data)
    exit2_flag                               0x200000d7   Data           1  main.o(.data)
    menucount                                0x200000d8   Data           1  main.o(.data)
    EMMInt1                                  0x200000da   Data           2  main.o(.data)
    EMMInt2                                  0x200000dc   Data           2  main.o(.data)
    EMMInt3                                  0x200000de   Data           2  main.o(.data)
    EMMInt4                                  0x200000e0   Data           2  main.o(.data)
    freq1overcount                           0x200000e2   Data           1  main.o(.data)
    freq2overcount                           0x200000e3   Data           1  main.o(.data)
    numofstring                              0x200000e4   Data           1  main.o(.data)
    s1_input                                 0x200000e5   Data           1  main.o(.data)
    s2_input                                 0x200000e6   Data           1  main.o(.data)
    s3_input                                 0x200000e7   Data           1  main.o(.data)
    s4_input                                 0x200000e8   Data           1  main.o(.data)
    FS_Desc                                  0x200000f8   Data          28  usbd_desc.o(.data)
    USBD_FS_DeviceDesc                       0x20000114   Data          18  usbd_desc.o(.data)
    USBD_LangIDDesc                          0x20000128   Data           4  usbd_desc.o(.data)
    USBD_StringSerial                        0x2000012c   Data          26  usbd_desc.o(.data)
    USBD_Interface_fops_FS                   0x20000148   Data          16  usbd_cdc_if.o(.data)
    uwTick                                   0x20000158   Data           4  stm32f0xx_hal.o(.data)
    uwTickPrio                               0x2000015c   Data           4  stm32f0xx_hal.o(.data)
    uwTickFreq                               0x20000160   Data           1  stm32f0xx_hal.o(.data)
    SystemCoreClock                          0x20000164   Data           4  system_stm32f0xx.o(.data)
    USBD_CDC                                 0x20000178   Data          56  usbd_cdc.o(.data)
    USBD_CDC_CfgHSDesc                       0x200001b0   Data          67  usbd_cdc.o(.data)
    USBD_CDC_CfgFSDesc                       0x200001f4   Data          67  usbd_cdc.o(.data)
    USBD_CDC_OtherSpeedCfgDesc               0x20000238   Data          67  usbd_cdc.o(.data)
    Font_6x8                                 0x20000284   Data           8  ssd1306_fonts.o(.data)
    Font_7x10                                0x2000028c   Data           8  ssd1306_fonts.o(.data)
    Font_11x18                               0x20000294   Data           8  ssd1306_fonts.o(.data)
    Font_16x26                               0x2000029c   Data           8  ssd1306_fonts.o(.data)
    Flashdata                                0x200002a4   Data          48  main.o(.bss)
    Timeupdate                               0x200002d4   Data          20  main.o(.bss)
    Timeset                                  0x200002e8   Data          20  main.o(.bss)
    TimeGenStartset                          0x200002fc   Data          20  main.o(.bss)
    genschedulestart                         0x20000310   Data          14  main.o(.bss)
    genschedulestart_compare                 0x2000031e   Data          14  main.o(.bss)
    hcrc                                     0x2000032c   Data          36  crc.o(.bss)
    hrtc                                     0x20000350   Data          32  rtc.o(.bss)
    hspi1                                    0x20000370   Data         100  spi.o(.bss)
    hspi2                                    0x200003d4   Data         100  spi.o(.bss)
    htim7                                    0x20000438   Data          72  tim.o(.bss)
    huart1                                   0x20000480   Data         132  usart.o(.bss)
    hUsbDeviceFS                             0x20000504   Data         708  usb_device.o(.bss)
    USBD_StrDesc                             0x200007c8   Data         512  usbd_desc.o(.bss)
    UserRxBufferFS                           0x200009c8   Data        1000  usbd_cdc_if.o(.bss)
    UserTxBufferFS                           0x20000db0   Data        1000  usbd_cdc_if.o(.bss)
    hpcd_USB_FS                              0x20001198   Data         756  usbd_conf.o(.bss)
    __initial_sp                             0x200022b0   Data           0  startup_stm32f072xb.o(STACK)



==============================================================================

Memory Map of the image

  Image Entry point : 0x080000c1

  Load Region LR_IROM1 (Base: 0x08000000, Size: 0x00012f2c, Max: 0x00020000, ABSOLUTE, COMPRESSED[0x00012d6c])

    Execution Region ER_IROM1 (Exec base: 0x08000000, Load base: 0x08000000, Size: 0x00012c88, Max: 0x00020000, ABSOLUTE)

    Exec Addr    Load Addr    Size         Type   Attr      Idx    E Section Name        Object

    0x08000000   0x08000000   0x000000c0   Data   RO            3    RESET               startup_stm32f072xb.o
    0x080000c0   0x080000c0   0x00000000   Code   RO         6097  * .ARM.Collect$$$$00000000  mc_p.l(entry.o)
    0x080000c0   0x080000c0   0x00000004   Code   RO         6435    .ARM.Collect$$$$00000001  mc_p.l(entry2.o)
    0x080000c4   0x080000c4   0x00000004   Code   RO         6438    .ARM.Collect$$$$00000004  mc_p.l(entry5.o)
    0x080000c8   0x080000c8   0x00000000   Code   RO         6440    .ARM.Collect$$$$00000008  mc_p.l(entry7b.o)
    0x080000c8   0x080000c8   0x00000000   Code   RO         6442    .ARM.Collect$$$$0000000A  mc_p.l(entry8b.o)
    0x080000c8   0x080000c8   0x00000008   Code   RO         6443    .ARM.Collect$$$$0000000B  mc_p.l(entry9a.o)
    0x080000d0   0x080000d0   0x00000000   Code   RO         6445    .ARM.Collect$$$$0000000D  mc_p.l(entry10a.o)
    0x080000d0   0x080000d0   0x00000000   Code   RO         6447    .ARM.Collect$$$$0000000F  mc_p.l(entry11a.o)
    0x080000d0   0x080000d0   0x00000004   Code   RO         6436    .ARM.Collect$$$$00002712  mc_p.l(entry2.o)
    0x080000d4   0x080000d4   0x0000001c   Code   RO            4    .text               startup_stm32f072xb.o
    0x080000f0   0x080000f0   0x0000002c   Code   RO         6100    .text               mc_p.l(uidiv.o)
    0x0800011c   0x0800011c   0x00000028   Code   RO         6102    .text               mc_p.l(idiv.o)
    0x08000144   0x08000144   0x00000060   Code   RO         6104    .text               mc_p.l(uldiv.o)
    0x080001a4   0x080001a4   0x00000022   Code   RO         6106    .text               mc_p.l(llushr.o)
    0x080001c6   0x080001c6   0x00000040   Code   RO         6110    .text               mc_p.l(memmovea.o)
    0x08000206   0x08000206   0x00000024   Code   RO         6112    .text               mc_p.l(memseta.o)
    0x0800022a   0x0800022a   0x0000000e   Code   RO         6114    .text               mc_p.l(strlen.o)
    0x08000238   0x08000238   0x00000012   Code   RO         6116    .text               mc_p.l(strcpy.o)
    0x0800024a   0x0800024a   0x0000007c   Code   RO         6385    .text               mf_p.l(fdiv.o)
    0x080002c6   0x080002c6   0x00000002   PAD
    0x080002c8   0x080002c8   0x000000d0   Code   RO         6387    .text               mf_p.l(dmul.o)
    0x08000398   0x08000398   0x000000f0   Code   RO         6389    .text               mf_p.l(ddiv.o)
    0x08000488   0x08000488   0x0000000e   Code   RO         6393    .text               mf_p.l(ffltui.o)
    0x08000496   0x08000496   0x00000002   PAD
    0x08000498   0x08000498   0x0000001c   Code   RO         6395    .text               mf_p.l(dfltui.o)
    0x080004b4   0x080004b4   0x00000028   Code   RO         6397    .text               mf_p.l(ffixui.o)
    0x080004dc   0x080004dc   0x00000028   Code   RO         6401    .text               mf_p.l(f2d.o)
    0x08000504   0x08000504   0x00000038   Code   RO         6403    .text               mf_p.l(d2f.o)
    0x0800053c   0x0800053c   0x00000014   Code   RO         6405    .text               mf_p.l(cfrcmple.o)
    0x08000550   0x08000550   0x00000020   Code   RO         6452    .text               mc_p.l(llshl.o)
    0x08000570   0x08000570   0x00000000   Code   RO         6461    .text               mc_p.l(iusefp.o)
    0x08000570   0x08000570   0x00000082   Code   RO         6462    .text               mf_p.l(fepilogue.o)
    0x080005f2   0x080005f2   0x000000be   Code   RO         6464    .text               mf_p.l(depilogue.o)
    0x080006b0   0x080006b0   0x00000164   Code   RO         6468    .text               mf_p.l(dadd.o)
    0x08000814   0x08000814   0x00000040   Code   RO         6470    .text               mf_p.l(dfixul.o)
    0x08000854   0x08000854   0x00000028   Code   RO         6472    .text               mf_p.l(cdrcmple.o)
    0x0800087c   0x0800087c   0x00000024   Code   RO         6478    .text               mc_p.l(init.o)
    0x080008a0   0x080008a0   0x00000026   Code   RO         6481    .text               mc_p.l(llsshr.o)
    0x080008c6   0x080008c6   0x00000056   Code   RO         6496    .text               mc_p.l(__dczerorl2.o)
    0x0800091c   0x0800091c   0x00000020   Code   RO          267    i.Beep              main.o
    0x0800093c   0x0800093c   0x00000046   Code   RO          952    i.CDC_Control_FS    usbd_cdc_if.o
    0x08000982   0x08000982   0x00000004   Code   RO          953    i.CDC_DeInit_FS     usbd_cdc_if.o
    0x08000986   0x08000986   0x00000002   PAD
    0x08000988   0x08000988   0x00000024   Code   RO          954    i.CDC_Init_FS       usbd_cdc_if.o
    0x080009ac   0x080009ac   0x0000001c   Code   RO          955    i.CDC_Receive_FS    usbd_cdc_if.o
    0x080009c8   0x080009c8   0x00000104   Code   RO           12    i.CommEnergyIC      m90e32.o
    0x08000acc   0x08000acc   0x0000002c   Code   RO           13    i.Delay_usec        m90e32.o
    0x08000af8   0x08000af8   0x00000014   Code   RO          268    i.EEPROMWriteInt    main.o
    0x08000b0c   0x08000b0c   0x00000010   Code   RO          728    i.EXTI0_1_IRQHandler  stm32f0xx_it.o
    0x08000b1c   0x08000b1c   0x00000006   Code   RO          269    i.Error_Handler     main.o
    0x08000b22   0x08000b22   0x00000002   PAD
    0x08000b24   0x08000b24   0x000000bc   Code   RO          270    i.FlashErase        main.o
    0x08000be0   0x08000be0   0x000000e8   Code   RO          271    i.FlashWrite        main.o
    0x08000cc8   0x08000cc8   0x0000002c   Code   RO           16    i.GetFrequency      m90e32.o
    0x08000cf4   0x08000cf4   0x00000038   Code   RO           21    i.GetLineVoltageA   m90e32.o
    0x08000d2c   0x08000d2c   0x00000038   Code   RO           22    i.GetLineVoltageB   m90e32.o
    0x08000d64   0x08000d64   0x00000038   Code   RO           23    i.GetLineVoltageC   m90e32.o
    0x08000d9c   0x08000d9c   0x00000018   Code   RO           27    i.GetSysStatus0     m90e32.o
    0x08000db4   0x08000db4   0x00000030   Code   RO          866    i.Get_SerialNum     usbd_desc.o
    0x08000de4   0x08000de4   0x0000006a   Code   RO         3207    i.HAL_CRCEx_Polynomial_Set  stm32f0xx_hal_crc_ex.o
    0x08000e4e   0x08000e4e   0x00000002   PAD
    0x08000e50   0x08000e50   0x0000008c   Code   RO         3145    i.HAL_CRC_Init      stm32f0xx_hal_crc.o
    0x08000edc   0x08000edc   0x00000030   Code   RO          533    i.HAL_CRC_MspInit   crc.o
    0x08000f0c   0x08000f0c   0x00000052   Code   RO         2528    i.HAL_DMA_Abort     stm32f0xx_hal_dma.o
    0x08000f5e   0x08000f5e   0x00000058   Code   RO         2529    i.HAL_DMA_Abort_IT  stm32f0xx_hal_dma.o
    0x08000fb6   0x08000fb6   0x00000002   PAD
    0x08000fb8   0x08000fb8   0x0000002c   Code   RO         1803    i.HAL_Delay         stm32f0xx_hal.o
    0x08000fe4   0x08000fe4   0x00000034   Code   RO         2883    i.HAL_FLASH_Unlock  stm32f0xx_hal_flash.o
    0x08001018   0x08001018   0x00000030   Code   RO          272    i.HAL_GPIO_EXTI_Callback  main.o
    0x08001048   0x08001048   0x00000020   Code   RO         2466    i.HAL_GPIO_EXTI_IRQHandler  stm32f0xx_hal_gpio.o
    0x08001068   0x08001068   0x000001f8   Code   RO         2467    i.HAL_GPIO_Init     stm32f0xx_hal_gpio.o
    0x08001260   0x08001260   0x00000012   Code   RO         2469    i.HAL_GPIO_ReadPin  stm32f0xx_hal_gpio.o
    0x08001272   0x08001272   0x00000014   Code   RO         2470    i.HAL_GPIO_TogglePin  stm32f0xx_hal_gpio.o
    0x08001286   0x08001286   0x0000000c   Code   RO         2471    i.HAL_GPIO_WritePin  stm32f0xx_hal_gpio.o
    0x08001292   0x08001292   0x00000002   PAD
    0x08001294   0x08001294   0x0000000c   Code   RO         1807    i.HAL_GetTick       stm32f0xx_hal.o
    0x080012a0   0x080012a0   0x00000018   Code   RO         1813    i.HAL_IncTick       stm32f0xx_hal.o
    0x080012b8   0x080012b8   0x00000020   Code   RO         1814    i.HAL_Init          stm32f0xx_hal.o
    0x080012d8   0x080012d8   0x00000054   Code   RO         1815    i.HAL_InitTick      stm32f0xx_hal.o
    0x0800132c   0x0800132c   0x00000040   Code   RO          816    i.HAL_MspInit       stm32f0xx_hal_msp.o
    0x0800136c   0x0800136c   0x0000001c   Code   RO         2624    i.HAL_NVIC_EnableIRQ  stm32f0xx_hal_cortex.o
    0x08001388   0x08001388   0x00000012   Code   RO         2628    i.HAL_NVIC_SetPriority  stm32f0xx_hal_cortex.o
    0x0800139a   0x0800139a   0x00000034   Code   RO         1557    i.HAL_PCDEx_ActivateLPM  stm32f0xx_hal_pcd_ex.o
    0x080013ce   0x080013ce   0x00000002   Code   RO         1562    i.HAL_PCDEx_LPM_Callback  stm32f0xx_hal_pcd_ex.o
    0x080013d0   0x080013d0   0x00000042   Code   RO         1563    i.HAL_PCDEx_PMAConfig  stm32f0xx_hal_pcd_ex.o
    0x08001412   0x08001412   0x00000022   Code   RO         1001    i.HAL_PCD_DataInStageCallback  usbd_conf.o
    0x08001434   0x08001434   0x00000024   Code   RO         1002    i.HAL_PCD_DataOutStageCallback  usbd_conf.o
    0x08001458   0x08001458   0x00000072   Code   RO         1344    i.HAL_PCD_EP_Close  stm32f0xx_hal_pcd.o
    0x080014ca   0x080014ca   0x00000084   Code   RO         1345    i.HAL_PCD_EP_ClrStall  stm32f0xx_hal_pcd.o
    0x0800154e   0x0800154e   0x00000002   PAD
    0x08001550   0x08001550   0x00000158   Code   RO         1346    i.HAL_PCD_EP_DB_Receive  stm32f0xx_hal_pcd.o
    0x080016a8   0x080016a8   0x00000394   Code   RO         1347    i.HAL_PCD_EP_DB_Transmit  stm32f0xx_hal_pcd.o
    0x08001a3c   0x08001a3c   0x00000016   Code   RO         1349    i.HAL_PCD_EP_GetRxCount  stm32f0xx_hal_pcd.o
    0x08001a52   0x08001a52   0x00000094   Code   RO         1350    i.HAL_PCD_EP_Open   stm32f0xx_hal_pcd.o
    0x08001ae6   0x08001ae6   0x0000004c   Code   RO         1351    i.HAL_PCD_EP_Receive  stm32f0xx_hal_pcd.o
    0x08001b32   0x08001b32   0x00000080   Code   RO         1352    i.HAL_PCD_EP_SetStall  stm32f0xx_hal_pcd.o
    0x08001bb2   0x08001bb2   0x00000052   Code   RO         1353    i.HAL_PCD_EP_Transmit  stm32f0xx_hal_pcd.o
    0x08001c04   0x08001c04   0x00000214   Code   RO         1355    i.HAL_PCD_IRQHandler  stm32f0xx_hal_pcd.o
    0x08001e18   0x08001e18   0x000000fe   Code   RO         1358    i.HAL_PCD_Init      stm32f0xx_hal_pcd.o
    0x08001f16   0x08001f16   0x00000002   PAD
    0x08001f18   0x08001f18   0x00000048   Code   RO         1007    i.HAL_PCD_MspInit   usbd_conf.o
    0x08001f60   0x08001f60   0x0000002c   Code   RO         1008    i.HAL_PCD_ResetCallback  usbd_conf.o
    0x08001f8c   0x08001f8c   0x0000002c   Code   RO         1009    i.HAL_PCD_ResumeCallback  usbd_conf.o
    0x08001fb8   0x08001fb8   0x00000012   Code   RO         1010    i.HAL_PCD_SOFCallback  usbd_conf.o
    0x08001fca   0x08001fca   0x00000042   Code   RO         1364    i.HAL_PCD_SetAddress  stm32f0xx_hal_pcd.o
    0x0800200c   0x0800200c   0x00000018   Code   RO         1011    i.HAL_PCD_SetupStageCallback  usbd_conf.o
    0x08002024   0x08002024   0x00000040   Code   RO         1366    i.HAL_PCD_Start     stm32f0xx_hal_pcd.o
    0x08002064   0x08002064   0x00000028   Code   RO         1012    i.HAL_PCD_SuspendCallback  usbd_conf.o
    0x0800208c   0x0800208c   0x00000014   Code   RO         2721    i.HAL_PWR_EnableBkUpAccess  stm32f0xx_hal_pwr.o
    0x080020a0   0x080020a0   0x000001a4   Code   RO         1723    i.HAL_RCCEx_PeriphCLKConfig  stm32f0xx_hal_rcc_ex.o
    0x08002244   0x08002244   0x00000184   Code   RO         1619    i.HAL_RCC_ClockConfig  stm32f0xx_hal_rcc.o
    0x080023c8   0x080023c8   0x0000000c   Code   RO         1624    i.HAL_RCC_GetHCLKFreq  stm32f0xx_hal_rcc.o
    0x080023d4   0x080023d4   0x00000024   Code   RO         1626    i.HAL_RCC_GetPCLK1Freq  stm32f0xx_hal_rcc.o
    0x080023f8   0x080023f8   0x00000108   Code   RO         1627    i.HAL_RCC_GetSysClockFreq  stm32f0xx_hal_rcc.o
    0x08002500   0x08002500   0x0000063c   Code   RO         1630    i.HAL_RCC_OscConfig  stm32f0xx_hal_rcc.o
    0x08002b3c   0x08002b3c   0x0000005c   Code   RO         3247    i.HAL_RTC_GetDate   stm32f0xx_hal_rtc.o
    0x08002b98   0x08002b98   0x0000006c   Code   RO         3249    i.HAL_RTC_GetTime   stm32f0xx_hal_rtc.o
    0x08002c04   0x08002c04   0x000000e4   Code   RO         3250    i.HAL_RTC_Init      stm32f0xx_hal_rtc.o
    0x08002ce8   0x08002ce8   0x00000020   Code   RO          571    i.HAL_RTC_MspInit   rtc.o
    0x08002d08   0x08002d08   0x0000010c   Code   RO         3256    i.HAL_RTC_SetDate   stm32f0xx_hal_rtc.o
    0x08002e14   0x08002e14   0x0000013c   Code   RO         3257    i.HAL_RTC_SetTime   stm32f0xx_hal_rtc.o
    0x08002f50   0x08002f50   0x0000003c   Code   RO         3258    i.HAL_RTC_WaitForSynchro  stm32f0xx_hal_rtc.o
    0x08002f8c   0x08002f8c   0x00000002   Code   RO         3620    i.HAL_SPI_ErrorCallback  stm32f0xx_hal_spi.o
    0x08002f8e   0x08002f8e   0x00000002   PAD
    0x08002f90   0x08002f90   0x0000019c   Code   RO         3623    i.HAL_SPI_IRQHandler  stm32f0xx_hal_spi.o
    0x0800312c   0x0800312c   0x0000010c   Code   RO         3624    i.HAL_SPI_Init      stm32f0xx_hal_spi.o
    0x08003238   0x08003238   0x00000144   Code   RO          609    i.HAL_SPI_MspInit   spi.o
    0x0800337c   0x0800337c   0x000001ca   Code   RO         3627    i.HAL_SPI_Receive   stm32f0xx_hal_spi.o
    0x08003546   0x08003546   0x000001cc   Code   RO         3632    i.HAL_SPI_Transmit  stm32f0xx_hal_spi.o
    0x08003712   0x08003712   0x0000026a   Code   RO         3633    i.HAL_SPI_TransmitReceive  stm32f0xx_hal_spi.o
    0x0800397c   0x0800397c   0x00000774   Code   RO          274    i.HAL_SYSTICK_Callback  main.o
    0x080040f0   0x080040f0   0x00000038   Code   RO         2632    i.HAL_SYSTICK_Config  stm32f0xx_hal_cortex.o
    0x08004128   0x08004128   0x00000008   Code   RO         2633    i.HAL_SYSTICK_IRQHandler  stm32f0xx_hal_cortex.o
    0x08004130   0x08004130   0x00000002   Code   RO         4669    i.HAL_TIMEx_BreakCallback  stm32f0xx_hal_tim_ex.o
    0x08004132   0x08004132   0x00000002   Code   RO         4670    i.HAL_TIMEx_CommutCallback  stm32f0xx_hal_tim_ex.o
    0x08004134   0x08004134   0x0000008c   Code   RO         4688    i.HAL_TIMEx_MasterConfigSynchronization  stm32f0xx_hal_tim_ex.o
    0x080041c0   0x080041c0   0x00000064   Code   RO         3958    i.HAL_TIM_Base_Init  stm32f0xx_hal_tim.o
    0x08004224   0x08004224   0x00000044   Code   RO          653    i.HAL_TIM_Base_MspInit  tim.o
    0x08004268   0x08004268   0x00000078   Code   RO         3963    i.HAL_TIM_Base_Start_IT  stm32f0xx_hal_tim.o
    0x080042e0   0x080042e0   0x00000002   Code   RO         3992    i.HAL_TIM_IC_CaptureCallback  stm32f0xx_hal_tim.o
    0x080042e2   0x080042e2   0x000001c8   Code   RO         4006    i.HAL_TIM_IRQHandler  stm32f0xx_hal_tim.o
    0x080044aa   0x080044aa   0x00000002   Code   RO         4009    i.HAL_TIM_OC_DelayElapsedCallback  stm32f0xx_hal_tim.o
    0x080044ac   0x080044ac   0x00000002   Code   RO         4036    i.HAL_TIM_PWM_PulseFinishedCallback  stm32f0xx_hal_tim.o
    0x080044ae   0x080044ae   0x00000002   PAD
    0x080044b0   0x080044b0   0x000000c8   Code   RO          275    i.HAL_TIM_PeriodElapsedCallback  main.o
    0x08004578   0x08004578   0x00000002   Code   RO         4049    i.HAL_TIM_TriggerCallback  stm32f0xx_hal_tim.o
    0x0800457a   0x0800457a   0x00000002   Code   RO         4941    i.HAL_UARTEx_RxEventCallback  stm32f0xx_hal_uart.o
    0x0800457c   0x0800457c   0x00000002   Code   RO         5333    i.HAL_UARTEx_WakeupCallback  stm32f0xx_hal_uart_ex.o
    0x0800457e   0x0800457e   0x00000002   Code   RO         4957    i.HAL_UART_ErrorCallback  stm32f0xx_hal_uart.o
    0x08004580   0x08004580   0x0000030c   Code   RO         4960    i.HAL_UART_IRQHandler  stm32f0xx_hal_uart.o
    0x0800488c   0x0800488c   0x0000007e   Code   RO         4961    i.HAL_UART_Init     stm32f0xx_hal_uart.o
    0x0800490a   0x0800490a   0x00000002   PAD
    0x0800490c   0x0800490c   0x00000090   Code   RO          691    i.HAL_UART_MspInit  usart.o
    0x0800499c   0x0800499c   0x00000002   Code   RO         4973    i.HAL_UART_TxCpltCallback  stm32f0xx_hal_uart.o
    0x0800499e   0x0800499e   0x00000004   Code   RO          729    i.HardFault_Handler  stm32f0xx_it.o
    0x080049a2   0x080049a2   0x00000002   PAD
    0x080049a4   0x080049a4   0x00000274   Code   RO           29    i.InitEnergyIC      m90e32.o
    0x08004c18   0x08004c18   0x00000036   Code   RO          867    i.IntToUnicode      usbd_desc.o
    0x08004c4e   0x08004c4e   0x00000002   PAD
    0x08004c50   0x08004c50   0x00000034   Code   RO          534    i.MX_CRC_Init       crc.o
    0x08004c84   0x08004c84   0x000001d0   Code   RO          512    i.MX_GPIO_Init      gpio.o
    0x08004e54   0x08004e54   0x00000044   Code   RO          572    i.MX_RTC_Init       rtc.o
    0x08004e98   0x08004e98   0x00000054   Code   RO          610    i.MX_SPI1_Init      spi.o
    0x08004eec   0x08004eec   0x00000054   Code   RO          611    i.MX_SPI2_Init      spi.o
    0x08004f40   0x08004f40   0x00000054   Code   RO          654    i.MX_TIM7_Init      tim.o
    0x08004f94   0x08004f94   0x00000044   Code   RO          692    i.MX_USART1_UART_Init  usart.o
    0x08004fd8   0x08004fd8   0x00000054   Code   RO          839    i.MX_USB_DEVICE_Init  usb_device.o
    0x0800502c   0x0800502c   0x00000004   Code   RO          730    i.NMI_Handler       stm32f0xx_it.o
    0x08005030   0x08005030   0x0000042c   Code   RO         1369    i.PCD_EP_ISR_Handler  stm32f0xx_hal_pcd.o
    0x0800545c   0x0800545c   0x00000002   Code   RO          731    i.PendSV_Handler    stm32f0xx_it.o
    0x0800545e   0x0800545e   0x0000001a   Code   RO         3259    i.RTC_Bcd2ToByte    stm32f0xx_hal_rtc.o
    0x08005478   0x08005478   0x0000001a   Code   RO         3260    i.RTC_ByteToBcd2    stm32f0xx_hal_rtc.o
    0x08005492   0x08005492   0x00000042   Code   RO         3261    i.RTC_EnterInitMode  stm32f0xx_hal_rtc.o
    0x080054d4   0x080054d4   0x0000075c   Code   RO          276    i.ReadSetting       main.o
    0x08005c30   0x08005c30   0x00000010   Code   RO          732    i.SPI1_IRQHandler   stm32f0xx_it.o
    0x08005c40   0x08005c40   0x00000010   Code   RO          733    i.SPI2_IRQHandler   stm32f0xx_it.o
    0x08005c50   0x08005c50   0x00000018   Code   RO         3651    i.SPI_DMAAbortOnError  stm32f0xx_hal_spi.o
    0x08005c68   0x08005c68   0x0000008e   Code   RO         3661    i.SPI_EndRxTransaction  stm32f0xx_hal_spi.o
    0x08005cf6   0x08005cf6   0x0000006a   Code   RO         3662    i.SPI_EndRxTxTransaction  stm32f0xx_hal_spi.o
    0x08005d60   0x08005d60   0x000000e8   Code   RO         3667    i.SPI_WaitFifoStateUntilTimeout  stm32f0xx_hal_spi.o
    0x08005e48   0x08005e48   0x000000dc   Code   RO         3668    i.SPI_WaitFlagStateUntilTimeout  stm32f0xx_hal_spi.o
    0x08005f24   0x08005f24   0x00000002   Code   RO          734    i.SVC_Handler       stm32f0xx_it.o
    0x08005f26   0x08005f26   0x0000000c   Code   RO          735    i.SysTick_Handler   stm32f0xx_it.o
    0x08005f32   0x08005f32   0x00000008   Code   RO         1013    i.SystemClockConfig_Resume  usbd_conf.o
    0x08005f3a   0x08005f3a   0x00000002   PAD
    0x08005f3c   0x08005f3c   0x000000a4   Code   RO          277    i.SystemClock_Config  main.o
    0x08005fe0   0x08005fe0   0x00000002   Code   RO         5399    i.SystemInit        system_stm32f0xx.o
    0x08005fe2   0x08005fe2   0x00000002   PAD
    0x08005fe4   0x08005fe4   0x00000010   Code   RO          736    i.TIM7_IRQHandler   stm32f0xx_it.o
    0x08005ff4   0x08005ff4   0x000000b0   Code   RO         4051    i.TIM_Base_SetConfig  stm32f0xx_hal_tim.o
    0x080060a4   0x080060a4   0x000000f0   Code   RO         4975    i.UART_AdvFeatureConfig  stm32f0xx_hal_uart.o
    0x08006194   0x08006194   0x00000074   Code   RO         4976    i.UART_CheckIdleState  stm32f0xx_hal_uart.o
    0x08006208   0x08006208   0x00000018   Code   RO         4977    i.UART_DMAAbortOnError  stm32f0xx_hal_uart.o
    0x08006220   0x08006220   0x00000038   Code   RO         4987    i.UART_EndRxTransfer  stm32f0xx_hal_uart.o
    0x08006258   0x08006258   0x00000020   Code   RO         4988    i.UART_EndTransmit_IT  stm32f0xx_hal_uart.o
    0x08006278   0x08006278   0x000001f0   Code   RO         4992    i.UART_SetConfig    stm32f0xx_hal_uart.o
    0x08006468   0x08006468   0x000000c0   Code   RO         4997    i.UART_WaitOnFlagUntilTimeout  stm32f0xx_hal_uart.o
    0x08006528   0x08006528   0x00000010   Code   RO          737    i.USART1_IRQHandler  stm32f0xx_it.o
    0x08006538   0x08006538   0x0000007c   Code   RO         5712    i.USBD_CDC_DataIn   usbd_cdc.o
    0x080065b4   0x080065b4   0x00000048   Code   RO         5713    i.USBD_CDC_DataOut  usbd_cdc.o
    0x080065fc   0x080065fc   0x00000062   Code   RO         5714    i.USBD_CDC_DeInit   usbd_cdc.o
    0x0800665e   0x0800665e   0x00000002   PAD
    0x08006660   0x08006660   0x00000048   Code   RO         5715    i.USBD_CDC_EP0_RxReady  usbd_cdc.o
    0x080066a8   0x080066a8   0x00000010   Code   RO         5716    i.USBD_CDC_GetDeviceQualifierDescriptor  usbd_cdc.o
    0x080066b8   0x080066b8   0x00000010   Code   RO         5717    i.USBD_CDC_GetFSCfgDesc  usbd_cdc.o
    0x080066c8   0x080066c8   0x00000010   Code   RO         5718    i.USBD_CDC_GetHSCfgDesc  usbd_cdc.o
    0x080066d8   0x080066d8   0x00000010   Code   RO         5719    i.USBD_CDC_GetOtherSpeedCfgDesc  usbd_cdc.o
    0x080066e8   0x080066e8   0x000000d2   Code   RO         5720    i.USBD_CDC_Init     usbd_cdc.o
    0x080067ba   0x080067ba   0x00000048   Code   RO         5721    i.USBD_CDC_ReceivePacket  usbd_cdc.o
    0x08006802   0x08006802   0x00000014   Code   RO         5722    i.USBD_CDC_RegisterInterface  usbd_cdc.o
    0x08006816   0x08006816   0x00000014   Code   RO         5723    i.USBD_CDC_SetRxBuffer  usbd_cdc.o
    0x0800682a   0x0800682a   0x0000001c   Code   RO         5724    i.USBD_CDC_SetTxBuffer  usbd_cdc.o
    0x08006846   0x08006846   0x00000112   Code   RO         5725    i.USBD_CDC_Setup    usbd_cdc.o
    0x08006958   0x08006958   0x0000001a   Code   RO         5431    i.USBD_ClrClassConfig  usbd_core.o
    0x08006972   0x08006972   0x00000046   Code   RO         5565    i.USBD_ClrFeature   usbd_ctlreq.o
    0x080069b8   0x080069b8   0x00000018   Code   RO         5656    i.USBD_CtlContinueRx  usbd_ioreq.o
    0x080069d0   0x080069d0   0x00000018   Code   RO         5657    i.USBD_CtlContinueSendData  usbd_ioreq.o
    0x080069e8   0x080069e8   0x00000018   Code   RO         5566    i.USBD_CtlError     usbd_ctlreq.o
    0x08006a00   0x08006a00   0x0000002c   Code   RO         5658    i.USBD_CtlPrepareRx  usbd_ioreq.o
    0x08006a2c   0x08006a2c   0x0000001c   Code   RO         5659    i.USBD_CtlReceiveStatus  usbd_ioreq.o
    0x08006a48   0x08006a48   0x00000026   Code   RO         5660    i.USBD_CtlSendData  usbd_ioreq.o
    0x08006a6e   0x08006a6e   0x0000001e   Code   RO         5661    i.USBD_CtlSendStatus  usbd_ioreq.o
    0x08006a8c   0x08006a8c   0x00000034   Code   RO          868    i.USBD_FS_ConfigStrDescriptor  usbd_desc.o
    0x08006ac0   0x08006ac0   0x00000010   Code   RO          869    i.USBD_FS_DeviceDescriptor  usbd_desc.o
    0x08006ad0   0x08006ad0   0x00000038   Code   RO          870    i.USBD_FS_InterfaceStrDescriptor  usbd_desc.o
    0x08006b08   0x08006b08   0x00000010   Code   RO          871    i.USBD_FS_LangIDStrDescriptor  usbd_desc.o
    0x08006b18   0x08006b18   0x0000002c   Code   RO          872    i.USBD_FS_ManufacturerStrDescriptor  usbd_desc.o
    0x08006b44   0x08006b44   0x00000040   Code   RO          873    i.USBD_FS_ProductStrDescriptor  usbd_desc.o
    0x08006b84   0x08006b84   0x00000018   Code   RO          874    i.USBD_FS_SerialStrDescriptor  usbd_desc.o
    0x08006b9c   0x08006b9c   0x0000005a   Code   RO         5567    i.USBD_GetConfig    usbd_ctlreq.o
    0x08006bf6   0x08006bf6   0x00000250   Code   RO         5568    i.USBD_GetDescriptor  usbd_ctlreq.o
    0x08006e46   0x08006e46   0x00000014   Code   RO         5569    i.USBD_GetLen       usbd_ctlreq.o
    0x08006e5a   0x08006e5a   0x00000064   Code   RO         5570    i.USBD_GetStatus    usbd_ctlreq.o
    0x08006ebe   0x08006ebe   0x0000004e   Code   RO         5571    i.USBD_GetString    usbd_ctlreq.o
    0x08006f0c   0x08006f0c   0x0000002e   Code   RO         1014    i.USBD_Get_USB_Status  usbd_conf.o
    0x08006f3a   0x08006f3a   0x00000048   Code   RO         5433    i.USBD_Init         usbd_core.o
    0x08006f82   0x08006f82   0x00000026   Code   RO         1015    i.USBD_LL_ClearStallEP  usbd_conf.o
    0x08006fa8   0x08006fa8   0x00000026   Code   RO         1016    i.USBD_LL_CloseEP   usbd_conf.o
    0x08006fce   0x08006fce   0x00000136   Code   RO         5434    i.USBD_LL_DataInStage  usbd_core.o
    0x08007104   0x08007104   0x000000cc   Code   RO         5435    i.USBD_LL_DataOutStage  usbd_core.o
    0x080071d0   0x080071d0   0x00000016   Code   RO         1020    i.USBD_LL_GetRxDataSize  usbd_conf.o
    0x080071e6   0x080071e6   0x00000002   PAD
    0x080071e8   0x080071e8   0x000000a8   Code   RO         1021    i.USBD_LL_Init      usbd_conf.o
    0x08007290   0x08007290   0x00000038   Code   RO         1022    i.USBD_LL_IsStallEP  usbd_conf.o
    0x080072c8   0x080072c8   0x00000030   Code   RO         1023    i.USBD_LL_OpenEP    usbd_conf.o
    0x080072f8   0x080072f8   0x00000030   Code   RO         1024    i.USBD_LL_PrepareReceive  usbd_conf.o
    0x08007328   0x08007328   0x00000072   Code   RO         5440    i.USBD_LL_Reset     usbd_core.o
    0x0800739a   0x0800739a   0x00000022   Code   RO         5441    i.USBD_LL_Resume    usbd_core.o
    0x080073bc   0x080073bc   0x00000030   Code   RO         5442    i.USBD_LL_SOF       usbd_core.o
    0x080073ec   0x080073ec   0x00000008   Code   RO         5443    i.USBD_LL_SetSpeed  usbd_core.o
    0x080073f4   0x080073f4   0x00000026   Code   RO         1025    i.USBD_LL_SetUSBAddress  usbd_conf.o
    0x0800741a   0x0800741a   0x0000008c   Code   RO         5444    i.USBD_LL_SetupStage  usbd_core.o
    0x080074a6   0x080074a6   0x00000026   Code   RO         1026    i.USBD_LL_StallEP   usbd_conf.o
    0x080074cc   0x080074cc   0x00000022   Code   RO         1027    i.USBD_LL_Start     usbd_conf.o
    0x080074ee   0x080074ee   0x00000020   Code   RO         5445    i.USBD_LL_Suspend   usbd_core.o
    0x0800750e   0x0800750e   0x00000030   Code   RO         1029    i.USBD_LL_Transmit  usbd_conf.o
    0x0800753e   0x0800753e   0x00000028   Code   RO         5572    i.USBD_ParseSetupRequest  usbd_ctlreq.o
    0x08007566   0x08007566   0x00000016   Code   RO         5446    i.USBD_RegisterClass  usbd_core.o
    0x0800757c   0x0800757c   0x00000006   Code   RO         5447    i.USBD_RunTestMode  usbd_core.o
    0x08007582   0x08007582   0x00000070   Code   RO         5573    i.USBD_SetAddress   usbd_ctlreq.o
    0x080075f2   0x080075f2   0x0000002e   Code   RO         5448    i.USBD_SetClassConfig  usbd_core.o
    0x08007620   0x08007620   0x000000f8   Code   RO         5574    i.USBD_SetConfig    usbd_ctlreq.o
    0x08007718   0x08007718   0x0000001c   Code   RO         5575    i.USBD_SetFeature   usbd_ctlreq.o
    0x08007734   0x08007734   0x0000000e   Code   RO         5449    i.USBD_Start        usbd_core.o
    0x08007742   0x08007742   0x000000a8   Code   RO         5576    i.USBD_StdDevReq    usbd_ctlreq.o
    0x080077ea   0x080077ea   0x00000256   Code   RO         5577    i.USBD_StdEPReq     usbd_ctlreq.o
    0x08007a40   0x08007a40   0x0000008c   Code   RO         5578    i.USBD_StdItfReq    usbd_ctlreq.o
    0x08007acc   0x08007acc   0x00000002   Code   RO         1030    i.USBD_static_free  usbd_conf.o
    0x08007ace   0x08007ace   0x00000002   PAD
    0x08007ad0   0x08007ad0   0x0000000c   Code   RO         1031    i.USBD_static_malloc  usbd_conf.o
    0x08007adc   0x08007adc   0x00000436   Code   RO         1207    i.USB_ActivateEndpoint  stm32f0xx_ll_usb.o
    0x08007f12   0x08007f12   0x00000002   PAD
    0x08007f14   0x08007f14   0x00000264   Code   RO         1211    i.USB_DeactivateEndpoint  stm32f0xx_ll_usb.o
    0x08008178   0x08008178   0x00000014   Code   RO         1212    i.USB_DevConnect    stm32f0xx_ll_usb.o
    0x0800818c   0x0800818c   0x0000001a   Code   RO         1214    i.USB_DevInit       stm32f0xx_ll_usb.o
    0x080081a6   0x080081a6   0x00000002   PAD
    0x080081a8   0x080081a8   0x00000018   Code   RO         1215    i.USB_DisableGlobalInt  stm32f0xx_ll_usb.o
    0x080081c0   0x080081c0   0x000000d8   Code   RO         1216    i.USB_EPClearStall  stm32f0xx_ll_usb.o
    0x08008298   0x08008298   0x0000005c   Code   RO         1217    i.USB_EPSetStall    stm32f0xx_ll_usb.o
    0x080082f4   0x080082f4   0x000009cc   Code   RO         1218    i.USB_EPStartXfer   stm32f0xx_ll_usb.o
    0x08008cc0   0x08008cc0   0x00000018   Code   RO         1219    i.USB_EnableGlobalInt  stm32f0xx_ll_usb.o
    0x08008cd8   0x08008cd8   0x00000010   Code   RO          738    i.USB_IRQHandler    stm32f0xx_it.o
    0x08008ce8   0x08008ce8   0x00000008   Code   RO         1220    i.USB_ReadInterrupts  stm32f0xx_ll_usb.o
    0x08008cf0   0x08008cf0   0x00000040   Code   RO         1221    i.USB_ReadPMA       stm32f0xx_ll_usb.o
    0x08008d30   0x08008d30   0x00000010   Code   RO         1223    i.USB_SetDevAddress  stm32f0xx_ll_usb.o
    0x08008d40   0x08008d40   0x0000003a   Code   RO         1225    i.USB_WritePMA      stm32f0xx_ll_usb.o
    0x08008d7a   0x08008d7a   0x00000002   PAD
    0x08008d7c   0x08008d7c   0x00000034   Code   RO         6356    i.__0snprintf       mc_p.l(printfa.o)
    0x08008db0   0x08008db0   0x00000028   Code   RO         6357    i.__0sprintf        mc_p.l(printfa.o)
    0x08008dd8   0x08008dd8   0x0000002e   Code   RO         6466    i.__ARM_clz         mf_p.l(depilogue.o)
    0x08008e06   0x08008e06   0x00000030   Code   RO         1705    i.__ARM_common_ll_muluu  stm32f0xx_hal_rcc.o
    0x08008e36   0x08008e36   0x0000001c   Code   RO          437    i.__ARM_common_switch8  main.o
    0x08008e52   0x08008e52   0x00000002   PAD
    0x08008e54   0x08008e54   0x00000078   Code   RO         2634    i.__NVIC_SetPriority  stm32f0xx_hal_cortex.o
    0x08008ecc   0x08008ecc   0x0000000e   Code   RO         6490    i.__scatterload_copy  mc_p.l(handlers.o)
    0x08008eda   0x08008eda   0x00000002   Code   RO         6491    i.__scatterload_null  mc_p.l(handlers.o)
    0x08008edc   0x08008edc   0x0000000e   Code   RO         6492    i.__scatterload_zeroinit  mc_p.l(handlers.o)
    0x08008eea   0x08008eea   0x00000002   PAD
    0x08008eec   0x08008eec   0x00000174   Code   RO         6362    i._fp_digits        mc_p.l(printfa.o)
    0x08009060   0x08009060   0x000006ec   Code   RO         6363    i._printf_core      mc_p.l(printfa.o)
    0x0800974c   0x0800974c   0x00000020   Code   RO         6364    i._printf_post_padding  mc_p.l(printfa.o)
    0x0800976c   0x0800976c   0x0000002c   Code   RO         6365    i._printf_pre_padding  mc_p.l(printfa.o)
    0x08009798   0x08009798   0x00000016   Code   RO         6366    i._snputc           mc_p.l(printfa.o)
    0x080097ae   0x080097ae   0x0000000a   Code   RO         6367    i._sputc            mc_p.l(printfa.o)
    0x080097b8   0x080097b8   0x0000152c   Code   RO          279    i.buttonRead        main.o
    0x0800ace4   0x0800ace4   0x0000001e   Code   RO          280    i.chechphasesequen  main.o
    0x0800ad02   0x0800ad02   0x00000002   PAD
    0x0800ad04   0x0800ad04   0x000000a4   Code   RO          281    i.check_releaserelay  main.o
    0x0800ada8   0x0800ada8   0x00000078   Code   RO          282    i.checkauxinput     main.o
    0x0800ae20   0x0800ae20   0x00000160   Code   RO          283    i.checkgenpromp     main.o
    0x0800af80   0x0800af80   0x0000011c   Code   RO          284    i.checkgenschedule  main.o
    0x0800b09c   0x0800b09c   0x0000000a   Code   RO          285    i.cleardisplay      main.o
    0x0800b0a6   0x0800b0a6   0x00000002   PAD
    0x0800b0a8   0x0800b0a8   0x00000228   Code   RO          286    i.comparesettingvalue  main.o
    0x0800b2d0   0x0800b2d0   0x00001ccc   Code   RO          287    i.lcdupdate         main.o
    0x0800cf9c   0x0800cf9c   0x00000498   Code   RO          288    i.main              main.o
    0x0800d434   0x0800d434   0x00001e8c   Code   RO          289    i.readvolt          main.o
    0x0800f2c0   0x0800f2c0   0x000000a4   Code   RO         5817    i.ssd1306_DrawPixel  ssd1306.o
    0x0800f364   0x0800f364   0x00000024   Code   RO         5819    i.ssd1306_Fill      ssd1306.o
    0x0800f388   0x0800f388   0x000000cc   Code   RO         5822    i.ssd1306_Init      ssd1306.o
    0x0800f454   0x0800f454   0x00000038   Code   RO         5826    i.ssd1306_Reset     ssd1306.o
    0x0800f48c   0x0800f48c   0x00000014   Code   RO         5827    i.ssd1306_SetContrast  ssd1306.o
    0x0800f4a0   0x0800f4a0   0x0000000c   Code   RO         5828    i.ssd1306_SetCursor  ssd1306.o
    0x0800f4ac   0x0800f4ac   0x00000028   Code   RO         5829    i.ssd1306_SetDisplayOn  ssd1306.o
    0x0800f4d4   0x0800f4d4   0x00000038   Code   RO         5830    i.ssd1306_UpdateScreen  ssd1306.o
    0x0800f50c   0x0800f50c   0x000000c4   Code   RO         5831    i.ssd1306_WriteChar  ssd1306.o
    0x0800f5d0   0x0800f5d0   0x00000038   Code   RO         5832    i.ssd1306_WriteCommand  ssd1306.o
    0x0800f608   0x0800f608   0x0000003c   Code   RO         5833    i.ssd1306_WriteData  ssd1306.o
    0x0800f644   0x0800f644   0x0000002c   Code   RO         5834    i.ssd1306_WriteString  ssd1306.o
    0x0800f670   0x0800f670   0x00000164   Code   RO          291    i.storecomparevalue  main.o
    0x0800f7d4   0x0800f7d4   0x00000144   Code   RO          292    i.system_init       main.o
    0x0800f918   0x0800f918   0x00000534   Data   RO          294    .constdata          main.o
    0x0800fe4c   0x0800fe4c   0x00000018   Data   RO         5400    .constdata          system_stm32f0xx.o
    0x0800fe64   0x0800fe64   0x00002e04   Data   RO         5973    .constdata          ssd1306_fonts.o
    0x08012c68   0x08012c68   0x00000020   Data   RO         6488    Region$$Table       anon$$obj.o


    Execution Region RW_IRAM1 (Exec base: 0x20000000, Load base: 0x08012c88, Size: 0x000022b0, Max: 0x00004000, ABSOLUTE, COMPRESSED[0x000000e4])

    Exec Addr    Load Addr    Size         Type   Attr      Idx    E Section Name        Object

    0x20000000   COMPRESSED   0x000000f6   Data   RW          295    .data               main.o
    0x200000f6   COMPRESSED   0x00000002   PAD
    0x200000f8   COMPRESSED   0x0000004e   Data   RW          876    .data               usbd_desc.o
    0x20000146   COMPRESSED   0x00000002   PAD
    0x20000148   COMPRESSED   0x00000010   Data   RW          958    .data               usbd_cdc_if.o
    0x20000158   COMPRESSED   0x00000009   Data   RW         1821    .data               stm32f0xx_hal.o
    0x20000161   COMPRESSED   0x00000003   PAD
    0x20000164   COMPRESSED   0x00000004   Data   RW         5401    .data               system_stm32f0xx.o
    0x20000168   COMPRESSED   0x00000001   Data   RW         5579    .data               usbd_ctlreq.o
    0x20000169   COMPRESSED   0x00000003   PAD
    0x2000016c   COMPRESSED   0x0000010f   Data   RW         5727    .data               usbd_cdc.o
    0x2000027b   COMPRESSED   0x00000001   PAD
    0x2000027c   COMPRESSED   0x00000008   Data   RW         5836    .data               ssd1306.o
    0x20000284   COMPRESSED   0x00000020   Data   RW         5974    .data               ssd1306_fonts.o
    0x200002a4        -       0x00000088   Zero   RW          293    .bss                main.o
    0x2000032c        -       0x00000024   Zero   RW          535    .bss                crc.o
    0x20000350        -       0x00000020   Zero   RW          573    .bss                rtc.o
    0x20000370        -       0x000000c8   Zero   RW          612    .bss                spi.o
    0x20000438        -       0x00000048   Zero   RW          655    .bss                tim.o
    0x20000480        -       0x00000084   Zero   RW          693    .bss                usart.o
    0x20000504        -       0x000002c4   Zero   RW          840    .bss                usb_device.o
    0x200007c8        -       0x00000200   Zero   RW          875    .bss                usbd_desc.o
    0x200009c8        -       0x000007d0   Zero   RW          957    .bss                usbd_cdc_if.o
    0x20001198        -       0x00000514   Zero   RW         1032    .bss                usbd_conf.o
    0x200016ac        -       0x00000400   Zero   RW         5835    .bss                ssd1306.o
    0x20001aac   COMPRESSED   0x00000004   PAD
    0x20001ab0        -       0x00000800   Zero   RW            1    STACK               startup_stm32f072xb.o


==============================================================================

Image component sizes


      Code (inc. data)   RO Data    RW Data    ZI Data      Debug   Object Name

       100         16          0          0         36       1359   crc.o
       464         34          0          0          0       1063   gpio.o
      1168        112          0          0          0     531252   m90e32.o
     28690       4118       1332        246        136      44846   main.o
       100         18          0          0         32       1375   rtc.o
       492         40          0          0        200       2194   spi.o
       944         66          0          8       1024       9406   ssd1306.o
         0          0      11780         32          0       1239   ssd1306_fonts.o
        28          8        192          0       2048        604   startup_stm32f072xb.o
       196         38          0          9          0       8325   stm32f0xx_hal.o
       230         26          0          0          0      10730   stm32f0xx_hal_cortex.o
       140          6          0          0          0       1051   stm32f0xx_hal_crc.o
       106          0          0          0          0       1143   stm32f0xx_hal_crc_ex.o
       170          0          0          0          0       1583   stm32f0xx_hal_dma.o
        52         12          0          0          0        531   stm32f0xx_hal_flash.o
       586         36          0          0          0       3903   stm32f0xx_hal_gpio.o
        64          4          0          0          0        778   stm32f0xx_hal_msp.o
      3946         62          0          0          0      13349   stm32f0xx_hal_pcd.o
       120          0          0          0          0       2259   stm32f0xx_hal_pcd_ex.o
        20          4          0          0          0        483   stm32f0xx_hal_pwr.o
      2344        100          0          0          0       5137   stm32f0xx_hal_rcc.o
       420         14          0          0          0       1484   stm32f0xx_hal_rcc_ex.o
      1190         24          0          0          0       6750   stm32f0xx_hal_rtc.o
      2942         16          0          0          0      10619   stm32f0xx_hal_spi.o
       860         38          0          0          0       5339   stm32f0xx_hal_tim.o
       144         12          0          0          0       2281   stm32f0xx_hal_tim_ex.o
      2068         50          0          0          0       9151   stm32f0xx_hal_uart.o
         2          0          0          0          0        896   stm32f0xx_hal_uart_ex.o
       120         30          0          0          0       4611   stm32f0xx_it.o
      4746         90          0          0          0      16416   stm32f0xx_ll_usb.o
         2          0         24          4          0       1039   system_stm32f0xx.o
       152         26          0          0         72       1454   tim.o
       212         18          0          0        132       1558   usart.o
        84         16          0          0        708        708   usb_device.o
      1054         28          0        271          0      11764   usbd_cdc.o
       138         16          0         16       2000       2606   usbd_cdc_if.o
       956         38          0          0       1300      13990   usbd_conf.o
      1076          0          0          0          0       9483   usbd_core.o
      2308         34          0          1          0      10252   usbd_ctlreq.o
       374        114          0         78        512       6289   usbd_desc.o
       188          0          0          0          0       4324   usbd_ioreq.o

    ----------------------------------------------------------------------
     59042       5264      13360        676       8204     763624   Object Totals
         0          0         32          0          0          0   (incl. Generated)
        46          0          0         11          4          0   (incl. Padding)

    ----------------------------------------------------------------------

      Code (inc. data)   RO Data    RW Data    ZI Data      Debug   Library Member Name

        86          0          0          0          0          0   __dczerorl2.o
         0          0          0          0          0          0   entry.o
         0          0          0          0          0          0   entry10a.o
         0          0          0          0          0          0   entry11a.o
         8          4          0          0          0          0   entry2.o
         4          0          0          0          0          0   entry5.o
         0          0          0          0          0          0   entry7b.o
         0          0          0          0          0          0   entry8b.o
         8          4          0          0          0          0   entry9a.o
        30          0          0          0          0          0   handlers.o
        40          0          0          0          0         72   idiv.o
        36          8          0          0          0         68   init.o
         0          0          0          0          0          0   iusefp.o
        32          0          0          0          0         68   llshl.o
        38          0          0          0          0         68   llsshr.o
        34          0          0          0          0         68   llushr.o
        64          0          0          0          0         68   memmovea.o
        36          0          0          0          0        100   memseta.o
      2344        100          0          0          0        616   printfa.o
        18          0          0          0          0         60   strcpy.o
        14          0          0          0          0         60   strlen.o
        44          0          0          0          0         72   uidiv.o
        96          0          0          0          0         84   uldiv.o
        40          2          0          0          0         68   cdrcmple.o
        20          0          0          0          0         68   cfrcmple.o
        56          0          0          0          0         68   d2f.o
       356          4          0          0          0        140   dadd.o
       240          6          0          0          0         84   ddiv.o
       236          0          0          0          0        216   depilogue.o
        64         10          0          0          0         68   dfixul.o
        28          4          0          0          0         68   dfltui.o
       208          6          0          0          0         88   dmul.o
        40          0          0          0          0         60   f2d.o
       124          0          0          0          0         72   fdiv.o
       130          0          0          0          0        144   fepilogue.o
        40          0          0          0          0         60   ffixui.o
        14          0          0          0          0         68   ffltui.o

    ----------------------------------------------------------------------
      4534        148          0          0          0       2676   Library Totals
         6          0          0          0          0          0   (incl. Padding)

    ----------------------------------------------------------------------

      Code (inc. data)   RO Data    RW Data    ZI Data      Debug   Library Name

      2932        116          0          0          0       1404   mc_p.l
      1596         32          0          0          0       1272   mf_p.l

    ----------------------------------------------------------------------
      4534        148          0          0          0       2676   Library Totals

    ----------------------------------------------------------------------

==============================================================================


      Code (inc. data)   RO Data    RW Data    ZI Data      Debug   

     63576       5412      13360        676       8204     754100   Grand Totals
     63576       5412      13360        228       8204     754100   ELF Image Totals (compressed)
     63576       5412      13360        228          0          0   ROM Totals

==============================================================================

    Total RO  Size (Code + RO Data)                76936 (  75.13kB)
    Total RW  Size (RW Data + ZI Data)              8880 (   8.67kB)
    Total ROM Size (Code + RO Data + RW Data)      77164 (  75.36kB)

==============================================================================

